185.39.11.105 - - [21/Jul/2020:21:25:15 +0900] "GET / HTTP/1.1" 200 4430 "-" "Mozilla/5.0 (X11; Ubuntu; Linux x86_64; rv:76.0) Gecko/20100101 Firefox/76.0"
106.102.129.119 - - [21/Jul/2020:21:25:16 +0900] "GET /index.php HTTP/1.1" 404 4293 "https://unqocn-api.hopto.org/" "Mozilla/5.0 (Windows NT 10.0; Win64; x64) AppleWebKit/537.36 (KHTML, like Gecko) Chrome/83.0.4103.116 Safari/537.36"
106.102.129.119 - - [21/Jul/2020:21:25:16 +0900] "GET /favicon.ico HTTP/1.1" 200 3494 "https://unqocn-api.hopto.org/index.php" "Mozilla/5.0 (Windows NT 10.0; Win64; x64) AppleWebKit/537.36 (KHTML, like Gecko) Chrome/83.0.4103.116 Safari/537.36"
106.102.129.119 - - [21/Jul/2020:21:25:20 +0900] "GET /index.php HTTP/1.1" 404 521 "https://unqocn-api.hopto.org/" "Mozilla/5.0 (Windows NT 10.0; Win64; x64) AppleWebKit/537.36 (KHTML, like Gecko) Chrome/83.0.4103.116 Safari/537.36"
106.102.129.119 - - [21/Jul/2020:21:25:57 +0900] "GET /index.php HTTP/1.1" 404 4293 "https://unqocn-api.hopto.org/" "Mozilla/5.0 (Windows NT 10.0; Win64; x64) AppleWebKit/537.36 (KHTML, like Gecko) Chrome/83.0.4103.116 Safari/537.36"
106.102.129.119 - - [21/Jul/2020:21:25:57 +0900] "GET /favicon.ico HTTP/1.1" 200 3494 "https://unqocn-api.hopto.org/index.php" "Mozilla/5.0 (Windows NT 10.0; Win64; x64) AppleWebKit/537.36 (KHTML, like Gecko) Chrome/83.0.4103.116 Safari/537.36"
106.102.129.119 - - [21/Jul/2020:21:25:58 +0900] "GET /index.php HTTP/1.1" 404 521 "-" "Mozilla/5.0 (Windows NT 10.0; Win64; x64) AppleWebKit/537.36 (KHTML, like Gecko) Chrome/83.0.4103.116 Safari/537.36"
106.102.129.119 - - [21/Jul/2020:21:26:17 +0900] "-" 408 3771 "-" "-"
106.102.129.119 - - [21/Jul/2020:21:27:40 +0900] "GET /index.php HTTP/1.1" 404 6272 "-" "Mozilla/5.0 (Windows NT 10.0; Win64; x64) AppleWebKit/537.36 (KHTML, like Gecko) Chrome/83.0.4103.116 Safari/537.36"
106.102.129.119 - - [21/Jul/2020:21:27:41 +0900] "GET /favicon.ico HTTP/1.1" 404 2506 "https://unqocn-api.hopto.org/index.php" "Mozilla/5.0 (Windows NT 10.0; Win64; x64) AppleWebKit/537.36 (KHTML, like Gecko) Chrome/83.0.4103.116 Safari/537.36"
106.102.129.119 - - [21/Jul/2020:21:27:53 +0900] "GET /news/today HTTP/1.1" 301 609 "http://unqocn-api.hopto.org:8000/" "Mozilla/5.0 (Windows NT 10.0; Win64; x64) AppleWebKit/537.36 (KHTML, like Gecko) Chrome/83.0.4103.116 Safari/537.36"
106.102.129.119 - - [21/Jul/2020:21:28:00 +0900] "-" 408 3771 "-" "-"
106.102.129.119 - - [21/Jul/2020:21:28:40 +0900] "GET /index.php HTTP/1.1" 404 6279 "https://unqocn-cloud.hopto.org/" "Mozilla/5.0 (Windows NT 10.0; Win64; x64) AppleWebKit/537.36 (KHTML, like Gecko) Chrome/83.0.4103.116 Safari/537.36"
106.102.129.119 - - [21/Jul/2020:21:28:40 +0900] "GET /favicon.ico HTTP/1.1" 404 2508 "https://unqocn-cloud.hopto.org/index.php" "Mozilla/5.0 (Windows NT 10.0; Win64; x64) AppleWebKit/537.36 (KHTML, like Gecko) Chrome/83.0.4103.116 Safari/537.36"
106.102.129.119 - - [21/Jul/2020:21:29:00 +0900] "-" 408 3776 "-" "-"
185.39.11.105 - - [21/Jul/2020:21:30:01 +0900] "GET / HTTP/1.1" 404 5440 "-" "Mozilla/5.0 (X11; Ubuntu; Linux x86_64; rv:76.0) Gecko/20100101 Firefox/76.0"
93.174.93.12 - - [21/Jul/2020:21:30:27 +0900] "GET / HTTP/1.1" 400 3729 "-" "-"
106.102.129.119 - - [21/Jul/2020:21:31:01 +0900] "GET /index.php/login HTTP/1.1" 404 6290 "-" "Mozilla/5.0 (Windows NT 10.0; Win64; x64) AppleWebKit/537.36 (KHTML, like Gecko) Chrome/83.0.4103.116 Safari/537.36"
106.102.129.119 - - [21/Jul/2020:21:31:04 +0900] "GET /index.php HTTP/1.1" 404 2500 "https://unqocn-api.hopto.org/" "Mozilla/5.0 (Windows NT 10.0; Win64; x64) AppleWebKit/537.36 (KHTML, like Gecko) Chrome/83.0.4103.116 Safari/537.36"
106.102.129.119 - - [21/Jul/2020:21:31:21 +0900] "-" 408 3771 "-" "-"
106.102.129.119 - - [21/Jul/2020:21:31:21 +0900] "-" 408 3771 "-" "-"
106.102.129.119 - - [21/Jul/2020:21:31:31 +0900] "GET /news/today HTTP/1.1" 301 857 "-" "Mozilla/5.0 (Windows NT 10.0; Win64; x64) AppleWebKit/537.36 (KHTML, like Gecko) Chrome/83.0.4103.116 Safari/537.36"
106.102.129.119 - - [21/Jul/2020:21:31:31 +0900] "GET /news/today/ HTTP/1.1" 200 8263 "-" "Mozilla/5.0 (Windows NT 10.0; Win64; x64) AppleWebKit/537.36 (KHTML, like Gecko) Chrome/83.0.4103.116 Safari/537.36"
106.102.129.119 - - [21/Jul/2020:21:31:31 +0900] "GET /static/rest_framework/css/bootstrap.min.css HTTP/1.1" 200 20190 "https://unqocn-api.hopto.org/news/today/" "Mozilla/5.0 (Windows NT 10.0; Win64; x64) AppleWebKit/537.36 (KHTML, like Gecko) Chrome/83.0.4103.116 Safari/537.36"
106.102.129.119 - - [21/Jul/2020:21:31:31 +0900] "GET /static/rest_framework/css/bootstrap-tweaks.css HTTP/1.1" 200 2194 "https://unqocn-api.hopto.org/news/today/" "Mozilla/5.0 (Windows NT 10.0; Win64; x64) AppleWebKit/537.36 (KHTML, like Gecko) Chrome/83.0.4103.116 Safari/537.36"
106.102.129.119 - - [21/Jul/2020:21:31:31 +0900] "-" 408 579 "-" "-"
106.102.129.119 - - [21/Jul/2020:21:31:31 +0900] "GET /static/rest_framework/css/prettify.css HTTP/1.1" 200 747 "https://unqocn-api.hopto.org/news/today/" "Mozilla/5.0 (Windows NT 10.0; Win64; x64) AppleWebKit/537.36 (KHTML, like Gecko) Chrome/83.0.4103.116 Safari/537.36"
106.102.129.119 - - [21/Jul/2020:21:31:31 +0900] "GET /static/rest_framework/css/default.css HTTP/1.1" 200 953 "https://unqocn-api.hopto.org/news/today/" "Mozilla/5.0 (Windows NT 10.0; Win64; x64) AppleWebKit/537.36 (KHTML, like Gecko) Chrome/83.0.4103.116 Safari/537.36"
106.102.129.119 - - [21/Jul/2020:21:31:31 +0900] "GET /static/rest_framework/js/jquery-3.4.1.min.js HTTP/1.1" 200 31742 "https://unqocn-api.hopto.org/news/today/" "Mozilla/5.0 (Windows NT 10.0; Win64; x64) AppleWebKit/537.36 (KHTML, like Gecko) Chrome/83.0.4103.116 Safari/537.36"
106.102.129.119 - - [21/Jul/2020:21:31:31 +0900] "GET /static/rest_framework/js/ajax-form.js HTTP/1.1" 200 5685 "https://unqocn-api.hopto.org/news/today/" "Mozilla/5.0 (Windows NT 10.0; Win64; x64) AppleWebKit/537.36 (KHTML, like Gecko) Chrome/83.0.4103.116 Safari/537.36"
106.102.129.119 - - [21/Jul/2020:21:31:31 +0900] "GET /static/rest_framework/js/csrf.js HTTP/1.1" 200 4930 "https://unqocn-api.hopto.org/news/today/" "Mozilla/5.0 (Windows NT 10.0; Win64; x64) AppleWebKit/537.36 (KHTML, like Gecko) Chrome/83.0.4103.116 Safari/537.36"
106.102.129.119 - - [21/Jul/2020:21:31:31 +0900] "GET /static/rest_framework/js/default.js HTTP/1.1" 200 942 "https://unqocn-api.hopto.org/news/today/" "Mozilla/5.0 (Windows NT 10.0; Win64; x64) AppleWebKit/537.36 (KHTML, like Gecko) Chrome/83.0.4103.116 Safari/537.36"
106.102.129.119 - - [21/Jul/2020:21:31:31 +0900] "GET /static/rest_framework/js/prettify-min.js HTTP/1.1" 200 6442 "https://unqocn-api.hopto.org/news/today/" "Mozilla/5.0 (Windows NT 10.0; Win64; x64) AppleWebKit/537.36 (KHTML, like Gecko) Chrome/83.0.4103.116 Safari/537.36"
106.102.129.119 - - [21/Jul/2020:21:31:31 +0900] "GET /static/rest_framework/js/bootstrap.min.js HTTP/1.1" 200 11960 "https://unqocn-api.hopto.org/news/today/" "Mozilla/5.0 (Windows NT 10.0; Win64; x64) AppleWebKit/537.36 (KHTML, like Gecko) Chrome/83.0.4103.116 Safari/537.36"
106.102.129.119 - - [21/Jul/2020:21:31:31 +0900] "GET /static/rest_framework/img/grid.png HTTP/1.1" 200 1765 "https://unqocn-api.hopto.org/static/rest_framework/css/bootstrap-tweaks.css" "Mozilla/5.0 (Windows NT 10.0; Win64; x64) AppleWebKit/537.36 (KHTML, like Gecko) Chrome/83.0.4103.116 Safari/537.36"
106.102.129.119 - - [21/Jul/2020:21:31:36 +0900] "-" 408 563 "-" "-"
106.102.129.119 - - [21/Jul/2020:21:33:27 +0900] "GET /news/today HTTP/1.1" 301 4144 "https://unqocn.hopto.org/" "Mozilla/5.0 (Windows NT 10.0; Win64; x64) AppleWebKit/537.36 (KHTML, like Gecko) Chrome/83.0.4103.116 Safari/537.36"
106.102.129.119 - - [21/Jul/2020:21:33:28 +0900] "GET /news/today/ HTTP/1.1" 200 13984 "https://unqocn.hopto.org/" "Mozilla/5.0 (Windows NT 10.0; Win64; x64) AppleWebKit/537.36 (KHTML, like Gecko) Chrome/83.0.4103.116 Safari/537.36"
106.102.129.119 - - [21/Jul/2020:21:33:35 +0900] "GET /index.php HTTP/1.1" 404 3080 "https://unqocn-api.hopto.org/" "Mozilla/5.0 (Windows NT 10.0; Win64; x64) AppleWebKit/537.36 (KHTML, like Gecko) Chrome/83.0.4103.116 Safari/537.36"
106.102.129.119 - - [21/Jul/2020:21:33:55 +0900] "-" 408 579 "-" "-"
106.102.129.119 - - [21/Jul/2020:21:34:00 +0900] "-" 408 579 "-" "-"
117.111.26.157 - - [21/Jul/2020:21:35:45 +0900] "GET /news/today HTTP/1.1" 301 4144 "https://unqocn.hopto.org/" "Mozilla/5.0 (Linux; Android 10; SM-G970N) AppleWebKit/537.36 (KHTML, like Gecko) Chrome/84.0.4147.89 Mobile Safari/537.36"
117.111.26.157 - - [21/Jul/2020:21:35:45 +0900] "GET /news/today/ HTTP/1.1" 200 13984 "https://unqocn.hopto.org/" "Mozilla/5.0 (Linux; Android 10; SM-G970N) AppleWebKit/537.36 (KHTML, like Gecko) Chrome/84.0.4147.89 Mobile Safari/537.36"
117.111.26.157 - - [21/Jul/2020:21:36:00 +0900] "GET /news/today HTTP/1.1" 301 956 "http://unqocn.hopto.org:8000/" "Mozilla/5.0 (Linux; Android 10; SM-G970N) AppleWebKit/537.36 (KHTML, like Gecko) Chrome/84.0.4147.89 Mobile Safari/537.36"
117.111.26.157 - - [21/Jul/2020:21:36:00 +0900] "GET /news/today/ HTTP/1.1" 200 13988 "http://unqocn.hopto.org:8000/" "Mozilla/5.0 (Linux; Android 10; SM-G970N) AppleWebKit/537.36 (KHTML, like Gecko) Chrome/84.0.4147.89 Mobile Safari/537.36"
117.111.26.157 - - [21/Jul/2020:21:36:05 +0900] "-" 408 563 "-" "-"
106.102.129.119 - - [21/Jul/2020:21:46:20 +0900] "GET / HTTP/1.1" 404 2412 "-" "Mozilla/5.0 (Windows NT 10.0; Win64; x64) AppleWebKit/537.36 (KHTML, like Gecko) Chrome/83.0.4103.116 Safari/537.36"
106.102.129.119 - - [21/Jul/2020:21:46:20 +0900] "GET /favicon.ico HTTP/1.1" 404 2462 "http://unqocn.hopto.org:8000/" "Mozilla/5.0 (Windows NT 10.0; Win64; x64) AppleWebKit/537.36 (KHTML, like Gecko) Chrome/83.0.4103.116 Safari/537.36"
117.111.26.157 - - [21/Jul/2020:21:46:35 +0900] "GET /news/today/ HTTP/1.1" 200 13824 "-" "Mozilla/5.0 (Windows NT 10.0; Win64; x64) AppleWebKit/537.36 (KHTML, like Gecko) Chrome/79.0.3945.130 Safari/537.36"
106.102.129.119 - - [21/Jul/2020:21:46:40 +0900] "-" 408 3733 "-" "-"
106.102.129.119 - - [21/Jul/2020:21:46:45 +0900] "GET /news/today/ HTTP/1.1" 200 17756 "https://unqocn.hopto.org/" "Mozilla/5.0 (Windows NT 10.0; Win64; x64) AppleWebKit/537.36 (KHTML, like Gecko) Chrome/83.0.4103.116 Safari/537.36"
106.102.129.119 - - [21/Jul/2020:21:47:06 +0900] "-" 408 563 "-" "-"
106.102.129.119 - - [21/Jul/2020:21:47:12 +0900] "-" 408 0 "-" "-"
::1 - - [21/Jul/2020:21:47:14 +0900] "OPTIONS * HTTP/1.0" 200 126 "-" "Apache/2.4.41 (Ubuntu) OpenSSL/1.1.1g mod_wsgi/4.6.8 Python/3.8 (internal dummy connection)"
106.102.129.119 - - [21/Jul/2020:21:49:31 +0900] "-" 408 3776 "-" "-"
93.174.93.139 - - [21/Jul/2020:21:54:39 +0900] "GET / HTTP/1.1" 404 5435 "-" "Mozilla/5.0 (X11; Ubuntu; Linux x86_64; rv:76.0) Gecko/20100101 Firefox/76.0"
106.102.129.119 - - [21/Jul/2020:22:03:11 +0900] "GET /news/today/ HTTP/1.1" 200 17756 "https://unqocn.hopto.org/" "Mozilla/5.0 (Windows NT 10.0; Win64; x64) AppleWebKit/537.36 (KHTML, like Gecko) Chrome/83.0.4103.116 Safari/537.36"
106.102.129.119 - - [21/Jul/2020:22:03:29 +0900] "GET /index.php HTTP/1.1" 404 6272 "https://unqocn-api.hopto.org/" "Mozilla/5.0 (Windows NT 10.0; Win64; x64) AppleWebKit/537.36 (KHTML, like Gecko) Chrome/83.0.4103.116 Safari/537.36"
106.102.129.119 - - [21/Jul/2020:22:03:30 +0900] "-" 408 563 "-" "-"
106.102.129.119 - - [21/Jul/2020:22:03:37 +0900] "-" 408 579 "-" "-"
106.102.129.119 - - [21/Jul/2020:22:03:45 +0900] "GET /news HTTP/1.1" 301 4043 "-" "Mozilla/5.0 (Windows NT 10.0; Win64; x64) AppleWebKit/537.36 (KHTML, like Gecko) Chrome/83.0.4103.116 Safari/537.36"
106.102.129.119 - - [21/Jul/2020:22:03:45 +0900] "GET /news/ HTTP/1.1" 200 18972 "-" "Mozilla/5.0 (Windows NT 10.0; Win64; x64) AppleWebKit/537.36 (KHTML, like Gecko) Chrome/83.0.4103.116 Safari/537.36"
106.102.129.119 - - [21/Jul/2020:22:04:05 +0900] "-" 408 579 "-" "-"
93.158.66.48 - - [21/Jul/2020:22:08:42 +0900] "GET /.git/HEAD HTTP/1.0" 301 570 "-" "-"
93.158.66.48 - - [21/Jul/2020:22:08:43 +0900] "GET /.git/HEAD HTTP/1.0" 404 5703 "-" "-"
93.158.66.48 - - [21/Jul/2020:22:08:44 +0900] "GET /.git/HEAD HTTP/1.0" 404 5703 "-" "-"
93.158.66.43 - - [21/Jul/2020:22:08:45 +0900] "GET /.git/HEAD HTTP/1.0" 301 570 "-" "-"
93.158.66.43 - - [21/Jul/2020:22:08:46 +0900] "GET /.git/HEAD HTTP/1.0" 404 5703 "-" "-"
93.158.66.45 - - [21/Jul/2020:22:08:47 +0900] "GET /.git/HEAD HTTP/1.0" 301 570 "-" "-"
93.158.66.43 - - [21/Jul/2020:22:08:48 +0900] "GET /.git/HEAD HTTP/1.0" 404 5703 "-" "-"
93.158.66.45 - - [21/Jul/2020:22:08:48 +0900] "GET /.git/HEAD HTTP/1.0" 404 5703 "-" "-"
93.158.66.45 - - [21/Jul/2020:22:08:50 +0900] "GET /.git/HEAD HTTP/1.0" 404 5703 "-" "-"
93.158.66.49 - - [21/Jul/2020:22:15:14 +0900] "GET /.git/HEAD HTTP/1.0" 301 570 "-" "-"
93.158.66.49 - - [21/Jul/2020:22:15:15 +0900] "GET /.git/HEAD HTTP/1.0" 404 5703 "-" "-"
93.158.66.49 - - [21/Jul/2020:22:15:16 +0900] "GET /.git/HEAD HTTP/1.0" 404 5703 "-" "-"
93.158.66.43 - - [21/Jul/2020:22:16:18 +0900] "GET /.git/HEAD HTTP/1.0" 301 570 "-" "-"
93.158.66.43 - - [21/Jul/2020:22:16:20 +0900] "GET /.git/HEAD HTTP/1.0" 404 5703 "-" "-"
93.158.66.43 - - [21/Jul/2020:22:16:21 +0900] "GET /.git/HEAD HTTP/1.0" 404 5703 "-" "-"
62.173.138.154 - - [21/Jul/2020:22:30:38 +0900] "GET / HTTP/1.1" 404 5543 "-" "-"
117.111.26.157 - - [21/Jul/2020:22:50:23 +0900] "-" 408 0 "-" "-"
117.111.26.157 - - [21/Jul/2020:22:50:23 +0900] "-" 408 0 "-" "-"
185.39.11.105 - - [21/Jul/2020:22:52:20 +0900] "GET / HTTP/1.1" 404 5435 "-" "Mozilla/5.0 (X11; Ubuntu; Linux x86_64; rv:76.0) Gecko/20100101 Firefox/76.0"
::1 - - [21/Jul/2020:22:56:55 +0900] "OPTIONS * HTTP/1.0" 200 126 "-" "Apache/2.4.41 (Ubuntu) OpenSSL/1.1.1g mod_wsgi/4.6.8 Python/3.8 (internal dummy connection)"
::1 - - [21/Jul/2020:22:56:56 +0900] "OPTIONS * HTTP/1.0" 200 126 "-" "Apache/2.4.41 (Ubuntu) OpenSSL/1.1.1g mod_wsgi/4.6.8 Python/3.8 (internal dummy connection)"
::1 - - [21/Jul/2020:22:56:57 +0900] "OPTIONS * HTTP/1.0" 200 126 "-" "Apache/2.4.41 (Ubuntu) OpenSSL/1.1.1g mod_wsgi/4.6.8 Python/3.8 (internal dummy connection)"
117.111.28.16 - - [21/Jul/2020:22:59:49 +0900] "GET /news/today HTTP/1.1" 301 4144 "https://unqocn.hopto.org/" "Mozilla/5.0 (Linux; Android 10; SM-G970N) AppleWebKit/537.36 (KHTML, like Gecko) Chrome/84.0.4147.89 Mobile Safari/537.36"
117.111.28.16 - - [21/Jul/2020:22:59:49 +0900] "GET /news/today/ HTTP/1.1" 200 13984 "https://unqocn.hopto.org/" "Mozilla/5.0 (Linux; Android 10; SM-G970N) AppleWebKit/537.36 (KHTML, like Gecko) Chrome/84.0.4147.89 Mobile Safari/537.36"
117.111.28.16 - - [21/Jul/2020:22:59:52 +0900] "GET /news/today/ HTTP/1.1" 200 13984 "https://unqocn.hopto.org/" "Mozilla/5.0 (Linux; Android 10; SM-G970N) AppleWebKit/537.36 (KHTML, like Gecko) Chrome/84.0.4147.89 Mobile Safari/537.36"
::1 - - [21/Jul/2020:22:59:58 +0900] "OPTIONS * HTTP/1.0" 200 126 "-" "Apache/2.4.41 (Ubuntu) OpenSSL/1.1.1g mod_wsgi/4.6.8 Python/3.8 (internal dummy connection)"
::1 - - [21/Jul/2020:22:59:59 +0900] "OPTIONS * HTTP/1.0" 200 126 "-" "Apache/2.4.41 (Ubuntu) OpenSSL/1.1.1g mod_wsgi/4.6.8 Python/3.8 (internal dummy connection)"
117.111.28.16 - - [21/Jul/2020:23:00:08 +0900] "-" 408 563 "-" "-"
::1 - - [21/Jul/2020:23:00:45 +0900] "OPTIONS * HTTP/1.0" 200 126 "-" "Apache/2.4.41 (Ubuntu) OpenSSL/1.1.1g mod_wsgi/4.6.8 Python/3.8 (internal dummy connection)"
::1 - - [21/Jul/2020:23:02:12 +0900] "OPTIONS * HTTP/1.0" 200 126 "-" "Apache/2.4.41 (Ubuntu) OpenSSL/1.1.1g mod_wsgi/4.6.8 Python/3.8 (internal dummy connection)"
::1 - - [21/Jul/2020:23:02:19 +0900] "OPTIONS * HTTP/1.0" 200 126 "-" "Apache/2.4.41 (Ubuntu) OpenSSL/1.1.1g mod_wsgi/4.6.8 Python/3.8 (internal dummy connection)"
117.111.28.16 - - [21/Jul/2020:23:03:30 +0900] "GET / HTTP/1.1" 301 589 "-" "Mozilla/5.0 (Linux; Android 10; SM-G970N) AppleWebKit/537.36 (KHTML, like Gecko) Chrome/84.0.4147.89 Mobile Safari/537.36"
117.111.28.16 - - [21/Jul/2020:23:03:30 +0900] "GET / HTTP/1.1" 404 6227 "-" "Mozilla/5.0 (Linux; Android 10; SM-G970N) AppleWebKit/537.36 (KHTML, like Gecko) Chrome/84.0.4147.89 Mobile Safari/537.36"
::1 - - [21/Jul/2020:23:03:31 +0900] "OPTIONS * HTTP/1.0" 200 126 "-" "Apache/2.4.41 (Ubuntu) OpenSSL/1.1.1g mod_wsgi/4.6.8 Python/3.8 (internal dummy connection)"
117.111.28.16 - - [21/Jul/2020:23:03:31 +0900] "GET /favicon.ico HTTP/1.1" 404 2506 "https://unqocn-api.hopto.org/" "Mozilla/5.0 (Linux; Android 10; SM-G970N) AppleWebKit/537.36 (KHTML, like Gecko) Chrome/84.0.4147.89 Mobile Safari/537.36"
::1 - - [21/Jul/2020:23:03:32 +0900] "OPTIONS * HTTP/1.0" 200 126 "-" "Apache/2.4.41 (Ubuntu) OpenSSL/1.1.1g mod_wsgi/4.6.8 Python/3.8 (internal dummy connection)"
117.111.28.16 - - [21/Jul/2020:23:03:34 +0900] "-" 408 3733 "-" "-"
117.111.28.16 - - [21/Jul/2020:23:03:34 +0900] "-" 408 3733 "-" "-"
::1 - - [21/Jul/2020:23:03:35 +0900] "OPTIONS * HTTP/1.0" 200 126 "-" "Apache/2.4.41 (Ubuntu) OpenSSL/1.1.1g mod_wsgi/4.6.8 Python/3.8 (internal dummy connection)"
::1 - - [21/Jul/2020:23:03:36 +0900] "OPTIONS * HTTP/1.0" 200 126 "-" "Apache/2.4.41 (Ubuntu) OpenSSL/1.1.1g mod_wsgi/4.6.8 Python/3.8 (internal dummy connection)"
::1 - - [21/Jul/2020:23:03:37 +0900] "OPTIONS * HTTP/1.0" 200 126 "-" "Apache/2.4.41 (Ubuntu) OpenSSL/1.1.1g mod_wsgi/4.6.8 Python/3.8 (internal dummy connection)"
::1 - - [21/Jul/2020:23:03:38 +0900] "OPTIONS * HTTP/1.0" 200 126 "-" "Apache/2.4.41 (Ubuntu) OpenSSL/1.1.1g mod_wsgi/4.6.8 Python/3.8 (internal dummy connection)"
117.111.28.16 - - [21/Jul/2020:23:03:51 +0900] "-" 408 579 "-" "-"
::1 - - [21/Jul/2020:23:04:33 +0900] "OPTIONS * HTTP/1.0" 200 126 "-" "Apache/2.4.41 (Ubuntu) OpenSSL/1.1.1g mod_wsgi/4.6.8 Python/3.8 (internal dummy connection)"
117.111.28.16 - - [21/Jul/2020:23:08:37 +0900] "GET /news/today/ HTTP/1.1" 200 17756 "https://unqocn.hopto.org/" "Mozilla/5.0 (Linux; Android 10; SM-G970N) AppleWebKit/537.36 (KHTML, like Gecko) Chrome/84.0.4147.89 Mobile Safari/537.36"
117.111.28.16 - - [21/Jul/2020:23:08:52 +0900] "-" 408 3771 "-" "-"
117.111.28.16 - - [21/Jul/2020:23:08:52 +0900] "-" 408 3771 "-" "-"
::1 - - [21/Jul/2020:23:08:52 +0900] "OPTIONS * HTTP/1.0" 200 126 "-" "Apache/2.4.41 (Ubuntu) OpenSSL/1.1.1g mod_wsgi/4.6.8 Python/3.8 (internal dummy connection)"
::1 - - [21/Jul/2020:23:08:53 +0900] "OPTIONS * HTTP/1.0" 200 126 "-" "Apache/2.4.41 (Ubuntu) OpenSSL/1.1.1g mod_wsgi/4.6.8 Python/3.8 (internal dummy connection)"
117.111.28.16 - - [21/Jul/2020:23:08:57 +0900] "-" 408 563 "-" "-"
::1 - - [21/Jul/2020:23:08:57 +0900] "OPTIONS * HTTP/1.0" 200 126 "-" "Apache/2.4.41 (Ubuntu) OpenSSL/1.1.1g mod_wsgi/4.6.8 Python/3.8 (internal dummy connection)"
117.111.28.16 - - [21/Jul/2020:23:12:31 +0900] "GET /news/today/ HTTP/1.1" 200 17756 "https://unqocn.hopto.org/" "Mozilla/5.0 (Linux; Android 10; SM-G970N) AppleWebKit/537.36 (KHTML, like Gecko) Chrome/84.0.4147.89 Mobile Safari/537.36"
117.111.28.16 - - [21/Jul/2020:23:12:33 +0900] "GET /news/today/ HTTP/1.1" 200 13984 "https://unqocn.hopto.org/" "Mozilla/5.0 (Linux; Android 10; SM-G970N) AppleWebKit/537.36 (KHTML, like Gecko) Chrome/84.0.4147.89 Mobile Safari/537.36"
117.111.28.16 - - [21/Jul/2020:23:12:35 +0900] "GET /news/today/ HTTP/1.1" 200 13984 "https://unqocn.hopto.org/" "Mozilla/5.0 (Linux; Android 10; SM-G970N) AppleWebKit/537.36 (KHTML, like Gecko) Chrome/84.0.4147.89 Mobile Safari/537.36"
117.111.28.16 - - [21/Jul/2020:23:12:52 +0900] "GET /news/today/ HTTP/1.1" 200 17756 "https://unqocn.hopto.org/" "Mozilla/5.0 (Linux; Android 10; SM-G970N) AppleWebKit/537.36 (KHTML, like Gecko) Chrome/84.0.4147.89 Mobile Safari/537.36"
117.111.28.16 - - [21/Jul/2020:23:13:01 +0900] "GET /news/today/ HTTP/1.1" 200 14564 "https://unqocn.hopto.org/" "Mozilla/5.0 (Linux; Android 10; SM-G970N) AppleWebKit/537.36 (KHTML, like Gecko) Chrome/84.0.4147.89 Mobile Safari/537.36"
117.111.28.16 - - [21/Jul/2020:23:13:21 +0900] "-" 408 563 "-" "-"
117.111.28.16 - - [21/Jul/2020:23:14:21 +0900] "-" 408 563 "-" "-"
117.111.28.16 - - [21/Jul/2020:23:14:21 +0900] "-" 408 563 "-" "-"
117.111.28.16 - - [21/Jul/2020:23:15:21 +0900] "-" 408 563 "-" "-"
117.111.28.16 - - [21/Jul/2020:23:15:21 +0900] "-" 408 563 "-" "-"
18.224.20.83 - - [21/Jul/2020:23:16:01 +0900] "GET /.well-known/acme-challenge/iExhQ9YI7XpqePsHXcIoCaT2c2inyCBBPEJuvGRKmo0 HTTP/1.1" 200 308 "-" "Mozilla/5.0 (compatible; Let's Encrypt validation server; +https://www.letsencrypt.org)"
34.211.60.134 - - [21/Jul/2020:23:16:01 +0900] "GET /.well-known/acme-challenge/iExhQ9YI7XpqePsHXcIoCaT2c2inyCBBPEJuvGRKmo0 HTTP/1.1" 200 308 "-" "Mozilla/5.0 (compatible; Let's Encrypt validation server; +https://www.letsencrypt.org)"
52.58.118.98 - - [21/Jul/2020:23:16:01 +0900] "GET /.well-known/acme-challenge/iExhQ9YI7XpqePsHXcIoCaT2c2inyCBBPEJuvGRKmo0 HTTP/1.1" 200 308 "-" "Mozilla/5.0 (compatible; Let's Encrypt validation server; +https://www.letsencrypt.org)"
66.133.109.36 - - [21/Jul/2020:23:16:02 +0900] "GET /.well-known/acme-challenge/iExhQ9YI7XpqePsHXcIoCaT2c2inyCBBPEJuvGRKmo0 HTTP/1.1" 200 308 "-" "Mozilla/5.0 (compatible; Let's Encrypt validation server; +https://www.letsencrypt.org)"
117.111.28.16 - - [21/Jul/2020:23:16:44 +0900] "-" 408 3733 "-" "-"
117.111.28.16 - - [21/Jul/2020:23:16:44 +0900] "-" 408 3733 "-" "-"
67.205.165.53 - - [21/Jul/2020:23:17:15 +0900] "GET / HTTP/1.1" 404 6171 "-" "Go-http-client/1.1"
67.205.165.53 - - [21/Jul/2020:23:17:16 +0900] "GET / HTTP/1.1" 404 2400 "-" "Go-http-client/1.1"
117.111.28.16 - - [21/Jul/2020:23:17:21 +0900] "-" 408 3733 "-" "-"
117.111.28.16 - - [21/Jul/2020:23:17:21 +0900] "-" 408 3733 "-" "-"
117.111.28.16 - - [21/Jul/2020:23:40:25 +0900] "-" 408 3733 "-" "-"
117.111.28.16 - - [21/Jul/2020:23:40:25 +0900] "-" 408 3733 "-" "-"
185.39.11.105 - - [22/Jul/2020:00:01:51 +0900] "GET / HTTP/1.1" 404 5435 "-" "Mozilla/5.0 (X11; Ubuntu; Linux x86_64; rv:76.0) Gecko/20100101 Firefox/76.0"
185.39.11.105 - - [22/Jul/2020:00:10:55 +0900] "GET / HTTP/1.1" 404 5435 "-" "Mozilla/5.0 (X11; Ubuntu; Linux x86_64; rv:76.0) Gecko/20100101 Firefox/76.0"
::1 - - [22/Jul/2020:00:14:41 +0900] "OPTIONS * HTTP/1.0" 200 126 "-" "Apache/2.4.41 (Ubuntu) OpenSSL/1.1.1g mod_wsgi/4.6.8 Python/3.8 (internal dummy connection)"
::1 - - [22/Jul/2020:00:54:51 +0900] "OPTIONS * HTTP/1.0" 200 126 "-" "Apache/2.4.41 (Ubuntu) OpenSSL/1.1.1g mod_wsgi/4.6.8 Python/3.8 (internal dummy connection)"
::1 - - [22/Jul/2020:00:56:05 +0900] "OPTIONS * HTTP/1.0" 200 126 "-" "Apache/2.4.41 (Ubuntu) OpenSSL/1.1.1g mod_wsgi/4.6.8 Python/3.8 (internal dummy connection)"
80.82.70.187 - - [22/Jul/2020:00:59:00 +0900] "GET http://www.baidu.com/cache/global/img/gs.gif HTTP/1.1" 404 2435 "-" "Mozilla"
211.176.125.70 - - [22/Jul/2020:01:14:57 +0900] "GET / HTTP/1.0" 301 552 "-" "Mozilla/5.0 (compatible; MSIE 10.0; Windows NT 6.2; Trident/6.0)"
::1 - - [22/Jul/2020:01:15:22 +0900] "OPTIONS * HTTP/1.0" 200 126 "-" "Apache/2.4.41 (Ubuntu) OpenSSL/1.1.1g mod_wsgi/4.6.8 Python/3.8 (internal dummy connection)"
::1 - - [22/Jul/2020:01:25:11 +0900] "OPTIONS * HTTP/1.0" 200 126 "-" "Apache/2.4.41 (Ubuntu) OpenSSL/1.1.1g mod_wsgi/4.6.8 Python/3.8 (internal dummy connection)"
181.214.2.139 - - [22/Jul/2020:01:42:51 +0900] "GET /news/today HTTP/1.1" 301 4144 "https://unqocn.hopto.org/" "Mozilla/5.0 (iPhone; CPU iPhone OS 13_1 like Mac OS X) AppleWebKit/605.1.15 (KHTML, like Gecko) Version/13.0.1 Mobile/15E148 Safari/604.1"
181.214.2.139 - - [22/Jul/2020:01:42:52 +0900] "GET /news/today/ HTTP/1.1" 200 430 "https://unqocn.hopto.org/" "Mozilla/5.0 (iPhone; CPU iPhone OS 13_1 like Mac OS X) AppleWebKit/605.1.15 (KHTML, like Gecko) Version/13.0.1 Mobile/15E148 Safari/604.1"
117.111.26.16 - - [22/Jul/2020:01:45:28 +0900] "-" 408 579 "-" "-"
117.111.26.16 - - [22/Jul/2020:01:45:28 +0900] "-" 408 579 "-" "-"
::1 - - [22/Jul/2020:01:45:29 +0900] "OPTIONS * HTTP/1.0" 200 126 "-" "Apache/2.4.41 (Ubuntu) OpenSSL/1.1.1g mod_wsgi/4.6.8 Python/3.8 (internal dummy connection)"
::1 - - [22/Jul/2020:01:45:30 +0900] "OPTIONS * HTTP/1.0" 200 126 "-" "Apache/2.4.41 (Ubuntu) OpenSSL/1.1.1g mod_wsgi/4.6.8 Python/3.8 (internal dummy connection)"
::1 - - [22/Jul/2020:01:51:29 +0900] "OPTIONS * HTTP/1.0" 200 126 "-" "Apache/2.4.41 (Ubuntu) OpenSSL/1.1.1g mod_wsgi/4.6.8 Python/3.8 (internal dummy connection)"
117.111.26.16 - - [22/Jul/2020:02:36:23 +0900] "-" 408 3776 "-" "-"
193.118.53.210 - - [22/Jul/2020:03:32:23 +0900] "GET / HTTP/1.1" 404 5469 "-" "Mozilla/5.0 (Windows NT 10.0; Win64; x64) AppleWebKit/537.36 (KHTML, like Gecko) Chrome/60.0.3112.113 Safari/537.36"
93.174.93.139 - - [22/Jul/2020:04:01:49 +0900] "GET / HTTP/1.1" 404 5435 "-" "Mozilla/5.0 (X11; Ubuntu; Linux x86_64; rv:76.0) Gecko/20100101 Firefox/76.0"
::1 - - [22/Jul/2020:04:33:06 +0900] "OPTIONS * HTTP/1.0" 200 126 "-" "Apache/2.4.41 (Ubuntu) OpenSSL/1.1.1g mod_wsgi/4.6.8 Python/3.8 (internal dummy connection)"
191.101.213.215 - - [22/Jul/2020:04:34:31 +0900] "GET /news/today HTTP/1.1" 301 4144 "https://unqocn.hopto.org/" "Mozilla/5.0 (iPhone; CPU iPhone OS 13_1 like Mac OS X) AppleWebKit/605.1.15 (KHTML, like Gecko) Version/13.0.1 Mobile/15E148 Safari/604.1"
191.101.213.215 - - [22/Jul/2020:04:34:31 +0900] "GET /news/today/ HTTP/1.1" 200 430 "https://unqocn.hopto.org/" "Mozilla/5.0 (iPhone; CPU iPhone OS 13_1 like Mac OS X) AppleWebKit/605.1.15 (KHTML, like Gecko) Version/13.0.1 Mobile/15E148 Safari/604.1"
::1 - - [22/Jul/2020:04:34:39 +0900] "OPTIONS * HTTP/1.0" 200 126 "-" "Apache/2.4.41 (Ubuntu) OpenSSL/1.1.1g mod_wsgi/4.6.8 Python/3.8 (internal dummy connection)"
::1 - - [22/Jul/2020:04:34:40 +0900] "OPTIONS * HTTP/1.0" 200 126 "-" "Apache/2.4.41 (Ubuntu) OpenSSL/1.1.1g mod_wsgi/4.6.8 Python/3.8 (internal dummy connection)"
::1 - - [22/Jul/2020:04:34:41 +0900] "OPTIONS * HTTP/1.0" 200 126 "-" "Apache/2.4.41 (Ubuntu) OpenSSL/1.1.1g mod_wsgi/4.6.8 Python/3.8 (internal dummy connection)"
::1 - - [22/Jul/2020:04:34:42 +0900] "OPTIONS * HTTP/1.0" 200 126 "-" "Apache/2.4.41 (Ubuntu) OpenSSL/1.1.1g mod_wsgi/4.6.8 Python/3.8 (internal dummy connection)"
::1 - - [22/Jul/2020:04:34:43 +0900] "OPTIONS * HTTP/1.0" 200 126 "-" "Apache/2.4.41 (Ubuntu) OpenSSL/1.1.1g mod_wsgi/4.6.8 Python/3.8 (internal dummy connection)"
::1 - - [22/Jul/2020:04:34:44 +0900] "OPTIONS * HTTP/1.0" 200 126 "-" "Apache/2.4.41 (Ubuntu) OpenSSL/1.1.1g mod_wsgi/4.6.8 Python/3.8 (internal dummy connection)"
::1 - - [22/Jul/2020:04:34:45 +0900] "OPTIONS * HTTP/1.0" 200 126 "-" "Apache/2.4.41 (Ubuntu) OpenSSL/1.1.1g mod_wsgi/4.6.8 Python/3.8 (internal dummy connection)"
185.39.11.105 - - [22/Jul/2020:05:27:15 +0900] "GET / HTTP/1.1" 404 5435 "-" "Mozilla/5.0 (X11; Ubuntu; Linux x86_64; rv:76.0) Gecko/20100101 Firefox/76.0"
162.243.128.91 - - [22/Jul/2020:05:47:31 +0900] "GET /login HTTP/1.1" 404 5502 "-" "Mozilla/5.0 zgrab/0.x"
185.39.11.105 - - [22/Jul/2020:07:04:53 +0900] "GET / HTTP/1.1" 404 5435 "-" "Mozilla/5.0 (X11; Ubuntu; Linux x86_64; rv:76.0) Gecko/20100101 Firefox/76.0"
192.35.168.204 - - [22/Jul/2020:08:05:44 +0900] "GET / HTTP/1.1" 404 5473 "-" "-"
192.35.168.204 - - [22/Jul/2020:08:05:45 +0900] "GET / HTTP/1.1" 404 5648 "-" "Mozilla/5.0 zgrab/0.x"
92.118.161.33 - - [22/Jul/2020:08:28:16 +0900] "GET / HTTP/1.1" 404 5473 "-" "NetSystemsResearch studies the availability of various services across the internet. Our website is netsystemsresearch.com"
::1 - - [22/Jul/2020:08:33:27 +0900] "OPTIONS * HTTP/1.0" 200 126 "-" "Apache/2.4.41 (Ubuntu) OpenSSL/1.1.1g mod_wsgi/4.6.8 Python/3.8 (internal dummy connection)"
::1 - - [22/Jul/2020:08:37:02 +0900] "OPTIONS * HTTP/1.0" 200 126 "-" "Apache/2.4.41 (Ubuntu) OpenSSL/1.1.1g mod_wsgi/4.6.8 Python/3.8 (internal dummy connection)"
117.111.26.16 - - [22/Jul/2020:09:40:58 +0900] "GET /news/today/ HTTP/1.1" 200 14310 "-" "Mozilla/5.0 (Windows NT 10.0; Win64; x64) AppleWebKit/537.36 (KHTML, like Gecko) Chrome/79.0.3945.130 Safari/537.36"
::1 - - [22/Jul/2020:09:48:27 +0900] "OPTIONS * HTTP/1.0" 200 126 "-" "Apache/2.4.41 (Ubuntu) OpenSSL/1.1.1g mod_wsgi/4.6.8 Python/3.8 (internal dummy connection)"
117.111.26.16 - - [22/Jul/2020:09:48:50 +0900] "-" 408 579 "-" "-"
::1 - - [22/Jul/2020:09:48:52 +0900] "OPTIONS * HTTP/1.0" 200 126 "-" "Apache/2.4.41 (Ubuntu) OpenSSL/1.1.1g mod_wsgi/4.6.8 Python/3.8 (internal dummy connection)"
117.111.26.16 - - [22/Jul/2020:09:51:17 +0900] "-" 408 3776 "-" "-"
192.168.219.105 - - [22/Jul/2020:10:23:02 +0900] "GET /etc/intro.asp HTTP/1.1" 301 615 "-" "Mozilla/5.0 (Windows NT 10.0; Win64; x64) AppleWebKit/537.36 (KHTML, like Gecko) Chrome/83.0.4103.116 Safari/537.36"
192.168.219.105 - - [22/Jul/2020:10:23:02 +0900] "GET /etc/intro.asp HTTP/1.1" 404 6284 "-" "Mozilla/5.0 (Windows NT 10.0; Win64; x64) AppleWebKit/537.36 (KHTML, like Gecko) Chrome/83.0.4103.116 Safari/537.36"
192.168.219.105 - - [22/Jul/2020:10:23:03 +0900] "GET /favicon.ico HTTP/1.1" 404 2506 "https://unqocn-api.hopto.org/etc/intro.asp" "Mozilla/5.0 (Windows NT 10.0; Win64; x64) AppleWebKit/537.36 (KHTML, like Gecko) Chrome/83.0.4103.116 Safari/537.36"
192.168.219.105 - - [22/Jul/2020:10:23:05 +0900] "GET / HTTP/1.1" 404 2455 "-" "Mozilla/5.0 (Windows NT 10.0; Win64; x64) AppleWebKit/537.36 (KHTML, like Gecko) Chrome/83.0.4103.116 Safari/537.36"
::1 - - [22/Jul/2020:10:23:10 +0900] "OPTIONS * HTTP/1.0" 200 126 "-" "Apache/2.4.41 (Ubuntu) OpenSSL/1.1.1g mod_wsgi/4.6.8 Python/3.8 (internal dummy connection)"
192.168.219.105 - - [22/Jul/2020:10:23:11 +0900] "GET / HTTP/1.1" 404 2411 "-" "Mozilla/5.0 (Windows NT 10.0; Win64; x64) AppleWebKit/537.36 (KHTML, like Gecko) Chrome/83.0.4103.116 Safari/537.36"
192.168.219.105 - - [22/Jul/2020:10:23:12 +0900] "GET /favicon.ico HTTP/1.1" 404 2461 "http://192.168.219.123:8000/" "Mozilla/5.0 (Windows NT 10.0; Win64; x64) AppleWebKit/537.36 (KHTML, like Gecko) Chrome/83.0.4103.116 Safari/537.36"
::1 - - [22/Jul/2020:10:23:19 +0900] "OPTIONS * HTTP/1.0" 200 126 "-" "Apache/2.4.41 (Ubuntu) OpenSSL/1.1.1g mod_wsgi/4.6.8 Python/3.8 (internal dummy connection)"
192.168.219.105 - - [22/Jul/2020:10:23:25 +0900] "-" 408 579 "-" "-"
::1 - - [22/Jul/2020:10:23:27 +0900] "OPTIONS * HTTP/1.0" 200 126 "-" "Apache/2.4.41 (Ubuntu) OpenSSL/1.1.1g mod_wsgi/4.6.8 Python/3.8 (internal dummy connection)"
192.168.219.105 - - [22/Jul/2020:10:23:28 +0900] "GET /news/today HTTP/1.1" 301 4144 "https://unqocn.hopto.org/" "Mozilla/5.0 (Windows NT 10.0; Win64; x64) AppleWebKit/537.36 (KHTML, like Gecko) Chrome/83.0.4103.116 Safari/537.36"
192.168.219.105 - - [22/Jul/2020:10:23:28 +0900] "GET /news/today/ HTTP/1.1" 200 14470 "https://unqocn.hopto.org/" "Mozilla/5.0 (Windows NT 10.0; Win64; x64) AppleWebKit/537.36 (KHTML, like Gecko) Chrome/83.0.4103.116 Safari/537.36"
192.168.219.105 - - [22/Jul/2020:10:23:48 +0900] "-" 408 563 "-" "-"
192.168.219.105 - - [22/Jul/2020:10:23:50 +0900] "GET /news/today HTTP/1.1" 301 950 "http://192.168.219.123/" "Mozilla/5.0 (Windows NT 10.0; Win64; x64) AppleWebKit/537.36 (KHTML, like Gecko) Chrome/83.0.4103.116 Safari/537.36"
192.168.219.105 - - [22/Jul/2020:10:23:50 +0900] "GET /news/today/ HTTP/1.1" 200 14468 "http://192.168.219.123/" "Mozilla/5.0 (Windows NT 10.0; Win64; x64) AppleWebKit/537.36 (KHTML, like Gecko) Chrome/83.0.4103.116 Safari/537.36"
::1 - - [22/Jul/2020:10:24:00 +0900] "OPTIONS * HTTP/1.0" 200 126 "-" "Apache/2.4.41 (Ubuntu) OpenSSL/1.1.1g mod_wsgi/4.6.8 Python/3.8 (internal dummy connection)"
::1 - - [22/Jul/2020:10:24:01 +0900] "OPTIONS * HTTP/1.0" 200 126 "-" "Apache/2.4.41 (Ubuntu) OpenSSL/1.1.1g mod_wsgi/4.6.8 Python/3.8 (internal dummy connection)"
192.168.219.105 - - [22/Jul/2020:10:24:02 +0900] "-" 408 0 "-" "-"
::1 - - [22/Jul/2020:10:24:05 +0900] "OPTIONS * HTTP/1.0" 200 126 "-" "Apache/2.4.41 (Ubuntu) OpenSSL/1.1.1g mod_wsgi/4.6.8 Python/3.8 (internal dummy connection)"
::1 - - [22/Jul/2020:10:24:21 +0900] "OPTIONS * HTTP/1.0" 200 126 "-" "Apache/2.4.41 (Ubuntu) OpenSSL/1.1.1g mod_wsgi/4.6.8 Python/3.8 (internal dummy connection)"
192.168.219.105 - - [22/Jul/2020:10:24:37 +0900] "GET /news/today HTTP/1.1" 301 952 "https://unqocn.hopto.org/" "Mozilla/5.0 (Windows NT 10.0; Win64; x64) AppleWebKit/537.36 (KHTML, like Gecko) Chrome/83.0.4103.116 Safari/537.36"
192.168.219.105 - - [22/Jul/2020:10:24:37 +0900] "GET /news/today/ HTTP/1.1" 200 14470 "https://unqocn.hopto.org/" "Mozilla/5.0 (Windows NT 10.0; Win64; x64) AppleWebKit/537.36 (KHTML, like Gecko) Chrome/83.0.4103.116 Safari/537.36"
192.168.219.105 - - [22/Jul/2020:10:24:49 +0900] "GET / HTTP/1.1" 404 3035 "-" "Mozilla/5.0 (Windows NT 10.0; Win64; x64) AppleWebKit/537.36 (KHTML, like Gecko) Chrome/83.0.4103.116 Safari/537.36"
192.168.219.105 - - [22/Jul/2020:10:24:52 +0900] "GET /news HTTP/1.1" 301 271 "-" "Mozilla/5.0 (Windows NT 10.0; Win64; x64) AppleWebKit/537.36 (KHTML, like Gecko) Chrome/83.0.4103.116 Safari/537.36"
192.168.219.105 - - [22/Jul/2020:10:24:52 +0900] "GET /news/ HTTP/1.1" 200 24320 "-" "Mozilla/5.0 (Windows NT 10.0; Win64; x64) AppleWebKit/537.36 (KHTML, like Gecko) Chrome/83.0.4103.116 Safari/537.36"
192.168.219.105 - - [22/Jul/2020:10:24:52 +0900] "GET /static/rest_framework/css/bootstrap-tweaks.css HTTP/1.1" 200 2194 "https://unqocn-api.hopto.org/news/" "Mozilla/5.0 (Windows NT 10.0; Win64; x64) AppleWebKit/537.36 (KHTML, like Gecko) Chrome/83.0.4103.116 Safari/537.36"
192.168.219.105 - - [22/Jul/2020:10:24:52 +0900] "GET /static/rest_framework/css/bootstrap.min.css HTTP/1.1" 200 20190 "https://unqocn-api.hopto.org/news/" "Mozilla/5.0 (Windows NT 10.0; Win64; x64) AppleWebKit/537.36 (KHTML, like Gecko) Chrome/83.0.4103.116 Safari/537.36"
192.168.219.105 - - [22/Jul/2020:10:24:52 +0900] "GET /static/rest_framework/css/prettify.css HTTP/1.1" 200 747 "https://unqocn-api.hopto.org/news/" "Mozilla/5.0 (Windows NT 10.0; Win64; x64) AppleWebKit/537.36 (KHTML, like Gecko) Chrome/83.0.4103.116 Safari/537.36"
192.168.219.105 - - [22/Jul/2020:10:24:52 +0900] "GET /static/rest_framework/css/default.css HTTP/1.1" 200 1533 "https://unqocn-api.hopto.org/news/" "Mozilla/5.0 (Windows NT 10.0; Win64; x64) AppleWebKit/537.36 (KHTML, like Gecko) Chrome/83.0.4103.116 Safari/537.36"
192.168.219.105 - - [22/Jul/2020:10:24:52 +0900] "GET /static/rest_framework/js/ajax-form.js HTTP/1.1" 200 1913 "https://unqocn-api.hopto.org/news/" "Mozilla/5.0 (Windows NT 10.0; Win64; x64) AppleWebKit/537.36 (KHTML, like Gecko) Chrome/83.0.4103.116 Safari/537.36"
192.168.219.105 - - [22/Jul/2020:10:24:52 +0900] "GET /static/rest_framework/js/csrf.js HTTP/1.1" 200 1158 "https://unqocn-api.hopto.org/news/" "Mozilla/5.0 (Windows NT 10.0; Win64; x64) AppleWebKit/537.36 (KHTML, like Gecko) Chrome/83.0.4103.116 Safari/537.36"
192.168.219.105 - - [22/Jul/2020:10:24:52 +0900] "GET /static/rest_framework/js/jquery-3.4.1.min.js HTTP/1.1" 200 31742 "https://unqocn-api.hopto.org/news/" "Mozilla/5.0 (Windows NT 10.0; Win64; x64) AppleWebKit/537.36 (KHTML, like Gecko) Chrome/83.0.4103.116 Safari/537.36"
192.168.219.105 - - [22/Jul/2020:10:24:52 +0900] "GET /static/rest_framework/js/prettify-min.js HTTP/1.1" 200 6442 "https://unqocn-api.hopto.org/news/" "Mozilla/5.0 (Windows NT 10.0; Win64; x64) AppleWebKit/537.36 (KHTML, like Gecko) Chrome/83.0.4103.116 Safari/537.36"
192.168.219.105 - - [22/Jul/2020:10:24:52 +0900] "GET /static/rest_framework/js/bootstrap.min.js HTTP/1.1" 200 11380 "https://unqocn-api.hopto.org/news/" "Mozilla/5.0 (Windows NT 10.0; Win64; x64) AppleWebKit/537.36 (KHTML, like Gecko) Chrome/83.0.4103.116 Safari/537.36"
192.168.219.105 - - [22/Jul/2020:10:24:52 +0900] "GET /static/rest_framework/js/default.js HTTP/1.1" 200 1522 "https://unqocn-api.hopto.org/news/" "Mozilla/5.0 (Windows NT 10.0; Win64; x64) AppleWebKit/537.36 (KHTML, like Gecko) Chrome/83.0.4103.116 Safari/537.36"
192.168.219.105 - - [22/Jul/2020:10:24:52 +0900] "GET /static/rest_framework/img/grid.png HTTP/1.1" 200 1765 "https://unqocn-api.hopto.org/static/rest_framework/css/bootstrap-tweaks.css" "Mozilla/5.0 (Windows NT 10.0; Win64; x64) AppleWebKit/537.36 (KHTML, like Gecko) Chrome/83.0.4103.116 Safari/537.36"
192.168.219.105 - - [22/Jul/2020:10:25:12 +0900] "-" 408 579 "-" "-"
::1 - - [22/Jul/2020:10:25:30 +0900] "OPTIONS * HTTP/1.0" 200 126 "-" "Apache/2.4.41 (Ubuntu) OpenSSL/1.1.1g mod_wsgi/4.6.8 Python/3.8 (internal dummy connection)"
::1 - - [22/Jul/2020:10:32:13 +0900] "OPTIONS * HTTP/1.0" 200 126 "-" "Apache/2.4.41 (Ubuntu) OpenSSL/1.1.1g mod_wsgi/4.6.8 Python/3.8 (internal dummy connection)"
::1 - - [22/Jul/2020:10:32:14 +0900] "OPTIONS * HTTP/1.0" 200 126 "-" "Apache/2.4.41 (Ubuntu) OpenSSL/1.1.1g mod_wsgi/4.6.8 Python/3.8 (internal dummy connection)"
192.168.219.105 - - [22/Jul/2020:10:32:26 +0900] "-" 408 579 "-" "-"
::1 - - [22/Jul/2020:10:32:28 +0900] "OPTIONS * HTTP/1.0" 200 126 "-" "Apache/2.4.41 (Ubuntu) OpenSSL/1.1.1g mod_wsgi/4.6.8 Python/3.8 (internal dummy connection)"
192.168.219.105 - - [22/Jul/2020:10:33:45 +0900] "-" 408 579 "-" "-"
117.111.26.16 - - [22/Jul/2020:10:37:56 +0900] "GET /news/today/ HTTP/1.1" 200 14310 "-" "Mozilla/5.0 (Windows NT 10.0; Win64; x64) AppleWebKit/537.36 (KHTML, like Gecko) Chrome/79.0.3945.130 Safari/537.36"
192.168.219.105 - - [22/Jul/2020:10:38:35 +0900] "-" 408 579 "-" "-"
::1 - - [22/Jul/2020:10:40:59 +0900] "OPTIONS * HTTP/1.0" 200 126 "-" "Apache/2.4.41 (Ubuntu) OpenSSL/1.1.1g mod_wsgi/4.6.8 Python/3.8 (internal dummy connection)"
80.82.70.187 - - [22/Jul/2020:10:42:02 +0900] "GET http://www.baidu.com/cache/global/img/gs.gif HTTP/1.1" 404 2435 "-" "Mozilla"
192.168.219.105 - - [22/Jul/2020:10:43:15 +0900] "-" 408 579 "-" "-"
192.168.219.105 - - [22/Jul/2020:10:48:18 +0900] "-" 408 579 "-" "-"
::1 - - [22/Jul/2020:10:53:31 +0900] "OPTIONS * HTTP/1.0" 200 126 "-" "Apache/2.4.41 (Ubuntu) OpenSSL/1.1.1g mod_wsgi/4.6.8 Python/3.8 (internal dummy connection)"
185.39.11.105 - - [22/Jul/2020:11:13:37 +0900] "GET / HTTP/1.1" 404 5435 "-" "Mozilla/5.0 (X11; Ubuntu; Linux x86_64; rv:76.0) Gecko/20100101 Firefox/76.0"
54.198.55.229 - - [22/Jul/2020:11:20:25 +0900] "GET /admin/login HTTP/1.1" 301 555 "-" "Mozilla/5.0 (compatible)"
54.198.55.229 - - [22/Jul/2020:11:20:26 +0900] "GET /admin/login HTTP/1.1" 301 3301 "-" "Mozilla/5.0 (compatible)"
54.198.55.229 - - [22/Jul/2020:11:20:28 +0900] "GET /admin/login/ HTTP/1.1" 200 2638 "-" "Mozilla/5.0 (compatible)"
185.39.11.105 - - [22/Jul/2020:12:16:45 +0900] "GET / HTTP/1.1" 404 5435 "-" "Mozilla/5.0 (X11; Ubuntu; Linux x86_64; rv:76.0) Gecko/20100101 Firefox/76.0"
216.218.206.69 - - [22/Jul/2020:12:52:53 +0900] "GET / HTTP/1.1" 404 5469 "-" "-"
221.148.25.236 - - [22/Jul/2020:13:19:11 +0900] "GET /news/today HTTP/1.1" 301 4148 "http://unqocn.hopto.org:3000/" "Mozilla/5.0 (Windows NT 10.0; Win64; x64) AppleWebKit/537.36 (KHTML, like Gecko) Chrome/83.0.4103.116 Safari/537.36"
221.148.25.236 - - [22/Jul/2020:13:19:12 +0900] "GET /news/today/ HTTP/1.1" 200 14474 "http://unqocn.hopto.org:3000/" "Mozilla/5.0 (Windows NT 10.0; Win64; x64) AppleWebKit/537.36 (KHTML, like Gecko) Chrome/83.0.4103.116 Safari/537.36"
221.148.25.236 - - [22/Jul/2020:13:20:23 +0900] "GET /news/today/ HTTP/1.1" 200 15054 "http://unqocn.hopto.org:3000/" "Mozilla/5.0 (Windows NT 10.0; Win64; x64) AppleWebKit/537.36 (KHTML, like Gecko) Chrome/83.0.4103.116 Safari/537.36"
221.148.25.236 - - [22/Jul/2020:13:22:55 +0900] "GET /news/today/ HTTP/1.1" 200 15054 "http://unqocn.hopto.org:3000/" "Mozilla/5.0 (Windows NT 10.0; Win64; x64) AppleWebKit/537.36 (KHTML, like Gecko) Chrome/83.0.4103.116 Safari/537.36"
221.148.25.236 - - [22/Jul/2020:13:46:06 +0900] "GET /news/today HTTP/1.1" 301 4150 "http://test.stickode.com:19180/flat/submaster3/js_contents_test/test.html" "Mozilla/5.0 (Windows NT 10.0; Win64; x64) AppleWebKit/537.36 (KHTML, like Gecko) Chrome/83.0.4103.116 Safari/537.36"
221.148.25.236 - - [22/Jul/2020:13:46:06 +0900] "GET /news/today/ HTTP/1.1" 200 14476 "http://test.stickode.com:19180/flat/submaster3/js_contents_test/test.html" "Mozilla/5.0 (Windows NT 10.0; Win64; x64) AppleWebKit/537.36 (KHTML, like Gecko) Chrome/83.0.4103.116 Safari/537.36"
221.148.25.236 - - [22/Jul/2020:13:46:46 +0900] "GET /news/today HTTP/1.1" 301 958 "http://test.stickode.com:19180/flat/submaster3/js_contents_test/test.html" "Mozilla/5.0 (Windows NT 10.0; Win64; x64) AppleWebKit/537.36 (KHTML, like Gecko) Chrome/83.0.4103.116 Safari/537.36"
221.148.25.236 - - [22/Jul/2020:13:46:46 +0900] "GET /news/today/ HTTP/1.1" 200 14476 "http://test.stickode.com:19180/flat/submaster3/js_contents_test/test.html" "Mozilla/5.0 (Windows NT 10.0; Win64; x64) AppleWebKit/537.36 (KHTML, like Gecko) Chrome/83.0.4103.116 Safari/537.36"
221.148.25.236 - - [22/Jul/2020:13:47:02 +0900] "GET /news/today HTTP/1.1" 301 958 "http://test.stickode.com:19180/flat/submaster3/js_contents_test/test.html" "Mozilla/5.0 (Windows NT 10.0; Win64; x64) AppleWebKit/537.36 (KHTML, like Gecko) Chrome/83.0.4103.116 Safari/537.36"
221.148.25.236 - - [22/Jul/2020:13:47:02 +0900] "GET /news/today/ HTTP/1.1" 200 14476 "http://test.stickode.com:19180/flat/submaster3/js_contents_test/test.html" "Mozilla/5.0 (Windows NT 10.0; Win64; x64) AppleWebKit/537.36 (KHTML, like Gecko) Chrome/83.0.4103.116 Safari/537.36"
221.148.25.236 - - [22/Jul/2020:13:47:14 +0900] "GET /news/today HTTP/1.1" 301 958 "http://test.stickode.com:19180/flat/submaster3/js_contents_test/test.html" "Mozilla/5.0 (Windows NT 10.0; Win64; x64) AppleWebKit/537.36 (KHTML, like Gecko) Chrome/83.0.4103.116 Safari/537.36"
221.148.25.236 - - [22/Jul/2020:13:47:14 +0900] "GET /news/today/ HTTP/1.1" 200 14476 "http://test.stickode.com:19180/flat/submaster3/js_contents_test/test.html" "Mozilla/5.0 (Windows NT 10.0; Win64; x64) AppleWebKit/537.36 (KHTML, like Gecko) Chrome/83.0.4103.116 Safari/537.36"
221.148.25.236 - - [22/Jul/2020:13:49:37 +0900] "GET /news/today HTTP/1.1" 301 958 "http://test.stickode.com:19180/flat/submaster3/js_contents_test/test.html" "Mozilla/5.0 (Windows NT 10.0; Win64; x64) AppleWebKit/537.36 (KHTML, like Gecko) Chrome/83.0.4103.116 Safari/537.36"
221.148.25.236 - - [22/Jul/2020:13:49:37 +0900] "GET /news/today/ HTTP/1.1" 200 14476 "http://test.stickode.com:19180/flat/submaster3/js_contents_test/test.html" "Mozilla/5.0 (Windows NT 10.0; Win64; x64) AppleWebKit/537.36 (KHTML, like Gecko) Chrome/83.0.4103.116 Safari/537.36"
221.148.25.236 - - [22/Jul/2020:13:51:09 +0900] "GET /news/today HTTP/1.1" 301 958 "http://test.stickode.com:19180/flat/submaster3/js_contents_test/test.html" "Mozilla/5.0 (Windows NT 10.0; Win64; x64) AppleWebKit/537.36 (KHTML, like Gecko) Chrome/83.0.4103.116 Safari/537.36"
221.148.25.236 - - [22/Jul/2020:13:51:09 +0900] "GET /news/today HTTP/1.1" 301 4150 "http://test.stickode.com:19180/flat/submaster3/js_contents_test/test.html" "Mozilla/5.0 (Windows NT 10.0; Win64; x64) AppleWebKit/537.36 (KHTML, like Gecko) Chrome/83.0.4103.116 Safari/537.36"
221.148.25.236 - - [22/Jul/2020:13:51:09 +0900] "GET /news/today/ HTTP/1.1" 200 14476 "http://test.stickode.com:19180/flat/submaster3/js_contents_test/test.html" "Mozilla/5.0 (Windows NT 10.0; Win64; x64) AppleWebKit/537.36 (KHTML, like Gecko) Chrome/83.0.4103.116 Safari/537.36"
221.148.25.236 - - [22/Jul/2020:13:51:09 +0900] "GET /news/today/ HTTP/1.1" 200 14476 "http://test.stickode.com:19180/flat/submaster3/js_contents_test/test.html" "Mozilla/5.0 (Windows NT 10.0; Win64; x64) AppleWebKit/537.36 (KHTML, like Gecko) Chrome/83.0.4103.116 Safari/537.36"
221.148.25.236 - - [22/Jul/2020:13:51:42 +0900] "GET /news/today HTTP/1.1" 301 958 "http://test.stickode.com:19180/flat/submaster3/js_contents_test/test.html" "Mozilla/5.0 (Windows NT 10.0; Win64; x64) AppleWebKit/537.36 (KHTML, like Gecko) Chrome/83.0.4103.116 Safari/537.36"
221.148.25.236 - - [22/Jul/2020:13:51:42 +0900] "GET /news/today/ HTTP/1.1" 200 14476 "http://test.stickode.com:19180/flat/submaster3/js_contents_test/test.html" "Mozilla/5.0 (Windows NT 10.0; Win64; x64) AppleWebKit/537.36 (KHTML, like Gecko) Chrome/83.0.4103.116 Safari/537.36"
221.148.25.236 - - [22/Jul/2020:13:51:55 +0900] "GET /news/today HTTP/1.1" 301 958 "http://test.stickode.com:19180/flat/submaster3/js_contents_test/test.html" "Mozilla/5.0 (Windows NT 10.0; Win64; x64) AppleWebKit/537.36 (KHTML, like Gecko) Chrome/83.0.4103.116 Safari/537.36"
221.148.25.236 - - [22/Jul/2020:13:51:55 +0900] "GET /news/today/ HTTP/1.1" 200 14476 "http://test.stickode.com:19180/flat/submaster3/js_contents_test/test.html" "Mozilla/5.0 (Windows NT 10.0; Win64; x64) AppleWebKit/537.36 (KHTML, like Gecko) Chrome/83.0.4103.116 Safari/537.36"
221.148.25.236 - - [22/Jul/2020:13:52:13 +0900] "GET /news/today HTTP/1.1" 301 958 "http://test.stickode.com:19180/flat/submaster3/js_contents_test/test.html" "Mozilla/5.0 (Windows NT 10.0; Win64; x64) AppleWebKit/537.36 (KHTML, like Gecko) Chrome/83.0.4103.116 Safari/537.36"
221.148.25.236 - - [22/Jul/2020:13:52:13 +0900] "GET /news/today/ HTTP/1.1" 200 14476 "http://test.stickode.com:19180/flat/submaster3/js_contents_test/test.html" "Mozilla/5.0 (Windows NT 10.0; Win64; x64) AppleWebKit/537.36 (KHTML, like Gecko) Chrome/83.0.4103.116 Safari/537.36"
221.148.25.236 - - [22/Jul/2020:13:52:26 +0900] "GET /news/today HTTP/1.1" 301 958 "http://test.stickode.com:19180/flat/submaster3/js_contents_test/test.html" "Mozilla/5.0 (Windows NT 10.0; Win64; x64) AppleWebKit/537.36 (KHTML, like Gecko) Chrome/83.0.4103.116 Safari/537.36"
221.148.25.236 - - [22/Jul/2020:13:52:26 +0900] "GET /news/today/ HTTP/1.1" 200 14476 "http://test.stickode.com:19180/flat/submaster3/js_contents_test/test.html" "Mozilla/5.0 (Windows NT 10.0; Win64; x64) AppleWebKit/537.36 (KHTML, like Gecko) Chrome/83.0.4103.116 Safari/537.36"
221.148.25.236 - - [22/Jul/2020:13:56:09 +0900] "GET /news/today HTTP/1.1" 301 958 "http://test.stickode.com:19180/flat/submaster3/js_contents_test/test.html" "Mozilla/5.0 (Windows NT 10.0; Win64; x64) AppleWebKit/537.36 (KHTML, like Gecko) Chrome/83.0.4103.116 Safari/537.36"
221.148.25.236 - - [22/Jul/2020:13:56:09 +0900] "GET /news/today/ HTTP/1.1" 200 14476 "http://test.stickode.com:19180/flat/submaster3/js_contents_test/test.html" "Mozilla/5.0 (Windows NT 10.0; Win64; x64) AppleWebKit/537.36 (KHTML, like Gecko) Chrome/83.0.4103.116 Safari/537.36"
198.143.133.154 - - [22/Jul/2020:14:09:01 +0900] "GET / HTTP/1.1" 404 5469 "-" "Mozilla/5.0 (Windows NT 10.0; WOW64) AppleWebKit/537.36 (KHTML, like Gecko) Chrome/66.0.3359.117 Safari/537.36"
221.148.25.236 - - [22/Jul/2020:15:39:56 +0900] "POST /news/today HTTP/1.1" 500 69076 "http://test.stickode.com:19180/flat/submaster3/js_contents_test/test.html" "Mozilla/5.0 (Windows NT 10.0; Win64; x64) AppleWebKit/537.36 (KHTML, like Gecko) Chrome/83.0.4103.116 Safari/537.36"
221.148.25.236 - - [22/Jul/2020:15:40:13 +0900] "GET /news/today HTTP/1.1" 301 4049 "-" "Mozilla/5.0 (Windows NT 10.0; Win64; x64) AppleWebKit/537.36 (KHTML, like Gecko) Chrome/83.0.4103.116 Safari/537.36"
221.148.25.236 - - [22/Jul/2020:15:40:13 +0900] "GET /news/today/ HTTP/1.1" 200 8596 "-" "Mozilla/5.0 (Windows NT 10.0; Win64; x64) AppleWebKit/537.36 (KHTML, like Gecko) Chrome/83.0.4103.116 Safari/537.36"
221.148.25.236 - - [22/Jul/2020:15:40:13 +0900] "GET /static/rest_framework/css/bootstrap-tweaks.css HTTP/1.1" 200 5386 "https://unqocn-api.hopto.org/news/today/" "Mozilla/5.0 (Windows NT 10.0; Win64; x64) AppleWebKit/537.36 (KHTML, like Gecko) Chrome/83.0.4103.116 Safari/537.36"
221.148.25.236 - - [22/Jul/2020:15:40:13 +0900] "GET /static/rest_framework/css/bootstrap.min.css HTTP/1.1" 200 20190 "https://unqocn-api.hopto.org/news/today/" "Mozilla/5.0 (Windows NT 10.0; Win64; x64) AppleWebKit/537.36 (KHTML, like Gecko) Chrome/83.0.4103.116 Safari/537.36"
221.148.25.236 - - [22/Jul/2020:15:40:13 +0900] "GET /static/rest_framework/css/prettify.css HTTP/1.1" 200 747 "https://unqocn-api.hopto.org/news/today/" "Mozilla/5.0 (Windows NT 10.0; Win64; x64) AppleWebKit/537.36 (KHTML, like Gecko) Chrome/83.0.4103.116 Safari/537.36"
221.148.25.236 - - [22/Jul/2020:15:40:13 +0900] "GET /static/rest_framework/css/default.css HTTP/1.1" 200 1533 "https://unqocn-api.hopto.org/news/today/" "Mozilla/5.0 (Windows NT 10.0; Win64; x64) AppleWebKit/537.36 (KHTML, like Gecko) Chrome/83.0.4103.116 Safari/537.36"
221.148.25.236 - - [22/Jul/2020:15:40:13 +0900] "GET /static/rest_framework/js/jquery-3.4.1.min.js HTTP/1.1" 200 31742 "https://unqocn-api.hopto.org/news/today/" "Mozilla/5.0 (Windows NT 10.0; Win64; x64) AppleWebKit/537.36 (KHTML, like Gecko) Chrome/83.0.4103.116 Safari/537.36"
221.148.25.236 - - [22/Jul/2020:15:40:13 +0900] "GET /static/rest_framework/js/ajax-form.js HTTP/1.1" 200 1913 "https://unqocn-api.hopto.org/news/today/" "Mozilla/5.0 (Windows NT 10.0; Win64; x64) AppleWebKit/537.36 (KHTML, like Gecko) Chrome/83.0.4103.116 Safari/537.36"
221.148.25.236 - - [22/Jul/2020:15:40:13 +0900] "GET /static/rest_framework/js/csrf.js HTTP/1.1" 200 4930 "https://unqocn-api.hopto.org/news/today/" "Mozilla/5.0 (Windows NT 10.0; Win64; x64) AppleWebKit/537.36 (KHTML, like Gecko) Chrome/83.0.4103.116 Safari/537.36"
221.148.25.236 - - [22/Jul/2020:15:40:13 +0900] "GET /static/rest_framework/js/bootstrap.min.js HTTP/1.1" 200 15152 "https://unqocn-api.hopto.org/news/today/" "Mozilla/5.0 (Windows NT 10.0; Win64; x64) AppleWebKit/537.36 (KHTML, like Gecko) Chrome/83.0.4103.116 Safari/537.36"
221.148.25.236 - - [22/Jul/2020:15:40:13 +0900] "GET /static/rest_framework/js/prettify-min.js HTTP/1.1" 200 6442 "https://unqocn-api.hopto.org/news/today/" "Mozilla/5.0 (Windows NT 10.0; Win64; x64) AppleWebKit/537.36 (KHTML, like Gecko) Chrome/83.0.4103.116 Safari/537.36"
221.148.25.236 - - [22/Jul/2020:15:40:13 +0900] "GET /static/rest_framework/js/default.js HTTP/1.1" 200 942 "https://unqocn-api.hopto.org/news/today/" "Mozilla/5.0 (Windows NT 10.0; Win64; x64) AppleWebKit/537.36 (KHTML, like Gecko) Chrome/83.0.4103.116 Safari/537.36"
221.148.25.236 - - [22/Jul/2020:15:40:13 +0900] "GET /static/rest_framework/img/grid.png HTTP/1.1" 200 1765 "https://unqocn-api.hopto.org/static/rest_framework/css/bootstrap-tweaks.css" "Mozilla/5.0 (Windows NT 10.0; Win64; x64) AppleWebKit/537.36 (KHTML, like Gecko) Chrome/83.0.4103.116 Safari/537.36"
