201.149.15.230 - - [16/Aug/2020:22:16:37 +0900] "GET / HTTP/1.1" 404 5545 "-" "Go-http-client/1.1"
185.202.1.202 - - [16/Aug/2020:22:26:08 +0900] "\x03" 400 0 "-" "-"
212.102.35.101 - - [16/Aug/2020:22:40:00 +0900] "GET /index/index.php?h=OPVdN6jKrxI%3d&d=OH20ydr1lRI4%2blcFkfyfIA7NawaY6q8SOPVdN6jKrxI4 HTTP/1.1" 404 6347 "-" "Mozilla/5.0 (Windows NT 6.2; WOW64) AppleWebKit/537.36 (KHTML, like Gecko) Chrome/27.0.1453.93 Safari/537.36"
185.39.11.105 - - [16/Aug/2020:23:02:48 +0900] "GET / HTTP/1.1" 404 5545 "-" "Mozilla/5.0 (X11; Ubuntu; Linux x86_64; rv:76.0) Gecko/20100101 Firefox/76.0"
185.39.11.105 - - [16/Aug/2020:23:05:59 +0900] "GET / HTTP/1.1" 404 5545 "-" "Mozilla/5.0 (X11; Ubuntu; Linux x86_64; rv:76.0) Gecko/20100101 Firefox/76.0"
185.39.9.34 - - [16/Aug/2020:23:07:48 +0900] "GET / HTTP/1.1" 404 5579 "-" "Mozilla/5.0 zgrab/0.x"
185.209.114.65 - - [17/Aug/2020:00:26:40 +0900] "GET / HTTP/1.1" 404 5545 "-" "Go-http-client/1.1"
185.202.1.202 - - [17/Aug/2020:00:31:09 +0900] "\x03" 400 0 "-" "-"
113.161.113.25 - - [17/Aug/2020:00:48:58 +0900] "GET / HTTP/1.1" 404 5545 "-" "Go-http-client/1.1"
83.97.20.29 - - [17/Aug/2020:00:57:16 +0900] "GET / HTTP/1.1" 400 3063 "-" "-"
83.97.20.29 - - [17/Aug/2020:00:57:47 +0900] "GET / HTTP/1.0" 404 5606 "-" "-"
80.82.77.33 - - [17/Aug/2020:01:12:46 +0900] "GET / HTTP/1.1" 404 2457 "-" "Mozilla/5.0 (Windows NT 6.1) AppleWebKit/537.36 (KHTML, like Gecko) Chrome/41.0.2228.0 Safari/537.36"
80.82.77.33 - - [17/Aug/2020:01:12:47 +0900] "GET /favicon.ico HTTP/1.1" 404 2569 "-" "python-requests/2.23.0"
35.205.219.55 - - [17/Aug/2020:01:12:53 +0900] "GET / HTTP/1.1" 404 2518 "-" "python-requests/2.24.0"
185.39.11.105 - - [17/Aug/2020:02:11:31 +0900] "GET / HTTP/1.1" 404 5545 "-" "Mozilla/5.0 (X11; Ubuntu; Linux x86_64; rv:76.0) Gecko/20100101 Firefox/76.0"
64.227.38.24 - - [17/Aug/2020:03:15:22 +0900] "GET / HTTP/1.1" 404 5737 "-" "Mozilla/5.0 zgrab/0.x"
185.39.11.105 - - [17/Aug/2020:03:17:32 +0900] "GET / HTTP/1.1" 404 5545 "-" "Mozilla/5.0 (X11; Ubuntu; Linux x86_64; rv:76.0) Gecko/20100101 Firefox/76.0"
45.141.84.162 - - [17/Aug/2020:05:06:36 +0900] "\x03" 400 0 "-" "-"
139.162.79.87 - - [17/Aug/2020:05:27:09 +0900] "GET / HTTP/1.1" 404 2481 "-" "Mozilla/5.0"
80.82.70.187 - - [17/Aug/2020:06:48:30 +0900] "GET http://www.baidu.com/cache/global/img/gs.gif HTTP/1.1" 404 2545 "-" "Mozilla"
222.186.61.115 - - [17/Aug/2020:07:41:57 +0900] "CONNECT ip.ws.126.net:443 HTTP/1.1" 404 2466 "-" "Go-http-client/1.1"
129.144.45.237 - - [17/Aug/2020:08:26:25 +0900] "GET / HTTP/1.1" 404 5545 "-" "Go-http-client/1.1"
35.222.170.114 - - [17/Aug/2020:08:26:57 +0900] "GET / HTTP/1.1" 404 5545 "-" "Go-http-client/1.1"
86.44.206.89 - - [17/Aug/2020:08:50:50 +0900] "GET /admin//config.php HTTP/1.1" 404 8369 "-" "curl/7.15.5 (i686-redhat-linux-gnu) libcurl/7.15.5 OpenSSL/0.9.8b zlib/1.2.3 libidn/0.6.5"
193.118.53.210 - - [17/Aug/2020:09:26:14 +0900] "GET / HTTP/1.1" 404 5579 "-" "Mozilla/5.0 (Windows NT 10.0; Win64; x64) AppleWebKit/537.36 (KHTML, like Gecko) Chrome/60.0.3112.113 Safari/537.36"
192.35.168.250 - - [17/Aug/2020:09:30:32 +0900] "GET / HTTP/1.1" 404 5583 "-" "-"
192.35.168.250 - - [17/Aug/2020:09:30:33 +0900] "GET / HTTP/1.1" 404 5758 "-" "Mozilla/5.0 zgrab/0.x"
128.14.209.226 - - [17/Aug/2020:09:50:13 +0900] "GET / HTTP/1.1" 404 5579 "-" "Mozilla/5.0 (Windows NT 10.0; Win64; x64) AppleWebKit/537.36 (KHTML, like Gecko) Chrome/60.0.3112.113 Safari/537.36"
89.248.172.208 - - [17/Aug/2020:12:40:44 +0900] "GET / HTTP/1.0" 400 0 "-" "-"
45.236.96.6 - - [17/Aug/2020:13:13:54 +0900] "GET /admin//config.php HTTP/1.1" 404 8369 "-" "curl/7.15.5 (x86_64-redhat-linux-gnu) libcurl/7.15.5 OpenSSL/0.9.8b zlib/1.2.3 libidn/0.6.5"
51.83.66.171 - - [17/Aug/2020:13:35:34 +0900] "\x16\x03\x01" 400 0 "-" "-"
80.82.70.187 - - [17/Aug/2020:16:30:46 +0900] "GET http://www.baidu.com/cache/global/img/gs.gif HTTP/1.1" 404 2545 "-" "Mozilla"
65.154.226.109 - - [17/Aug/2020:18:06:58 +0900] "GET / HTTP/1.1" 301 589 "http://www.bing.com/search?q=amazon" "Mozilla/5.0 (Windows NT 10.0; Win64; x64) AppleWebKit/537.36 (KHTML, like Gecko) Chrome/76.0.3809.71 Safari/537.36"
65.154.226.109 - - [17/Aug/2020:18:06:59 +0900] "GET / HTTP/1.1" 404 6337 "http://www.bing.com/search?q=amazon" "Mozilla/5.0 (Windows NT 10.0; Win64; x64) AppleWebKit/537.36 (KHTML, like Gecko) Chrome/76.0.3809.71 Safari/537.36"
117.111.12.73 - - [17/Aug/2020:18:54:30 +0900] "GET /portfolio/1/ HTTP/1.1" 200 8797 "https://unqocn.hopto.org/portfolio/" "Mozilla/5.0 (Windows NT 10.0; Win64; x64) AppleWebKit/537.36 (KHTML, like Gecko) Chrome/84.0.4147.125 Safari/537.36"
117.111.12.73 - - [17/Aug/2020:18:54:30 +0900] "GET /portfolio/6/ HTTP/1.1" 200 5553 "https://unqocn.hopto.org/portfolio/" "Mozilla/5.0 (Windows NT 10.0; Win64; x64) AppleWebKit/537.36 (KHTML, like Gecko) Chrome/84.0.4147.125 Safari/537.36"
117.111.12.73 - - [17/Aug/2020:18:54:30 +0900] "GET /portfolio/4/ HTTP/1.1" 200 7346 "https://unqocn.hopto.org/portfolio/" "Mozilla/5.0 (Windows NT 10.0; Win64; x64) AppleWebKit/537.36 (KHTML, like Gecko) Chrome/84.0.4147.125 Safari/537.36"
117.111.12.73 - - [17/Aug/2020:18:54:30 +0900] "GET /portfolio/5/ HTTP/1.1" 200 5315 "https://unqocn.hopto.org/portfolio/" "Mozilla/5.0 (Windows NT 10.0; Win64; x64) AppleWebKit/537.36 (KHTML, like Gecko) Chrome/84.0.4147.125 Safari/537.36"
117.111.12.73 - - [17/Aug/2020:18:54:30 +0900] "GET /portfolio/3/ HTTP/1.1" 200 7994 "https://unqocn.hopto.org/portfolio/" "Mozilla/5.0 (Windows NT 10.0; Win64; x64) AppleWebKit/537.36 (KHTML, like Gecko) Chrome/84.0.4147.125 Safari/537.36"
117.111.12.73 - - [17/Aug/2020:18:54:30 +0900] "GET /portfolio/2/ HTTP/1.1" 200 10999 "https://unqocn.hopto.org/portfolio/" "Mozilla/5.0 (Windows NT 10.0; Win64; x64) AppleWebKit/537.36 (KHTML, like Gecko) Chrome/84.0.4147.125 Safari/537.36"
117.111.12.73 - - [17/Aug/2020:18:54:50 +0900] "-" 408 3771 "-" "-"
117.111.12.73 - - [17/Aug/2020:18:54:50 +0900] "-" 408 3771 "-" "-"
117.111.12.73 - - [17/Aug/2020:18:54:51 +0900] "-" 408 3771 "-" "-"
117.111.12.73 - - [17/Aug/2020:18:54:51 +0900] "-" 408 3771 "-" "-"
117.111.12.73 - - [17/Aug/2020:18:54:51 +0900] "-" 408 563 "-" "-"
117.111.12.73 - - [17/Aug/2020:18:54:52 +0900] "-" 408 563 "-" "-"
::1 - - [17/Aug/2020:18:54:53 +0900] "OPTIONS * HTTP/1.0" 200 126 "-" "Apache/2.4.41 (Ubuntu) OpenSSL/1.1.1g mod_wsgi/4.6.8 Python/3.8 (internal dummy connection)"
::1 - - [17/Aug/2020:18:54:54 +0900] "OPTIONS * HTTP/1.0" 200 126 "-" "Apache/2.4.41 (Ubuntu) OpenSSL/1.1.1g mod_wsgi/4.6.8 Python/3.8 (internal dummy connection)"
::1 - - [17/Aug/2020:18:54:55 +0900] "OPTIONS * HTTP/1.0" 200 126 "-" "Apache/2.4.41 (Ubuntu) OpenSSL/1.1.1g mod_wsgi/4.6.8 Python/3.8 (internal dummy connection)"
::1 - - [17/Aug/2020:18:54:56 +0900] "OPTIONS * HTTP/1.0" 200 126 "-" "Apache/2.4.41 (Ubuntu) OpenSSL/1.1.1g mod_wsgi/4.6.8 Python/3.8 (internal dummy connection)"
::1 - - [17/Aug/2020:18:54:57 +0900] "OPTIONS * HTTP/1.0" 200 126 "-" "Apache/2.4.41 (Ubuntu) OpenSSL/1.1.1g mod_wsgi/4.6.8 Python/3.8 (internal dummy connection)"
117.111.12.73 - - [17/Aug/2020:19:09:30 +0900] "GET /portfolio/6/ HTTP/1.1" 200 9325 "https://unqocn.hopto.org/portfolio/" "Mozilla/5.0 (Windows NT 10.0; Win64; x64) AppleWebKit/537.36 (KHTML, like Gecko) Chrome/84.0.4147.125 Safari/537.36"
117.111.12.73 - - [17/Aug/2020:19:09:30 +0900] "GET /portfolio/3/ HTTP/1.1" 200 11766 "https://unqocn.hopto.org/portfolio/" "Mozilla/5.0 (Windows NT 10.0; Win64; x64) AppleWebKit/537.36 (KHTML, like Gecko) Chrome/84.0.4147.125 Safari/537.36"
117.111.12.73 - - [17/Aug/2020:19:09:30 +0900] "GET /portfolio/1/ HTTP/1.1" 200 8797 "https://unqocn.hopto.org/portfolio/" "Mozilla/5.0 (Windows NT 10.0; Win64; x64) AppleWebKit/537.36 (KHTML, like Gecko) Chrome/84.0.4147.125 Safari/537.36"
117.111.12.73 - - [17/Aug/2020:19:09:30 +0900] "GET /portfolio/5/ HTTP/1.1" 200 9087 "https://unqocn.hopto.org/portfolio/" "Mozilla/5.0 (Windows NT 10.0; Win64; x64) AppleWebKit/537.36 (KHTML, like Gecko) Chrome/84.0.4147.125 Safari/537.36"
117.111.12.73 - - [17/Aug/2020:19:09:30 +0900] "GET /portfolio/2/ HTTP/1.1" 200 10999 "https://unqocn.hopto.org/portfolio/" "Mozilla/5.0 (Windows NT 10.0; Win64; x64) AppleWebKit/537.36 (KHTML, like Gecko) Chrome/84.0.4147.125 Safari/537.36"
117.111.12.73 - - [17/Aug/2020:19:09:30 +0900] "GET /portfolio/4/ HTTP/1.1" 200 11118 "https://unqocn.hopto.org/portfolio/" "Mozilla/5.0 (Windows NT 10.0; Win64; x64) AppleWebKit/537.36 (KHTML, like Gecko) Chrome/84.0.4147.125 Safari/537.36"
::1 - - [17/Aug/2020:19:09:37 +0900] "OPTIONS * HTTP/1.0" 200 126 "-" "Apache/2.4.41 (Ubuntu) OpenSSL/1.1.1g mod_wsgi/4.6.8 Python/3.8 (internal dummy connection)"
::1 - - [17/Aug/2020:19:09:38 +0900] "OPTIONS * HTTP/1.0" 200 126 "-" "Apache/2.4.41 (Ubuntu) OpenSSL/1.1.1g mod_wsgi/4.6.8 Python/3.8 (internal dummy connection)"
117.111.12.73 - - [17/Aug/2020:19:09:50 +0900] "-" 408 3733 "-" "-"
::1 - - [17/Aug/2020:19:09:53 +0900] "OPTIONS * HTTP/1.0" 200 126 "-" "Apache/2.4.41 (Ubuntu) OpenSSL/1.1.1g mod_wsgi/4.6.8 Python/3.8 (internal dummy connection)"
129.144.3.77 - - [17/Aug/2020:19:13:13 +0900] "GET / HTTP/1.1" 404 5545 "-" "Go-http-client/1.1"
117.111.12.73 - - [17/Aug/2020:19:42:55 +0900] "GET /portfolio/4/ HTTP/1.1" 200 11118 "https://unqocn.hopto.org/portfolio/" "Mozilla/5.0 (Windows NT 10.0; Win64; x64) AppleWebKit/537.36 (KHTML, like Gecko) Chrome/84.0.4147.125 Safari/537.36"
117.111.12.73 - - [17/Aug/2020:19:42:55 +0900] "GET /portfolio/5/ HTTP/1.1" 200 9087 "https://unqocn.hopto.org/portfolio/" "Mozilla/5.0 (Windows NT 10.0; Win64; x64) AppleWebKit/537.36 (KHTML, like Gecko) Chrome/84.0.4147.125 Safari/537.36"
117.111.12.73 - - [17/Aug/2020:19:42:55 +0900] "GET /portfolio/6/ HTTP/1.1" 200 9325 "https://unqocn.hopto.org/portfolio/" "Mozilla/5.0 (Windows NT 10.0; Win64; x64) AppleWebKit/537.36 (KHTML, like Gecko) Chrome/84.0.4147.125 Safari/537.36"
117.111.12.73 - - [17/Aug/2020:19:42:55 +0900] "GET /portfolio/1/ HTTP/1.1" 200 8797 "https://unqocn.hopto.org/portfolio/" "Mozilla/5.0 (Windows NT 10.0; Win64; x64) AppleWebKit/537.36 (KHTML, like Gecko) Chrome/84.0.4147.125 Safari/537.36"
117.111.12.73 - - [17/Aug/2020:19:42:55 +0900] "GET /portfolio/2/ HTTP/1.1" 200 10999 "https://unqocn.hopto.org/portfolio/" "Mozilla/5.0 (Windows NT 10.0; Win64; x64) AppleWebKit/537.36 (KHTML, like Gecko) Chrome/84.0.4147.125 Safari/537.36"
117.111.12.73 - - [17/Aug/2020:19:42:55 +0900] "GET /portfolio/3/ HTTP/1.1" 200 11766 "https://unqocn.hopto.org/portfolio/" "Mozilla/5.0 (Windows NT 10.0; Win64; x64) AppleWebKit/537.36 (KHTML, like Gecko) Chrome/84.0.4147.125 Safari/537.36"
::1 - - [17/Aug/2020:19:43:03 +0900] "OPTIONS * HTTP/1.0" 200 126 "-" "Apache/2.4.41 (Ubuntu) OpenSSL/1.1.1g mod_wsgi/4.6.8 Python/3.8 (internal dummy connection)"
::1 - - [17/Aug/2020:19:43:07 +0900] "OPTIONS * HTTP/1.0" 200 126 "-" "Apache/2.4.41 (Ubuntu) OpenSSL/1.1.1g mod_wsgi/4.6.8 Python/3.8 (internal dummy connection)"
::1 - - [17/Aug/2020:19:43:08 +0900] "OPTIONS * HTTP/1.0" 200 126 "-" "Apache/2.4.41 (Ubuntu) OpenSSL/1.1.1g mod_wsgi/4.6.8 Python/3.8 (internal dummy connection)"
::1 - - [17/Aug/2020:19:43:09 +0900] "OPTIONS * HTTP/1.0" 200 126 "-" "Apache/2.4.41 (Ubuntu) OpenSSL/1.1.1g mod_wsgi/4.6.8 Python/3.8 (internal dummy connection)"
117.111.12.73 - - [17/Aug/2020:19:43:49 +0900] "-" 408 563 "-" "-"
117.111.12.73 - - [17/Aug/2020:20:03:20 +0900] "GET /portfolio/5 HTTP/1.1" 301 4109 "http://unqocn.hopto.org:3000/" "Mozilla/5.0 (Windows NT 10.0; Win64; x64) AppleWebKit/537.36 (KHTML, like Gecko) Chrome/84.0.4147.125 Safari/537.36"
117.111.12.73 - - [17/Aug/2020:20:03:20 +0900] "GET /portfolio/6 HTTP/1.1" 301 4109 "http://unqocn.hopto.org:3000/" "Mozilla/5.0 (Windows NT 10.0; Win64; x64) AppleWebKit/537.36 (KHTML, like Gecko) Chrome/84.0.4147.125 Safari/537.36"
117.111.12.73 - - [17/Aug/2020:20:03:20 +0900] "GET /portfolio/3 HTTP/1.1" 301 4109 "http://unqocn.hopto.org:3000/" "Mozilla/5.0 (Windows NT 10.0; Win64; x64) AppleWebKit/537.36 (KHTML, like Gecko) Chrome/84.0.4147.125 Safari/537.36"
117.111.12.73 - - [17/Aug/2020:20:03:20 +0900] "GET /portfolio/2 HTTP/1.1" 301 4109 "http://unqocn.hopto.org:3000/" "Mozilla/5.0 (Windows NT 10.0; Win64; x64) AppleWebKit/537.36 (KHTML, like Gecko) Chrome/84.0.4147.125 Safari/537.36"
117.111.12.73 - - [17/Aug/2020:20:03:20 +0900] "GET /portfolio/1 HTTP/1.1" 301 4109 "http://unqocn.hopto.org:3000/" "Mozilla/5.0 (Windows NT 10.0; Win64; x64) AppleWebKit/537.36 (KHTML, like Gecko) Chrome/84.0.4147.125 Safari/537.36"
117.111.12.73 - - [17/Aug/2020:20:03:20 +0900] "GET /portfolio/4 HTTP/1.1" 301 4109 "http://unqocn.hopto.org:3000/" "Mozilla/5.0 (Windows NT 10.0; Win64; x64) AppleWebKit/537.36 (KHTML, like Gecko) Chrome/84.0.4147.125 Safari/537.36"
117.111.12.73 - - [17/Aug/2020:20:03:20 +0900] "GET /portfolio/6/ HTTP/1.1" 200 5557 "http://unqocn.hopto.org:3000/" "Mozilla/5.0 (Windows NT 10.0; Win64; x64) AppleWebKit/537.36 (KHTML, like Gecko) Chrome/84.0.4147.125 Safari/537.36"
117.111.12.73 - - [17/Aug/2020:20:03:20 +0900] "GET /portfolio/5/ HTTP/1.1" 200 5319 "http://unqocn.hopto.org:3000/" "Mozilla/5.0 (Windows NT 10.0; Win64; x64) AppleWebKit/537.36 (KHTML, like Gecko) Chrome/84.0.4147.125 Safari/537.36"
117.111.12.73 - - [17/Aug/2020:20:03:21 +0900] "GET /portfolio/1/ HTTP/1.1" 200 5029 "http://unqocn.hopto.org:3000/" "Mozilla/5.0 (Windows NT 10.0; Win64; x64) AppleWebKit/537.36 (KHTML, like Gecko) Chrome/84.0.4147.125 Safari/537.36"
117.111.12.73 - - [17/Aug/2020:20:03:21 +0900] "GET /portfolio/3/ HTTP/1.1" 200 7998 "http://unqocn.hopto.org:3000/" "Mozilla/5.0 (Windows NT 10.0; Win64; x64) AppleWebKit/537.36 (KHTML, like Gecko) Chrome/84.0.4147.125 Safari/537.36"
117.111.12.73 - - [17/Aug/2020:20:03:21 +0900] "GET /portfolio/2/ HTTP/1.1" 200 7231 "http://unqocn.hopto.org:3000/" "Mozilla/5.0 (Windows NT 10.0; Win64; x64) AppleWebKit/537.36 (KHTML, like Gecko) Chrome/84.0.4147.125 Safari/537.36"
117.111.12.73 - - [17/Aug/2020:20:03:21 +0900] "GET /portfolio/4/ HTTP/1.1" 200 7350 "http://unqocn.hopto.org:3000/" "Mozilla/5.0 (Windows NT 10.0; Win64; x64) AppleWebKit/537.36 (KHTML, like Gecko) Chrome/84.0.4147.125 Safari/537.36"
::1 - - [17/Aug/2020:20:03:28 +0900] "OPTIONS * HTTP/1.0" 200 126 "-" "Apache/2.4.41 (Ubuntu) OpenSSL/1.1.1g mod_wsgi/4.6.8 Python/3.8 (internal dummy connection)"
117.111.12.73 - - [17/Aug/2020:20:03:48 +0900] "GET /portfolio/6/ HTTP/1.1" 200 6137 "http://unqocn.hopto.org:3000/" "Mozilla/5.0 (Windows NT 10.0; Win64; x64) AppleWebKit/537.36 (KHTML, like Gecko) Chrome/84.0.4147.125 Safari/537.36"
117.111.12.73 - - [17/Aug/2020:20:03:48 +0900] "GET /portfolio/5/ HTTP/1.1" 200 5899 "http://unqocn.hopto.org:3000/" "Mozilla/5.0 (Windows NT 10.0; Win64; x64) AppleWebKit/537.36 (KHTML, like Gecko) Chrome/84.0.4147.125 Safari/537.36"
117.111.12.73 - - [17/Aug/2020:20:03:48 +0900] "GET /portfolio/4/ HTTP/1.1" 200 11122 "http://unqocn.hopto.org:3000/" "Mozilla/5.0 (Windows NT 10.0; Win64; x64) AppleWebKit/537.36 (KHTML, like Gecko) Chrome/84.0.4147.125 Safari/537.36"
117.111.12.73 - - [17/Aug/2020:20:03:48 +0900] "GET /portfolio/3/ HTTP/1.1" 200 11770 "http://unqocn.hopto.org:3000/" "Mozilla/5.0 (Windows NT 10.0; Win64; x64) AppleWebKit/537.36 (KHTML, like Gecko) Chrome/84.0.4147.125 Safari/537.36"
117.111.12.73 - - [17/Aug/2020:20:03:48 +0900] "GET /portfolio/1/ HTTP/1.1" 200 8801 "http://unqocn.hopto.org:3000/" "Mozilla/5.0 (Windows NT 10.0; Win64; x64) AppleWebKit/537.36 (KHTML, like Gecko) Chrome/84.0.4147.125 Safari/537.36"
117.111.12.73 - - [17/Aug/2020:20:03:48 +0900] "GET /portfolio/2/ HTTP/1.1" 200 11003 "http://unqocn.hopto.org:3000/" "Mozilla/5.0 (Windows NT 10.0; Win64; x64) AppleWebKit/537.36 (KHTML, like Gecko) Chrome/84.0.4147.125 Safari/537.36"
::1 - - [17/Aug/2020:20:03:55 +0900] "OPTIONS * HTTP/1.0" 200 126 "-" "Apache/2.4.41 (Ubuntu) OpenSSL/1.1.1g mod_wsgi/4.6.8 Python/3.8 (internal dummy connection)"
117.111.12.73 - - [17/Aug/2020:20:04:21 +0900] "-" 408 563 "-" "-"
117.111.12.73 - - [17/Aug/2020:20:04:38 +0900] "GET /portfolio/6/ HTTP/1.1" 200 6137 "http://unqocn.hopto.org:3000/" "Mozilla/5.0 (Windows NT 10.0; Win64; x64) AppleWebKit/537.36 (KHTML, like Gecko) Chrome/84.0.4147.125 Safari/537.36"
117.111.12.73 - - [17/Aug/2020:20:04:38 +0900] "GET /portfolio/5/ HTTP/1.1" 200 5899 "http://unqocn.hopto.org:3000/" "Mozilla/5.0 (Windows NT 10.0; Win64; x64) AppleWebKit/537.36 (KHTML, like Gecko) Chrome/84.0.4147.125 Safari/537.36"
117.111.12.73 - - [17/Aug/2020:20:04:38 +0900] "GET /portfolio/4/ HTTP/1.1" 200 11122 "http://unqocn.hopto.org:3000/" "Mozilla/5.0 (Windows NT 10.0; Win64; x64) AppleWebKit/537.36 (KHTML, like Gecko) Chrome/84.0.4147.125 Safari/537.36"
117.111.12.73 - - [17/Aug/2020:20:04:38 +0900] "GET /portfolio/2/ HTTP/1.1" 200 11003 "http://unqocn.hopto.org:3000/" "Mozilla/5.0 (Windows NT 10.0; Win64; x64) AppleWebKit/537.36 (KHTML, like Gecko) Chrome/84.0.4147.125 Safari/537.36"
117.111.12.73 - - [17/Aug/2020:20:04:38 +0900] "GET /portfolio/1/ HTTP/1.1" 200 8801 "http://unqocn.hopto.org:3000/" "Mozilla/5.0 (Windows NT 10.0; Win64; x64) AppleWebKit/537.36 (KHTML, like Gecko) Chrome/84.0.4147.125 Safari/537.36"
117.111.12.73 - - [17/Aug/2020:20:04:38 +0900] "GET /portfolio/3/ HTTP/1.1" 200 11770 "http://unqocn.hopto.org:3000/" "Mozilla/5.0 (Windows NT 10.0; Win64; x64) AppleWebKit/537.36 (KHTML, like Gecko) Chrome/84.0.4147.125 Safari/537.36"
::1 - - [17/Aug/2020:20:04:45 +0900] "OPTIONS * HTTP/1.0" 200 126 "-" "Apache/2.4.41 (Ubuntu) OpenSSL/1.1.1g mod_wsgi/4.6.8 Python/3.8 (internal dummy connection)"
::1 - - [17/Aug/2020:20:04:46 +0900] "OPTIONS * HTTP/1.0" 200 126 "-" "Apache/2.4.41 (Ubuntu) OpenSSL/1.1.1g mod_wsgi/4.6.8 Python/3.8 (internal dummy connection)"
::1 - - [17/Aug/2020:20:04:47 +0900] "OPTIONS * HTTP/1.0" 200 126 "-" "Apache/2.4.41 (Ubuntu) OpenSSL/1.1.1g mod_wsgi/4.6.8 Python/3.8 (internal dummy connection)"
192.241.233.115 - - [17/Aug/2020:20:17:15 +0900] "GET /owa/auth/logon.aspx?url=https%3a%2f%2f1%2fecp%2f HTTP/1.1" 404 5683 "-" "Mozilla/5.0 zgrab/0.x"
128.14.209.234 - - [17/Aug/2020:20:17:59 +0900] "GET / HTTP/1.1" 404 5579 "-" "Mozilla/5.0 (Windows NT 10.0; Win64; x64) AppleWebKit/537.36 (KHTML, like Gecko) Chrome/60.0.3112.113 Safari/537.36"
117.111.12.73 - - [17/Aug/2020:20:23:29 +0900] "-" 408 3733 "-" "-"
117.111.12.73 - - [17/Aug/2020:20:25:32 +0900] "GET /portfolio/6/ HTTP/1.1" 200 9329 "http://unqocn.hopto.org:3000/" "Mozilla/5.0 (Windows NT 10.0; Win64; x64) AppleWebKit/537.36 (KHTML, like Gecko) Chrome/84.0.4147.125 Safari/537.36"
117.111.12.73 - - [17/Aug/2020:20:25:32 +0900] "GET /portfolio/3/ HTTP/1.1" 200 11770 "http://unqocn.hopto.org:3000/" "Mozilla/5.0 (Windows NT 10.0; Win64; x64) AppleWebKit/537.36 (KHTML, like Gecko) Chrome/84.0.4147.125 Safari/537.36"
117.111.12.73 - - [17/Aug/2020:20:25:32 +0900] "GET /portfolio/2/ HTTP/1.1" 200 11003 "http://unqocn.hopto.org:3000/" "Mozilla/5.0 (Windows NT 10.0; Win64; x64) AppleWebKit/537.36 (KHTML, like Gecko) Chrome/84.0.4147.125 Safari/537.36"
117.111.12.73 - - [17/Aug/2020:20:25:32 +0900] "GET /portfolio/1/ HTTP/1.1" 200 8801 "http://unqocn.hopto.org:3000/" "Mozilla/5.0 (Windows NT 10.0; Win64; x64) AppleWebKit/537.36 (KHTML, like Gecko) Chrome/84.0.4147.125 Safari/537.36"
117.111.12.73 - - [17/Aug/2020:20:25:32 +0900] "GET /portfolio/5/ HTTP/1.1" 200 9091 "http://unqocn.hopto.org:3000/" "Mozilla/5.0 (Windows NT 10.0; Win64; x64) AppleWebKit/537.36 (KHTML, like Gecko) Chrome/84.0.4147.125 Safari/537.36"
117.111.12.73 - - [17/Aug/2020:20:25:32 +0900] "GET /portfolio/4/ HTTP/1.1" 200 11122 "http://unqocn.hopto.org:3000/" "Mozilla/5.0 (Windows NT 10.0; Win64; x64) AppleWebKit/537.36 (KHTML, like Gecko) Chrome/84.0.4147.125 Safari/537.36"
::1 - - [17/Aug/2020:20:25:40 +0900] "OPTIONS * HTTP/1.0" 200 126 "-" "Apache/2.4.41 (Ubuntu) OpenSSL/1.1.1g mod_wsgi/4.6.8 Python/3.8 (internal dummy connection)"
::1 - - [17/Aug/2020:20:25:41 +0900] "OPTIONS * HTTP/1.0" 200 126 "-" "Apache/2.4.41 (Ubuntu) OpenSSL/1.1.1g mod_wsgi/4.6.8 Python/3.8 (internal dummy connection)"
::1 - - [17/Aug/2020:20:25:42 +0900] "OPTIONS * HTTP/1.0" 200 126 "-" "Apache/2.4.41 (Ubuntu) OpenSSL/1.1.1g mod_wsgi/4.6.8 Python/3.8 (internal dummy connection)"
117.111.12.73 - - [17/Aug/2020:20:28:49 +0900] "GET /portfolio/6/ HTTP/1.1" 200 6137 "http://unqocn.hopto.org:3000/" "Mozilla/5.0 (Windows NT 10.0; Win64; x64) AppleWebKit/537.36 (KHTML, like Gecko) Chrome/84.0.4147.125 Safari/537.36"
117.111.12.73 - - [17/Aug/2020:20:28:49 +0900] "GET /portfolio/5/ HTTP/1.1" 200 5899 "http://unqocn.hopto.org:3000/" "Mozilla/5.0 (Windows NT 10.0; Win64; x64) AppleWebKit/537.36 (KHTML, like Gecko) Chrome/84.0.4147.125 Safari/537.36"
117.111.12.73 - - [17/Aug/2020:20:28:49 +0900] "GET /portfolio/4/ HTTP/1.1" 200 11122 "http://unqocn.hopto.org:3000/" "Mozilla/5.0 (Windows NT 10.0; Win64; x64) AppleWebKit/537.36 (KHTML, like Gecko) Chrome/84.0.4147.125 Safari/537.36"
117.111.12.73 - - [17/Aug/2020:20:28:49 +0900] "GET /portfolio/3/ HTTP/1.1" 200 11770 "http://unqocn.hopto.org:3000/" "Mozilla/5.0 (Windows NT 10.0; Win64; x64) AppleWebKit/537.36 (KHTML, like Gecko) Chrome/84.0.4147.125 Safari/537.36"
117.111.12.73 - - [17/Aug/2020:20:28:49 +0900] "GET /portfolio/2/ HTTP/1.1" 200 11003 "http://unqocn.hopto.org:3000/" "Mozilla/5.0 (Windows NT 10.0; Win64; x64) AppleWebKit/537.36 (KHTML, like Gecko) Chrome/84.0.4147.125 Safari/537.36"
117.111.12.73 - - [17/Aug/2020:20:28:49 +0900] "GET /portfolio/1/ HTTP/1.1" 200 8801 "http://unqocn.hopto.org:3000/" "Mozilla/5.0 (Windows NT 10.0; Win64; x64) AppleWebKit/537.36 (KHTML, like Gecko) Chrome/84.0.4147.125 Safari/537.36"
::1 - - [17/Aug/2020:20:28:56 +0900] "OPTIONS * HTTP/1.0" 200 126 "-" "Apache/2.4.41 (Ubuntu) OpenSSL/1.1.1g mod_wsgi/4.6.8 Python/3.8 (internal dummy connection)"
117.111.12.73 - - [17/Aug/2020:20:29:11 +0900] "-" 408 3733 "-" "-"
117.111.12.73 - - [17/Aug/2020:20:29:11 +0900] "-" 408 3733 "-" "-"
::1 - - [17/Aug/2020:20:29:14 +0900] "OPTIONS * HTTP/1.0" 200 126 "-" "Apache/2.4.41 (Ubuntu) OpenSSL/1.1.1g mod_wsgi/4.6.8 Python/3.8 (internal dummy connection)"
::1 - - [17/Aug/2020:20:29:15 +0900] "OPTIONS * HTTP/1.0" 200 126 "-" "Apache/2.4.41 (Ubuntu) OpenSSL/1.1.1g mod_wsgi/4.6.8 Python/3.8 (internal dummy connection)"
117.111.12.73 - - [17/Aug/2020:20:29:23 +0900] "GET /portfolio/6/ HTTP/1.1" 200 6137 "http://unqocn.hopto.org:3000/" "Mozilla/5.0 (Windows NT 10.0; Win64; x64) AppleWebKit/537.36 (KHTML, like Gecko) Chrome/84.0.4147.125 Safari/537.36"
117.111.12.73 - - [17/Aug/2020:20:29:23 +0900] "GET /portfolio/2/ HTTP/1.1" 200 7811 "http://unqocn.hopto.org:3000/" "Mozilla/5.0 (Windows NT 10.0; Win64; x64) AppleWebKit/537.36 (KHTML, like Gecko) Chrome/84.0.4147.125 Safari/537.36"
117.111.12.73 - - [17/Aug/2020:20:29:23 +0900] "GET /portfolio/4/ HTTP/1.1" 200 11122 "http://unqocn.hopto.org:3000/" "Mozilla/5.0 (Windows NT 10.0; Win64; x64) AppleWebKit/537.36 (KHTML, like Gecko) Chrome/84.0.4147.125 Safari/537.36"
117.111.12.73 - - [17/Aug/2020:20:29:23 +0900] "GET /portfolio/5/ HTTP/1.1" 200 9091 "http://unqocn.hopto.org:3000/" "Mozilla/5.0 (Windows NT 10.0; Win64; x64) AppleWebKit/537.36 (KHTML, like Gecko) Chrome/84.0.4147.125 Safari/537.36"
117.111.12.73 - - [17/Aug/2020:20:29:23 +0900] "GET /portfolio/3/ HTTP/1.1" 200 11770 "http://unqocn.hopto.org:3000/" "Mozilla/5.0 (Windows NT 10.0; Win64; x64) AppleWebKit/537.36 (KHTML, like Gecko) Chrome/84.0.4147.125 Safari/537.36"
117.111.12.73 - - [17/Aug/2020:20:29:23 +0900] "GET /portfolio/1/ HTTP/1.1" 200 8801 "http://unqocn.hopto.org:3000/" "Mozilla/5.0 (Windows NT 10.0; Win64; x64) AppleWebKit/537.36 (KHTML, like Gecko) Chrome/84.0.4147.125 Safari/537.36"
117.111.12.73 - - [17/Aug/2020:20:29:25 +0900] "GET /portfolio/6/ HTTP/1.1" 200 5557 "http://unqocn.hopto.org:3000/" "Mozilla/5.0 (Windows NT 10.0; Win64; x64) AppleWebKit/537.36 (KHTML, like Gecko) Chrome/84.0.4147.125 Safari/537.36"
117.111.12.73 - - [17/Aug/2020:20:29:25 +0900] "GET /portfolio/5/ HTTP/1.1" 200 5319 "http://unqocn.hopto.org:3000/" "Mozilla/5.0 (Windows NT 10.0; Win64; x64) AppleWebKit/537.36 (KHTML, like Gecko) Chrome/84.0.4147.125 Safari/537.36"
117.111.12.73 - - [17/Aug/2020:20:29:25 +0900] "GET /portfolio/2/ HTTP/1.1" 200 7231 "http://unqocn.hopto.org:3000/" "Mozilla/5.0 (Windows NT 10.0; Win64; x64) AppleWebKit/537.36 (KHTML, like Gecko) Chrome/84.0.4147.125 Safari/537.36"
117.111.12.73 - - [17/Aug/2020:20:29:25 +0900] "GET /portfolio/1/ HTTP/1.1" 200 5029 "http://unqocn.hopto.org:3000/" "Mozilla/5.0 (Windows NT 10.0; Win64; x64) AppleWebKit/537.36 (KHTML, like Gecko) Chrome/84.0.4147.125 Safari/537.36"
117.111.12.73 - - [17/Aug/2020:20:29:25 +0900] "GET /portfolio/4/ HTTP/1.1" 200 7350 "http://unqocn.hopto.org:3000/" "Mozilla/5.0 (Windows NT 10.0; Win64; x64) AppleWebKit/537.36 (KHTML, like Gecko) Chrome/84.0.4147.125 Safari/537.36"
117.111.12.73 - - [17/Aug/2020:20:29:25 +0900] "GET /portfolio/3/ HTTP/1.1" 200 7998 "http://unqocn.hopto.org:3000/" "Mozilla/5.0 (Windows NT 10.0; Win64; x64) AppleWebKit/537.36 (KHTML, like Gecko) Chrome/84.0.4147.125 Safari/537.36"
::1 - - [17/Aug/2020:20:29:33 +0900] "OPTIONS * HTTP/1.0" 200 126 "-" "Apache/2.4.41 (Ubuntu) OpenSSL/1.1.1g mod_wsgi/4.6.8 Python/3.8 (internal dummy connection)"
::1 - - [17/Aug/2020:20:29:34 +0900] "OPTIONS * HTTP/1.0" 200 126 "-" "Apache/2.4.41 (Ubuntu) OpenSSL/1.1.1g mod_wsgi/4.6.8 Python/3.8 (internal dummy connection)"
117.111.12.73 - - [17/Aug/2020:20:30:25 +0900] "GET /portfolio/6/ HTTP/1.1" 200 6137 "http://unqocn.hopto.org:3000/" "Mozilla/5.0 (Windows NT 10.0; Win64; x64) AppleWebKit/537.36 (KHTML, like Gecko) Chrome/84.0.4147.125 Safari/537.36"
117.111.12.73 - - [17/Aug/2020:20:30:25 +0900] "GET /portfolio/5/ HTTP/1.1" 200 5899 "http://unqocn.hopto.org:3000/" "Mozilla/5.0 (Windows NT 10.0; Win64; x64) AppleWebKit/537.36 (KHTML, like Gecko) Chrome/84.0.4147.125 Safari/537.36"
117.111.12.73 - - [17/Aug/2020:20:30:25 +0900] "GET /portfolio/4/ HTTP/1.1" 200 11122 "http://unqocn.hopto.org:3000/" "Mozilla/5.0 (Windows NT 10.0; Win64; x64) AppleWebKit/537.36 (KHTML, like Gecko) Chrome/84.0.4147.125 Safari/537.36"
117.111.12.73 - - [17/Aug/2020:20:30:25 +0900] "GET /portfolio/1/ HTTP/1.1" 200 8801 "http://unqocn.hopto.org:3000/" "Mozilla/5.0 (Windows NT 10.0; Win64; x64) AppleWebKit/537.36 (KHTML, like Gecko) Chrome/84.0.4147.125 Safari/537.36"
117.111.12.73 - - [17/Aug/2020:20:30:25 +0900] "GET /portfolio/3/ HTTP/1.1" 200 11770 "http://unqocn.hopto.org:3000/" "Mozilla/5.0 (Windows NT 10.0; Win64; x64) AppleWebKit/537.36 (KHTML, like Gecko) Chrome/84.0.4147.125 Safari/537.36"
117.111.12.73 - - [17/Aug/2020:20:30:25 +0900] "GET /portfolio/2/ HTTP/1.1" 200 11003 "http://unqocn.hopto.org:3000/" "Mozilla/5.0 (Windows NT 10.0; Win64; x64) AppleWebKit/537.36 (KHTML, like Gecko) Chrome/84.0.4147.125 Safari/537.36"
::1 - - [17/Aug/2020:20:30:32 +0900] "OPTIONS * HTTP/1.0" 200 126 "-" "Apache/2.4.41 (Ubuntu) OpenSSL/1.1.1g mod_wsgi/4.6.8 Python/3.8 (internal dummy connection)"
117.111.12.73 - - [17/Aug/2020:20:30:45 +0900] "-" 408 3733 "-" "-"
117.111.12.73 - - [17/Aug/2020:20:30:45 +0900] "-" 408 3733 "-" "-"
::1 - - [17/Aug/2020:20:30:48 +0900] "OPTIONS * HTTP/1.0" 200 126 "-" "Apache/2.4.41 (Ubuntu) OpenSSL/1.1.1g mod_wsgi/4.6.8 Python/3.8 (internal dummy connection)"
::1 - - [17/Aug/2020:20:30:49 +0900] "OPTIONS * HTTP/1.0" 200 126 "-" "Apache/2.4.41 (Ubuntu) OpenSSL/1.1.1g mod_wsgi/4.6.8 Python/3.8 (internal dummy connection)"
117.111.12.73 - - [17/Aug/2020:20:31:41 +0900] "GET /portfolio/6/ HTTP/1.1" 200 6137 "http://unqocn.hopto.org:3000/" "Mozilla/5.0 (Windows NT 10.0; Win64; x64) AppleWebKit/537.36 (KHTML, like Gecko) Chrome/84.0.4147.125 Safari/537.36"
117.111.12.73 - - [17/Aug/2020:20:31:41 +0900] "GET /portfolio/5/ HTTP/1.1" 200 5899 "http://unqocn.hopto.org:3000/" "Mozilla/5.0 (Windows NT 10.0; Win64; x64) AppleWebKit/537.36 (KHTML, like Gecko) Chrome/84.0.4147.125 Safari/537.36"
117.111.12.73 - - [17/Aug/2020:20:31:41 +0900] "GET /portfolio/4/ HTTP/1.1" 200 11122 "http://unqocn.hopto.org:3000/" "Mozilla/5.0 (Windows NT 10.0; Win64; x64) AppleWebKit/537.36 (KHTML, like Gecko) Chrome/84.0.4147.125 Safari/537.36"
117.111.12.73 - - [17/Aug/2020:20:31:41 +0900] "GET /portfolio/3/ HTTP/1.1" 200 11770 "http://unqocn.hopto.org:3000/" "Mozilla/5.0 (Windows NT 10.0; Win64; x64) AppleWebKit/537.36 (KHTML, like Gecko) Chrome/84.0.4147.125 Safari/537.36"
117.111.12.73 - - [17/Aug/2020:20:31:41 +0900] "GET /portfolio/2/ HTTP/1.1" 200 11003 "http://unqocn.hopto.org:3000/" "Mozilla/5.0 (Windows NT 10.0; Win64; x64) AppleWebKit/537.36 (KHTML, like Gecko) Chrome/84.0.4147.125 Safari/537.36"
117.111.12.73 - - [17/Aug/2020:20:31:41 +0900] "GET /portfolio/1/ HTTP/1.1" 200 8801 "http://unqocn.hopto.org:3000/" "Mozilla/5.0 (Windows NT 10.0; Win64; x64) AppleWebKit/537.36 (KHTML, like Gecko) Chrome/84.0.4147.125 Safari/537.36"
::1 - - [17/Aug/2020:20:31:48 +0900] "OPTIONS * HTTP/1.0" 200 126 "-" "Apache/2.4.41 (Ubuntu) OpenSSL/1.1.1g mod_wsgi/4.6.8 Python/3.8 (internal dummy connection)"
::1 - - [17/Aug/2020:20:31:49 +0900] "OPTIONS * HTTP/1.0" 200 126 "-" "Apache/2.4.41 (Ubuntu) OpenSSL/1.1.1g mod_wsgi/4.6.8 Python/3.8 (internal dummy connection)"
::1 - - [17/Aug/2020:20:31:50 +0900] "OPTIONS * HTTP/1.0" 200 126 "-" "Apache/2.4.41 (Ubuntu) OpenSSL/1.1.1g mod_wsgi/4.6.8 Python/3.8 (internal dummy connection)"
::1 - - [17/Aug/2020:20:31:51 +0900] "OPTIONS * HTTP/1.0" 200 126 "-" "Apache/2.4.41 (Ubuntu) OpenSSL/1.1.1g mod_wsgi/4.6.8 Python/3.8 (internal dummy connection)"
::1 - - [17/Aug/2020:20:31:52 +0900] "OPTIONS * HTTP/1.0" 200 126 "-" "Apache/2.4.41 (Ubuntu) OpenSSL/1.1.1g mod_wsgi/4.6.8 Python/3.8 (internal dummy connection)"
::1 - - [17/Aug/2020:20:31:53 +0900] "OPTIONS * HTTP/1.0" 200 126 "-" "Apache/2.4.41 (Ubuntu) OpenSSL/1.1.1g mod_wsgi/4.6.8 Python/3.8 (internal dummy connection)"
117.111.12.73 - - [17/Aug/2020:20:32:02 +0900] "-" 408 563 "-" "-"
::1 - - [17/Aug/2020:20:32:04 +0900] "OPTIONS * HTTP/1.0" 200 126 "-" "Apache/2.4.41 (Ubuntu) OpenSSL/1.1.1g mod_wsgi/4.6.8 Python/3.8 (internal dummy connection)"
117.111.12.73 - - [17/Aug/2020:20:32:17 +0900] "GET /portfolio/6/ HTTP/1.1" 200 6137 "http://unqocn.hopto.org:3000/" "Mozilla/5.0 (Windows NT 10.0; Win64; x64) AppleWebKit/537.36 (KHTML, like Gecko) Chrome/84.0.4147.125 Safari/537.36"
117.111.12.73 - - [17/Aug/2020:20:32:17 +0900] "GET /portfolio/5/ HTTP/1.1" 200 5899 "http://unqocn.hopto.org:3000/" "Mozilla/5.0 (Windows NT 10.0; Win64; x64) AppleWebKit/537.36 (KHTML, like Gecko) Chrome/84.0.4147.125 Safari/537.36"
117.111.12.73 - - [17/Aug/2020:20:32:17 +0900] "GET /portfolio/4/ HTTP/1.1" 200 11122 "http://unqocn.hopto.org:3000/" "Mozilla/5.0 (Windows NT 10.0; Win64; x64) AppleWebKit/537.36 (KHTML, like Gecko) Chrome/84.0.4147.125 Safari/537.36"
117.111.12.73 - - [17/Aug/2020:20:32:17 +0900] "GET /portfolio/2/ HTTP/1.1" 200 11003 "http://unqocn.hopto.org:3000/" "Mozilla/5.0 (Windows NT 10.0; Win64; x64) AppleWebKit/537.36 (KHTML, like Gecko) Chrome/84.0.4147.125 Safari/537.36"
117.111.12.73 - - [17/Aug/2020:20:32:17 +0900] "GET /portfolio/1/ HTTP/1.1" 200 8801 "http://unqocn.hopto.org:3000/" "Mozilla/5.0 (Windows NT 10.0; Win64; x64) AppleWebKit/537.36 (KHTML, like Gecko) Chrome/84.0.4147.125 Safari/537.36"
117.111.12.73 - - [17/Aug/2020:20:32:17 +0900] "GET /portfolio/3/ HTTP/1.1" 200 11770 "http://unqocn.hopto.org:3000/" "Mozilla/5.0 (Windows NT 10.0; Win64; x64) AppleWebKit/537.36 (KHTML, like Gecko) Chrome/84.0.4147.125 Safari/537.36"
::1 - - [17/Aug/2020:20:32:25 +0900] "OPTIONS * HTTP/1.0" 200 126 "-" "Apache/2.4.41 (Ubuntu) OpenSSL/1.1.1g mod_wsgi/4.6.8 Python/3.8 (internal dummy connection)"
::1 - - [17/Aug/2020:20:32:26 +0900] "OPTIONS * HTTP/1.0" 200 126 "-" "Apache/2.4.41 (Ubuntu) OpenSSL/1.1.1g mod_wsgi/4.6.8 Python/3.8 (internal dummy connection)"
117.111.12.73 - - [17/Aug/2020:20:32:32 +0900] "GET /portfolio/6/ HTTP/1.1" 200 6137 "http://unqocn.hopto.org:3000/" "Mozilla/5.0 (Windows NT 10.0; Win64; x64) AppleWebKit/537.36 (KHTML, like Gecko) Chrome/84.0.4147.125 Safari/537.36"
117.111.12.73 - - [17/Aug/2020:20:32:32 +0900] "GET /portfolio/5/ HTTP/1.1" 200 5899 "http://unqocn.hopto.org:3000/" "Mozilla/5.0 (Windows NT 10.0; Win64; x64) AppleWebKit/537.36 (KHTML, like Gecko) Chrome/84.0.4147.125 Safari/537.36"
117.111.12.73 - - [17/Aug/2020:20:32:32 +0900] "GET /portfolio/4/ HTTP/1.1" 200 11122 "http://unqocn.hopto.org:3000/" "Mozilla/5.0 (Windows NT 10.0; Win64; x64) AppleWebKit/537.36 (KHTML, like Gecko) Chrome/84.0.4147.125 Safari/537.36"
117.111.12.73 - - [17/Aug/2020:20:32:32 +0900] "GET /portfolio/3/ HTTP/1.1" 200 11770 "http://unqocn.hopto.org:3000/" "Mozilla/5.0 (Windows NT 10.0; Win64; x64) AppleWebKit/537.36 (KHTML, like Gecko) Chrome/84.0.4147.125 Safari/537.36"
117.111.12.73 - - [17/Aug/2020:20:32:32 +0900] "GET /portfolio/1/ HTTP/1.1" 200 8801 "http://unqocn.hopto.org:3000/" "Mozilla/5.0 (Windows NT 10.0; Win64; x64) AppleWebKit/537.36 (KHTML, like Gecko) Chrome/84.0.4147.125 Safari/537.36"
117.111.12.73 - - [17/Aug/2020:20:32:32 +0900] "GET /portfolio/2/ HTTP/1.1" 200 11003 "http://unqocn.hopto.org:3000/" "Mozilla/5.0 (Windows NT 10.0; Win64; x64) AppleWebKit/537.36 (KHTML, like Gecko) Chrome/84.0.4147.125 Safari/537.36"
117.111.12.73 - - [17/Aug/2020:20:32:34 +0900] "GET /portfolio/6/ HTTP/1.1" 200 5557 "http://unqocn.hopto.org:3000/" "Mozilla/5.0 (Windows NT 10.0; Win64; x64) AppleWebKit/537.36 (KHTML, like Gecko) Chrome/84.0.4147.125 Safari/537.36"
117.111.12.73 - - [17/Aug/2020:20:32:34 +0900] "GET /portfolio/2/ HTTP/1.1" 200 7231 "http://unqocn.hopto.org:3000/" "Mozilla/5.0 (Windows NT 10.0; Win64; x64) AppleWebKit/537.36 (KHTML, like Gecko) Chrome/84.0.4147.125 Safari/537.36"
117.111.12.73 - - [17/Aug/2020:20:32:34 +0900] "GET /portfolio/4/ HTTP/1.1" 200 7350 "http://unqocn.hopto.org:3000/" "Mozilla/5.0 (Windows NT 10.0; Win64; x64) AppleWebKit/537.36 (KHTML, like Gecko) Chrome/84.0.4147.125 Safari/537.36"
117.111.12.73 - - [17/Aug/2020:20:32:34 +0900] "GET /portfolio/3/ HTTP/1.1" 200 7998 "http://unqocn.hopto.org:3000/" "Mozilla/5.0 (Windows NT 10.0; Win64; x64) AppleWebKit/537.36 (KHTML, like Gecko) Chrome/84.0.4147.125 Safari/537.36"
117.111.12.73 - - [17/Aug/2020:20:32:34 +0900] "GET /portfolio/5/ HTTP/1.1" 200 5319 "http://unqocn.hopto.org:3000/" "Mozilla/5.0 (Windows NT 10.0; Win64; x64) AppleWebKit/537.36 (KHTML, like Gecko) Chrome/84.0.4147.125 Safari/537.36"
117.111.12.73 - - [17/Aug/2020:20:32:34 +0900] "GET /portfolio/1/ HTTP/1.1" 200 5029 "http://unqocn.hopto.org:3000/" "Mozilla/5.0 (Windows NT 10.0; Win64; x64) AppleWebKit/537.36 (KHTML, like Gecko) Chrome/84.0.4147.125 Safari/537.36"
117.111.12.73 - - [17/Aug/2020:20:32:37 +0900] "-" 408 3733 "-" "-"
::1 - - [17/Aug/2020:20:32:42 +0900] "OPTIONS * HTTP/1.0" 200 126 "-" "Apache/2.4.41 (Ubuntu) OpenSSL/1.1.1g mod_wsgi/4.6.8 Python/3.8 (internal dummy connection)"
::1 - - [17/Aug/2020:20:32:43 +0900] "OPTIONS * HTTP/1.0" 200 126 "-" "Apache/2.4.41 (Ubuntu) OpenSSL/1.1.1g mod_wsgi/4.6.8 Python/3.8 (internal dummy connection)"
117.111.12.73 - - [17/Aug/2020:20:32:45 +0900] "GET /portfolio/5/ HTTP/1.1" 200 5899 "http://unqocn.hopto.org:3000/" "Mozilla/5.0 (iPhone; CPU iPhone OS 13_2_3 like Mac OS X) AppleWebKit/605.1.15 (KHTML, like Gecko) Version/13.0.3 Mobile/15E148 Safari/604.1"
117.111.12.73 - - [17/Aug/2020:20:32:45 +0900] "GET /portfolio/6/ HTTP/1.1" 200 6137 "http://unqocn.hopto.org:3000/" "Mozilla/5.0 (iPhone; CPU iPhone OS 13_2_3 like Mac OS X) AppleWebKit/605.1.15 (KHTML, like Gecko) Version/13.0.3 Mobile/15E148 Safari/604.1"
117.111.12.73 - - [17/Aug/2020:20:32:45 +0900] "GET /portfolio/2/ HTTP/1.1" 200 11003 "http://unqocn.hopto.org:3000/" "Mozilla/5.0 (iPhone; CPU iPhone OS 13_2_3 like Mac OS X) AppleWebKit/605.1.15 (KHTML, like Gecko) Version/13.0.3 Mobile/15E148 Safari/604.1"
117.111.12.73 - - [17/Aug/2020:20:32:45 +0900] "GET /portfolio/3/ HTTP/1.1" 200 11770 "http://unqocn.hopto.org:3000/" "Mozilla/5.0 (iPhone; CPU iPhone OS 13_2_3 like Mac OS X) AppleWebKit/605.1.15 (KHTML, like Gecko) Version/13.0.3 Mobile/15E148 Safari/604.1"
117.111.12.73 - - [17/Aug/2020:20:32:45 +0900] "GET /portfolio/1/ HTTP/1.1" 200 8801 "http://unqocn.hopto.org:3000/" "Mozilla/5.0 (iPhone; CPU iPhone OS 13_2_3 like Mac OS X) AppleWebKit/605.1.15 (KHTML, like Gecko) Version/13.0.3 Mobile/15E148 Safari/604.1"
117.111.12.73 - - [17/Aug/2020:20:32:45 +0900] "GET /portfolio/4/ HTTP/1.1" 200 11122 "http://unqocn.hopto.org:3000/" "Mozilla/5.0 (iPhone; CPU iPhone OS 13_2_3 like Mac OS X) AppleWebKit/605.1.15 (KHTML, like Gecko) Version/13.0.3 Mobile/15E148 Safari/604.1"
::1 - - [17/Aug/2020:20:32:54 +0900] "OPTIONS * HTTP/1.0" 200 126 "-" "Apache/2.4.41 (Ubuntu) OpenSSL/1.1.1g mod_wsgi/4.6.8 Python/3.8 (internal dummy connection)"
117.111.12.73 - - [17/Aug/2020:20:33:28 +0900] "GET /portfolio/6/ HTTP/1.1" 200 6137 "http://unqocn.hopto.org:3000/" "Mozilla/5.0 (Windows NT 10.0; Win64; x64) AppleWebKit/537.36 (KHTML, like Gecko) Chrome/84.0.4147.125 Safari/537.36"
117.111.12.73 - - [17/Aug/2020:20:33:28 +0900] "GET /portfolio/5/ HTTP/1.1" 200 5899 "http://unqocn.hopto.org:3000/" "Mozilla/5.0 (Windows NT 10.0; Win64; x64) AppleWebKit/537.36 (KHTML, like Gecko) Chrome/84.0.4147.125 Safari/537.36"
117.111.12.73 - - [17/Aug/2020:20:33:28 +0900] "GET /portfolio/4/ HTTP/1.1" 200 11122 "http://unqocn.hopto.org:3000/" "Mozilla/5.0 (Windows NT 10.0; Win64; x64) AppleWebKit/537.36 (KHTML, like Gecko) Chrome/84.0.4147.125 Safari/537.36"
117.111.12.73 - - [17/Aug/2020:20:33:28 +0900] "GET /portfolio/2/ HTTP/1.1" 200 11003 "http://unqocn.hopto.org:3000/" "Mozilla/5.0 (Windows NT 10.0; Win64; x64) AppleWebKit/537.36 (KHTML, like Gecko) Chrome/84.0.4147.125 Safari/537.36"
117.111.12.73 - - [17/Aug/2020:20:33:28 +0900] "GET /portfolio/1/ HTTP/1.1" 200 8801 "http://unqocn.hopto.org:3000/" "Mozilla/5.0 (Windows NT 10.0; Win64; x64) AppleWebKit/537.36 (KHTML, like Gecko) Chrome/84.0.4147.125 Safari/537.36"
117.111.12.73 - - [17/Aug/2020:20:33:28 +0900] "GET /portfolio/3/ HTTP/1.1" 200 11770 "http://unqocn.hopto.org:3000/" "Mozilla/5.0 (Windows NT 10.0; Win64; x64) AppleWebKit/537.36 (KHTML, like Gecko) Chrome/84.0.4147.125 Safari/537.36"
::1 - - [17/Aug/2020:20:33:35 +0900] "OPTIONS * HTTP/1.0" 200 126 "-" "Apache/2.4.41 (Ubuntu) OpenSSL/1.1.1g mod_wsgi/4.6.8 Python/3.8 (internal dummy connection)"
::1 - - [17/Aug/2020:20:33:36 +0900] "OPTIONS * HTTP/1.0" 200 126 "-" "Apache/2.4.41 (Ubuntu) OpenSSL/1.1.1g mod_wsgi/4.6.8 Python/3.8 (internal dummy connection)"
::1 - - [17/Aug/2020:20:33:37 +0900] "OPTIONS * HTTP/1.0" 200 126 "-" "Apache/2.4.41 (Ubuntu) OpenSSL/1.1.1g mod_wsgi/4.6.8 Python/3.8 (internal dummy connection)"
117.111.12.73 - - [17/Aug/2020:20:33:47 +0900] "GET /portfolio/6/ HTTP/1.1" 200 6137 "http://unqocn.hopto.org:3000/" "Mozilla/5.0 (Windows NT 10.0; Win64; x64) AppleWebKit/537.36 (KHTML, like Gecko) Chrome/84.0.4147.125 Safari/537.36"
117.111.12.73 - - [17/Aug/2020:20:33:47 +0900] "GET /portfolio/4/ HTTP/1.1" 200 11122 "http://unqocn.hopto.org:3000/" "Mozilla/5.0 (Windows NT 10.0; Win64; x64) AppleWebKit/537.36 (KHTML, like Gecko) Chrome/84.0.4147.125 Safari/537.36"
117.111.12.73 - - [17/Aug/2020:20:33:47 +0900] "GET /portfolio/3/ HTTP/1.1" 200 11770 "http://unqocn.hopto.org:3000/" "Mozilla/5.0 (Windows NT 10.0; Win64; x64) AppleWebKit/537.36 (KHTML, like Gecko) Chrome/84.0.4147.125 Safari/537.36"
117.111.12.73 - - [17/Aug/2020:20:33:47 +0900] "GET /portfolio/5/ HTTP/1.1" 200 5899 "http://unqocn.hopto.org:3000/" "Mozilla/5.0 (Windows NT 10.0; Win64; x64) AppleWebKit/537.36 (KHTML, like Gecko) Chrome/84.0.4147.125 Safari/537.36"
117.111.12.73 - - [17/Aug/2020:20:33:47 +0900] "GET /portfolio/2/ HTTP/1.1" 200 11003 "http://unqocn.hopto.org:3000/" "Mozilla/5.0 (Windows NT 10.0; Win64; x64) AppleWebKit/537.36 (KHTML, like Gecko) Chrome/84.0.4147.125 Safari/537.36"
117.111.12.73 - - [17/Aug/2020:20:33:47 +0900] "GET /portfolio/1/ HTTP/1.1" 200 8801 "http://unqocn.hopto.org:3000/" "Mozilla/5.0 (Windows NT 10.0; Win64; x64) AppleWebKit/537.36 (KHTML, like Gecko) Chrome/84.0.4147.125 Safari/537.36"
::1 - - [17/Aug/2020:20:33:54 +0900] "OPTIONS * HTTP/1.0" 200 126 "-" "Apache/2.4.41 (Ubuntu) OpenSSL/1.1.1g mod_wsgi/4.6.8 Python/3.8 (internal dummy connection)"
::1 - - [17/Aug/2020:20:33:55 +0900] "OPTIONS * HTTP/1.0" 200 126 "-" "Apache/2.4.41 (Ubuntu) OpenSSL/1.1.1g mod_wsgi/4.6.8 Python/3.8 (internal dummy connection)"
::1 - - [17/Aug/2020:20:33:56 +0900] "OPTIONS * HTTP/1.0" 200 126 "-" "Apache/2.4.41 (Ubuntu) OpenSSL/1.1.1g mod_wsgi/4.6.8 Python/3.8 (internal dummy connection)"
117.111.12.73 - - [17/Aug/2020:20:34:11 +0900] "GET /portfolio/1/ HTTP/1.1" 200 8801 "http://unqocn.hopto.org:3000/" "Mozilla/5.0 (Windows NT 10.0; Win64; x64) AppleWebKit/537.36 (KHTML, like Gecko) Chrome/84.0.4147.125 Safari/537.36"
117.111.12.73 - - [17/Aug/2020:20:34:11 +0900] "GET /portfolio/6/ HTTP/1.1" 200 6137 "http://unqocn.hopto.org:3000/" "Mozilla/5.0 (Windows NT 10.0; Win64; x64) AppleWebKit/537.36 (KHTML, like Gecko) Chrome/84.0.4147.125 Safari/537.36"
117.111.12.73 - - [17/Aug/2020:20:34:11 +0900] "GET /portfolio/5/ HTTP/1.1" 200 5899 "http://unqocn.hopto.org:3000/" "Mozilla/5.0 (Windows NT 10.0; Win64; x64) AppleWebKit/537.36 (KHTML, like Gecko) Chrome/84.0.4147.125 Safari/537.36"
117.111.12.73 - - [17/Aug/2020:20:34:11 +0900] "GET /portfolio/3/ HTTP/1.1" 200 11770 "http://unqocn.hopto.org:3000/" "Mozilla/5.0 (Windows NT 10.0; Win64; x64) AppleWebKit/537.36 (KHTML, like Gecko) Chrome/84.0.4147.125 Safari/537.36"
117.111.12.73 - - [17/Aug/2020:20:34:11 +0900] "GET /portfolio/2/ HTTP/1.1" 200 11003 "http://unqocn.hopto.org:3000/" "Mozilla/5.0 (Windows NT 10.0; Win64; x64) AppleWebKit/537.36 (KHTML, like Gecko) Chrome/84.0.4147.125 Safari/537.36"
117.111.12.73 - - [17/Aug/2020:20:34:11 +0900] "GET /portfolio/4/ HTTP/1.1" 200 11122 "http://unqocn.hopto.org:3000/" "Mozilla/5.0 (Windows NT 10.0; Win64; x64) AppleWebKit/537.36 (KHTML, like Gecko) Chrome/84.0.4147.125 Safari/537.36"
::1 - - [17/Aug/2020:20:34:18 +0900] "OPTIONS * HTTP/1.0" 200 126 "-" "Apache/2.4.41 (Ubuntu) OpenSSL/1.1.1g mod_wsgi/4.6.8 Python/3.8 (internal dummy connection)"
117.111.12.73 - - [17/Aug/2020:20:34:20 +0900] "GET /portfolio/5/ HTTP/1.1" 200 5899 "http://unqocn.hopto.org:3000/" "Mozilla/5.0 (Windows NT 10.0; Win64; x64) AppleWebKit/537.36 (KHTML, like Gecko) Chrome/84.0.4147.125 Safari/537.36"
117.111.12.73 - - [17/Aug/2020:20:34:20 +0900] "GET /portfolio/6/ HTTP/1.1" 200 6137 "http://unqocn.hopto.org:3000/" "Mozilla/5.0 (Windows NT 10.0; Win64; x64) AppleWebKit/537.36 (KHTML, like Gecko) Chrome/84.0.4147.125 Safari/537.36"
117.111.12.73 - - [17/Aug/2020:20:34:20 +0900] "GET /portfolio/3/ HTTP/1.1" 200 11770 "http://unqocn.hopto.org:3000/" "Mozilla/5.0 (Windows NT 10.0; Win64; x64) AppleWebKit/537.36 (KHTML, like Gecko) Chrome/84.0.4147.125 Safari/537.36"
117.111.12.73 - - [17/Aug/2020:20:34:20 +0900] "GET /portfolio/4/ HTTP/1.1" 200 11122 "http://unqocn.hopto.org:3000/" "Mozilla/5.0 (Windows NT 10.0; Win64; x64) AppleWebKit/537.36 (KHTML, like Gecko) Chrome/84.0.4147.125 Safari/537.36"
117.111.12.73 - - [17/Aug/2020:20:34:20 +0900] "GET /portfolio/1/ HTTP/1.1" 200 8801 "http://unqocn.hopto.org:3000/" "Mozilla/5.0 (Windows NT 10.0; Win64; x64) AppleWebKit/537.36 (KHTML, like Gecko) Chrome/84.0.4147.125 Safari/537.36"
117.111.12.73 - - [17/Aug/2020:20:34:20 +0900] "GET /portfolio/2/ HTTP/1.1" 200 11003 "http://unqocn.hopto.org:3000/" "Mozilla/5.0 (Windows NT 10.0; Win64; x64) AppleWebKit/537.36 (KHTML, like Gecko) Chrome/84.0.4147.125 Safari/537.36"
::1 - - [17/Aug/2020:20:34:27 +0900] "OPTIONS * HTTP/1.0" 200 126 "-" "Apache/2.4.41 (Ubuntu) OpenSSL/1.1.1g mod_wsgi/4.6.8 Python/3.8 (internal dummy connection)"
::1 - - [17/Aug/2020:20:34:28 +0900] "OPTIONS * HTTP/1.0" 200 126 "-" "Apache/2.4.41 (Ubuntu) OpenSSL/1.1.1g mod_wsgi/4.6.8 Python/3.8 (internal dummy connection)"
117.111.12.73 - - [17/Aug/2020:20:34:40 +0900] "-" 408 563 "-" "-"
::1 - - [17/Aug/2020:20:34:43 +0900] "OPTIONS * HTTP/1.0" 200 126 "-" "Apache/2.4.41 (Ubuntu) OpenSSL/1.1.1g mod_wsgi/4.6.8 Python/3.8 (internal dummy connection)"
117.111.12.73 - - [17/Aug/2020:20:34:46 +0900] "GET /portfolio/6/ HTTP/1.1" 200 6137 "http://unqocn.hopto.org:3000/" "Mozilla/5.0 (Windows NT 10.0; Win64; x64) AppleWebKit/537.36 (KHTML, like Gecko) Chrome/84.0.4147.125 Safari/537.36"
117.111.12.73 - - [17/Aug/2020:20:34:46 +0900] "GET /portfolio/5/ HTTP/1.1" 200 5899 "http://unqocn.hopto.org:3000/" "Mozilla/5.0 (Windows NT 10.0; Win64; x64) AppleWebKit/537.36 (KHTML, like Gecko) Chrome/84.0.4147.125 Safari/537.36"
117.111.12.73 - - [17/Aug/2020:20:34:46 +0900] "GET /portfolio/1/ HTTP/1.1" 200 8801 "http://unqocn.hopto.org:3000/" "Mozilla/5.0 (Windows NT 10.0; Win64; x64) AppleWebKit/537.36 (KHTML, like Gecko) Chrome/84.0.4147.125 Safari/537.36"
117.111.12.73 - - [17/Aug/2020:20:34:46 +0900] "GET /portfolio/4/ HTTP/1.1" 200 11122 "http://unqocn.hopto.org:3000/" "Mozilla/5.0 (Windows NT 10.0; Win64; x64) AppleWebKit/537.36 (KHTML, like Gecko) Chrome/84.0.4147.125 Safari/537.36"
117.111.12.73 - - [17/Aug/2020:20:34:46 +0900] "GET /portfolio/2/ HTTP/1.1" 200 11003 "http://unqocn.hopto.org:3000/" "Mozilla/5.0 (Windows NT 10.0; Win64; x64) AppleWebKit/537.36 (KHTML, like Gecko) Chrome/84.0.4147.125 Safari/537.36"
117.111.12.73 - - [17/Aug/2020:20:34:46 +0900] "GET /portfolio/3/ HTTP/1.1" 200 11770 "http://unqocn.hopto.org:3000/" "Mozilla/5.0 (Windows NT 10.0; Win64; x64) AppleWebKit/537.36 (KHTML, like Gecko) Chrome/84.0.4147.125 Safari/537.36"
::1 - - [17/Aug/2020:20:34:53 +0900] "OPTIONS * HTTP/1.0" 200 126 "-" "Apache/2.4.41 (Ubuntu) OpenSSL/1.1.1g mod_wsgi/4.6.8 Python/3.8 (internal dummy connection)"
::1 - - [17/Aug/2020:20:34:54 +0900] "OPTIONS * HTTP/1.0" 200 126 "-" "Apache/2.4.41 (Ubuntu) OpenSSL/1.1.1g mod_wsgi/4.6.8 Python/3.8 (internal dummy connection)"
::1 - - [17/Aug/2020:20:34:55 +0900] "OPTIONS * HTTP/1.0" 200 126 "-" "Apache/2.4.41 (Ubuntu) OpenSSL/1.1.1g mod_wsgi/4.6.8 Python/3.8 (internal dummy connection)"
::1 - - [17/Aug/2020:20:34:56 +0900] "OPTIONS * HTTP/1.0" 200 126 "-" "Apache/2.4.41 (Ubuntu) OpenSSL/1.1.1g mod_wsgi/4.6.8 Python/3.8 (internal dummy connection)"
::1 - - [17/Aug/2020:20:34:57 +0900] "OPTIONS * HTTP/1.0" 200 126 "-" "Apache/2.4.41 (Ubuntu) OpenSSL/1.1.1g mod_wsgi/4.6.8 Python/3.8 (internal dummy connection)"
117.111.12.73 - - [17/Aug/2020:20:35:07 +0900] "-" 408 563 "-" "-"
117.111.12.73 - - [17/Aug/2020:20:35:07 +0900] "-" 408 563 "-" "-"
::1 - - [17/Aug/2020:20:35:09 +0900] "OPTIONS * HTTP/1.0" 200 126 "-" "Apache/2.4.41 (Ubuntu) OpenSSL/1.1.1g mod_wsgi/4.6.8 Python/3.8 (internal dummy connection)"
::1 - - [17/Aug/2020:20:35:10 +0900] "OPTIONS * HTTP/1.0" 200 126 "-" "Apache/2.4.41 (Ubuntu) OpenSSL/1.1.1g mod_wsgi/4.6.8 Python/3.8 (internal dummy connection)"
117.111.12.73 - - [17/Aug/2020:20:36:14 +0900] "GET /portfolio/6/ HTTP/1.1" 200 6137 "http://unqocn.hopto.org:3000/" "Mozilla/5.0 (Windows NT 10.0; Win64; x64) AppleWebKit/537.36 (KHTML, like Gecko) Chrome/84.0.4147.125 Safari/537.36"
117.111.12.73 - - [17/Aug/2020:20:36:14 +0900] "GET /portfolio/4/ HTTP/1.1" 200 11122 "http://unqocn.hopto.org:3000/" "Mozilla/5.0 (Windows NT 10.0; Win64; x64) AppleWebKit/537.36 (KHTML, like Gecko) Chrome/84.0.4147.125 Safari/537.36"
117.111.12.73 - - [17/Aug/2020:20:36:14 +0900] "GET /portfolio/5/ HTTP/1.1" 200 5899 "http://unqocn.hopto.org:3000/" "Mozilla/5.0 (Windows NT 10.0; Win64; x64) AppleWebKit/537.36 (KHTML, like Gecko) Chrome/84.0.4147.125 Safari/537.36"
117.111.12.73 - - [17/Aug/2020:20:36:14 +0900] "GET /portfolio/3/ HTTP/1.1" 200 11770 "http://unqocn.hopto.org:3000/" "Mozilla/5.0 (Windows NT 10.0; Win64; x64) AppleWebKit/537.36 (KHTML, like Gecko) Chrome/84.0.4147.125 Safari/537.36"
117.111.12.73 - - [17/Aug/2020:20:36:14 +0900] "GET /portfolio/1/ HTTP/1.1" 200 8801 "http://unqocn.hopto.org:3000/" "Mozilla/5.0 (Windows NT 10.0; Win64; x64) AppleWebKit/537.36 (KHTML, like Gecko) Chrome/84.0.4147.125 Safari/537.36"
117.111.12.73 - - [17/Aug/2020:20:36:14 +0900] "GET /portfolio/2/ HTTP/1.1" 200 11003 "http://unqocn.hopto.org:3000/" "Mozilla/5.0 (Windows NT 10.0; Win64; x64) AppleWebKit/537.36 (KHTML, like Gecko) Chrome/84.0.4147.125 Safari/537.36"
::1 - - [17/Aug/2020:20:36:22 +0900] "OPTIONS * HTTP/1.0" 200 126 "-" "Apache/2.4.41 (Ubuntu) OpenSSL/1.1.1g mod_wsgi/4.6.8 Python/3.8 (internal dummy connection)"
117.111.12.73 - - [17/Aug/2020:20:36:25 +0900] "GET /portfolio/6/ HTTP/1.1" 200 6137 "http://unqocn.hopto.org:3000/" "Mozilla/5.0 (Windows NT 10.0; Win64; x64) AppleWebKit/537.36 (KHTML, like Gecko) Chrome/84.0.4147.125 Safari/537.36"
117.111.12.73 - - [17/Aug/2020:20:36:25 +0900] "GET /portfolio/3/ HTTP/1.1" 200 11770 "http://unqocn.hopto.org:3000/" "Mozilla/5.0 (Windows NT 10.0; Win64; x64) AppleWebKit/537.36 (KHTML, like Gecko) Chrome/84.0.4147.125 Safari/537.36"
117.111.12.73 - - [17/Aug/2020:20:36:25 +0900] "GET /portfolio/1/ HTTP/1.1" 200 8801 "http://unqocn.hopto.org:3000/" "Mozilla/5.0 (Windows NT 10.0; Win64; x64) AppleWebKit/537.36 (KHTML, like Gecko) Chrome/84.0.4147.125 Safari/537.36"
117.111.12.73 - - [17/Aug/2020:20:36:25 +0900] "GET /portfolio/5/ HTTP/1.1" 200 9091 "http://unqocn.hopto.org:3000/" "Mozilla/5.0 (Windows NT 10.0; Win64; x64) AppleWebKit/537.36 (KHTML, like Gecko) Chrome/84.0.4147.125 Safari/537.36"
117.111.12.73 - - [17/Aug/2020:20:36:25 +0900] "GET /portfolio/2/ HTTP/1.1" 200 11003 "http://unqocn.hopto.org:3000/" "Mozilla/5.0 (Windows NT 10.0; Win64; x64) AppleWebKit/537.36 (KHTML, like Gecko) Chrome/84.0.4147.125 Safari/537.36"
117.111.12.73 - - [17/Aug/2020:20:36:25 +0900] "GET /portfolio/4/ HTTP/1.1" 200 7930 "http://unqocn.hopto.org:3000/" "Mozilla/5.0 (Windows NT 10.0; Win64; x64) AppleWebKit/537.36 (KHTML, like Gecko) Chrome/84.0.4147.125 Safari/537.36"
::1 - - [17/Aug/2020:20:36:32 +0900] "OPTIONS * HTTP/1.0" 200 126 "-" "Apache/2.4.41 (Ubuntu) OpenSSL/1.1.1g mod_wsgi/4.6.8 Python/3.8 (internal dummy connection)"
117.111.12.73 - - [17/Aug/2020:20:36:35 +0900] "-" 408 563 "-" "-"
