128.14.209.178 - - [23/Jul/2020:21:51:26 +0900] "GET / HTTP/1.1" 404 2352 "-" "Mozilla/5.0 (Windows NT 10.0; Win64; x64) AppleWebKit/537.36 (KHTML, like Gecko) Chrome/60.0.3112.113 Safari/537.36"
106.102.0.216 - - [23/Jul/2020:22:44:03 +0900] "-" 408 579 "-" "-"
192.168.219.105 - - [23/Jul/2020:22:44:06 +0900] "GET /news/today HTTP/1.1" 301 4144 "https://unqocn.hopto.org/" "Mozilla/5.0 (Windows NT 10.0; Win64; x64) AppleWebKit/537.36 (KHTML, like Gecko) Chrome/84.0.4147.89 Safari/537.36"
192.168.219.105 - - [23/Jul/2020:22:44:06 +0900] "GET /news/today/ HTTP/1.1" 200 14015 "https://unqocn.hopto.org/" "Mozilla/5.0 (Windows NT 10.0; Win64; x64) AppleWebKit/537.36 (KHTML, like Gecko) Chrome/84.0.4147.89 Safari/537.36"
192.168.219.105 - - [23/Jul/2020:22:44:26 +0900] "-" 408 563 "-" "-"
::1 - - [23/Jul/2020:22:45:52 +0900] "OPTIONS * HTTP/1.0" 200 126 "-" "Apache/2.4.41 (Ubuntu) OpenSSL/1.1.1g mod_wsgi/4.6.8 Python/3.8 (internal dummy connection)"
192.168.219.105 - - [23/Jul/2020:22:46:05 +0900] "-" 408 3776 "-" "-"
::1 - - [23/Jul/2020:22:46:08 +0900] "OPTIONS * HTTP/1.0" 200 126 "-" "Apache/2.4.41 (Ubuntu) OpenSSL/1.1.1g mod_wsgi/4.6.8 Python/3.8 (internal dummy connection)"
192.168.219.105 - - [23/Jul/2020:22:46:30 +0900] "GET / HTTP/1.1" 404 6227 "-" "Mozilla/5.0 (Windows NT 10.0; Win64; x64) AppleWebKit/537.36 (KHTML, like Gecko) Chrome/84.0.4147.89 Safari/537.36"
192.168.219.105 - - [23/Jul/2020:22:46:31 +0900] "GET /favicon.ico HTTP/1.1" 404 2506 "https://unqocn-api.hopto.org/" "Mozilla/5.0 (Windows NT 10.0; Win64; x64) AppleWebKit/537.36 (KHTML, like Gecko) Chrome/84.0.4147.89 Safari/537.36"
192.168.219.105 - - [23/Jul/2020:22:46:34 +0900] "GET /news/today/ HTTP/1.1" 200 17787 "https://unqocn.hopto.org/" "Mozilla/5.0 (Windows NT 10.0; Win64; x64) AppleWebKit/537.36 (KHTML, like Gecko) Chrome/84.0.4147.89 Safari/537.36"
192.168.219.105 - - [23/Jul/2020:22:46:45 +0900] "-" 408 579 "-" "-"
192.168.219.105 - - [23/Jul/2020:22:46:50 +0900] "-" 408 3771 "-" "-"
::1 - - [23/Jul/2020:22:46:53 +0900] "OPTIONS * HTTP/1.0" 200 126 "-" "Apache/2.4.41 (Ubuntu) OpenSSL/1.1.1g mod_wsgi/4.6.8 Python/3.8 (internal dummy connection)"
192.168.219.105 - - [23/Jul/2020:22:47:50 +0900] "-" 408 563 "-" "-"
192.168.219.105 - - [23/Jul/2020:22:48:30 +0900] "-" 408 563 "-" "-"
192.168.219.105 - - [23/Jul/2020:22:51:09 +0900] "-" 408 563 "-" "-"
192.168.219.105 - - [23/Jul/2020:22:53:53 +0900] "-" 408 563 "-" "-"
192.168.219.105 - - [23/Jul/2020:22:55:50 +0900] "-" 408 563 "-" "-"
192.168.219.105 - - [23/Jul/2020:22:58:43 +0900] "-" 408 563 "-" "-"
192.168.219.105 - - [23/Jul/2020:23:00:34 +0900] "-" 408 563 "-" "-"
192.168.219.105 - - [23/Jul/2020:23:01:45 +0900] "-" 408 563 "-" "-"
192.168.219.105 - - [23/Jul/2020:23:02:08 +0900] "-" 408 563 "-" "-"
192.168.219.105 - - [23/Jul/2020:23:04:20 +0900] "-" 408 563 "-" "-"
211.36.139.194 - - [23/Jul/2020:23:06:34 +0900] "-" 408 3733 "-" "-"
211.36.139.194 - - [23/Jul/2020:23:06:34 +0900] "-" 408 3733 "-" "-"
::1 - - [23/Jul/2020:23:06:37 +0900] "OPTIONS * HTTP/1.0" 200 126 "-" "Apache/2.4.41 (Ubuntu) OpenSSL/1.1.1g mod_wsgi/4.6.8 Python/3.8 (internal dummy connection)"
211.36.139.194 - - [23/Jul/2020:23:07:03 +0900] "-" 408 563 "-" "-"
211.36.139.194 - - [23/Jul/2020:23:07:03 +0900] "-" 408 563 "-" "-"
211.36.139.194 - - [23/Jul/2020:23:08:03 +0900] "-" 408 3733 "-" "-"
::1 - - [23/Jul/2020:23:08:05 +0900] "OPTIONS * HTTP/1.0" 200 126 "-" "Apache/2.4.41 (Ubuntu) OpenSSL/1.1.1g mod_wsgi/4.6.8 Python/3.8 (internal dummy connection)"
211.36.139.194 - - [23/Jul/2020:23:09:22 +0900] "-" 408 3733 "-" "-"
::1 - - [23/Jul/2020:23:09:25 +0900] "OPTIONS * HTTP/1.0" 200 126 "-" "Apache/2.4.41 (Ubuntu) OpenSSL/1.1.1g mod_wsgi/4.6.8 Python/3.8 (internal dummy connection)"
185.36.81.37 - - [23/Jul/2020:23:09:46 +0900] "GET / HTTP/1.1" 404 2371 "-" "Mozilla/5.0 (Windows NT 6.0) AppleWebKit/537.36 (KHTML, like Gecko) Chrome/41.0.2228.0 Safari/537.36"
211.36.139.194 - - [23/Jul/2020:23:10:32 +0900] "-" 408 563 "-" "-"
211.36.139.194 - - [23/Jul/2020:23:10:32 +0900] "-" 408 563 "-" "-"
::1 - - [23/Jul/2020:23:10:34 +0900] "OPTIONS * HTTP/1.0" 200 126 "-" "Apache/2.4.41 (Ubuntu) OpenSSL/1.1.1g mod_wsgi/4.6.8 Python/3.8 (internal dummy connection)"
211.36.139.194 - - [23/Jul/2020:23:11:47 +0900] "-" 408 563 "-" "-"
211.36.139.194 - - [23/Jul/2020:23:12:09 +0900] "-" 408 563 "-" "-"
211.36.139.194 - - [23/Jul/2020:23:13:45 +0900] "-" 408 563 "-" "-"
211.36.139.194 - - [23/Jul/2020:23:14:06 +0900] "-" 408 563 "-" "-"
211.36.139.194 - - [23/Jul/2020:23:14:54 +0900] "-" 408 563 "-" "-"
211.36.139.194 - - [23/Jul/2020:23:16:03 +0900] "-" 408 563 "-" "-"
211.36.139.194 - - [23/Jul/2020:23:19:39 +0900] "-" 408 563 "-" "-"
211.36.139.194 - - [23/Jul/2020:23:21:45 +0900] "-" 408 563 "-" "-"
211.36.139.194 - - [23/Jul/2020:23:22:06 +0900] "-" 408 563 "-" "-"
211.36.139.194 - - [23/Jul/2020:23:43:53 +0900] "-" 408 563 "-" "-"
::1 - - [23/Jul/2020:23:43:56 +0900] "OPTIONS * HTTP/1.0" 200 126 "-" "Apache/2.4.41 (Ubuntu) OpenSSL/1.1.1g mod_wsgi/4.6.8 Python/3.8 (internal dummy connection)"
192.168.219.105 - - [23/Jul/2020:23:48:45 +0900] "-" 408 563 "-" "-"
192.168.219.105 - - [23/Jul/2020:23:51:10 +0900] "-" 408 563 "-" "-"
211.36.139.194 - - [23/Jul/2020:23:54:00 +0900] "-" 408 563 "-" "-"
211.36.139.194 - - [23/Jul/2020:23:57:45 +0900] "-" 408 3733 "-" "-"
211.36.139.194 - - [24/Jul/2020:00:00:21 +0900] "-" 408 3733 "-" "-"
211.36.139.194 - - [24/Jul/2020:00:05:58 +0900] "-" 408 563 "-" "-"
211.36.139.194 - - [24/Jul/2020:00:06:41 +0900] "-" 408 563 "-" "-"
211.36.139.194 - - [24/Jul/2020:00:07:57 +0900] "-" 408 563 "-" "-"
211.36.139.194 - - [24/Jul/2020:00:08:55 +0900] "-" 408 3733 "-" "-"
211.36.139.194 - - [24/Jul/2020:00:08:55 +0900] "-" 408 3733 "-" "-"
::1 - - [24/Jul/2020:00:08:57 +0900] "OPTIONS * HTTP/1.0" 200 126 "-" "Apache/2.4.41 (Ubuntu) OpenSSL/1.1.1g mod_wsgi/4.6.8 Python/3.8 (internal dummy connection)"
::1 - - [24/Jul/2020:00:11:01 +0900] "OPTIONS * HTTP/1.0" 200 126 "-" "Apache/2.4.41 (Ubuntu) OpenSSL/1.1.1g mod_wsgi/4.6.8 Python/3.8 (internal dummy connection)"
::1 - - [24/Jul/2020:00:11:02 +0900] "OPTIONS * HTTP/1.0" 200 126 "-" "Apache/2.4.41 (Ubuntu) OpenSSL/1.1.1g mod_wsgi/4.6.8 Python/3.8 (internal dummy connection)"
192.168.219.105 - - [24/Jul/2020:00:14:25 +0900] "-" 408 563 "-" "-"
192.168.219.105 - - [24/Jul/2020:00:17:46 +0900] "-" 408 563 "-" "-"
192.168.219.105 - - [24/Jul/2020:00:17:46 +0900] "-" 408 563 "-" "-"
192.168.219.105 - - [24/Jul/2020:00:21:41 +0900] "-" 408 563 "-" "-"
192.168.219.105 - - [24/Jul/2020:00:21:41 +0900] "-" 408 563 "-" "-"
192.168.219.105 - - [24/Jul/2020:00:24:40 +0900] "-" 408 563 "-" "-"
192.168.219.105 - - [24/Jul/2020:00:25:39 +0900] "-" 408 563 "-" "-"
192.168.219.105 - - [24/Jul/2020:00:26:49 +0900] "-" 408 563 "-" "-"
::1 - - [24/Jul/2020:00:29:52 +0900] "GET / HTTP/1.0" 400 0 "-" "-"
::1 - - [24/Jul/2020:00:29:52 +0900] "GET / HTTP/1.0" 400 0 "-" "-"
::1 - - [24/Jul/2020:00:30:12 +0900] "GET / HTTP/1.0" 400 0 "-" "-"
::1 - - [24/Jul/2020:00:30:12 +0900] "GET / HTTP/1.0" 400 0 "-" "-"
::1 - - [24/Jul/2020:00:31:43 +0900] "GET / HTTP/1.0" 400 0 "-" "-"
::1 - - [24/Jul/2020:00:32:06 +0900] "GET / HTTP/1.0" 400 0 "-" "-"
::1 - - [24/Jul/2020:00:32:06 +0900] "GET / HTTP/1.0" 400 0 "-" "-"
::1 - - [24/Jul/2020:00:32:12 +0900] "GET / HTTP/1.0" 400 0 "-" "-"
::1 - - [24/Jul/2020:01:25:00 +0900] "OPTIONS * HTTP/1.0" 200 126 "-" "Apache/2.4.41 (Ubuntu) OpenSSL/1.1.1g mod_wsgi/4.6.8 Python/3.8 (internal dummy connection)"
80.82.70.187 - - [24/Jul/2020:01:33:45 +0900] "GET http://www.baidu.com/cache/global/img/gs.gif HTTP/1.1" 404 2435 "-" "Mozilla"
128.14.209.234 - - [24/Jul/2020:02:11:10 +0900] "GET / HTTP/1.1" 404 5469 "-" "Mozilla/5.0 (Windows NT 10.0; Win64; x64) AppleWebKit/537.36 (KHTML, like Gecko) Chrome/60.0.3112.113 Safari/537.36"
::1 - - [24/Jul/2020:02:17:14 +0900] "OPTIONS * HTTP/1.0" 200 126 "-" "Apache/2.4.41 (Ubuntu) OpenSSL/1.1.1g mod_wsgi/4.6.8 Python/3.8 (internal dummy connection)"
106.102.0.145 - - [24/Jul/2020:02:24:42 +0900] "-" 408 3776 "-" "-"
183.230.206.8 - - [24/Jul/2020:04:15:31 +0900] "GET / HTTP/1.0" 400 0 "-" "-"
183.230.206.8 - - [24/Jul/2020:04:15:32 +0900] "GET / HTTP/1.0" 400 0 "-" "-"
183.230.206.8 - - [24/Jul/2020:04:15:32 +0900] "GET / HTTP/1.0" 400 0 "-" "-"
183.230.206.8 - - [24/Jul/2020:04:15:32 +0900] "GET / HTTP/1.0" 400 0 "-" "-"
183.230.206.8 - - [24/Jul/2020:04:15:32 +0900] "GET / HTTP/1.0" 400 0 "-" "-"
183.230.206.8 - - [24/Jul/2020:04:15:32 +0900] "GET / HTTP/1.0" 400 0 "-" "-"
183.230.206.8 - - [24/Jul/2020:04:15:33 +0900] "GET / HTTP/1.0" 400 0 "-" "-"
183.230.206.8 - - [24/Jul/2020:04:15:33 +0900] "GET / HTTP/1.0" 400 0 "-" "-"
183.230.206.8 - - [24/Jul/2020:04:15:33 +0900] "GET / HTTP/1.0" 400 0 "-" "-"
183.230.206.8 - - [24/Jul/2020:04:15:33 +0900] "GET / HTTP/1.0" 400 0 "-" "-"
183.230.206.8 - - [24/Jul/2020:04:15:33 +0900] "GET / HTTP/1.0" 400 0 "-" "-"
183.230.206.8 - - [24/Jul/2020:04:15:34 +0900] "GET / HTTP/1.0" 400 0 "-" "-"
183.230.206.8 - - [24/Jul/2020:04:15:34 +0900] "GET / HTTP/1.0" 400 0 "-" "-"
183.230.206.8 - - [24/Jul/2020:04:15:35 +0900] "GET / HTTP/1.0" 400 0 "-" "-"
183.230.206.8 - - [24/Jul/2020:04:15:35 +0900] "GET / HTTP/1.0" 400 0 "-" "-"
183.230.206.8 - - [24/Jul/2020:04:15:35 +0900] "GET / HTTP/1.0" 400 0 "-" "-"
106.102.0.145 - - [24/Jul/2020:04:24:42 +0900] "-" 408 3776 "-" "-"
185.39.11.105 - - [24/Jul/2020:04:59:34 +0900] "GET / HTTP/1.1" 404 5435 "-" "Mozilla/5.0 (X11; Ubuntu; Linux x86_64; rv:76.0) Gecko/20100101 Firefox/76.0"
193.118.53.202 - - [24/Jul/2020:05:19:26 +0900] "GET / HTTP/1.1" 404 5469 "-" "Mozilla/5.0 (Windows NT 10.0; Win64; x64) AppleWebKit/537.36 (KHTML, like Gecko) Chrome/60.0.3112.113 Safari/537.36"
106.102.0.145 - - [24/Jul/2020:05:27:13 +0900] "-" 408 579 "-" "-"
83.97.20.29 - - [24/Jul/2020:05:42:41 +0900] "GET / HTTP/1.0" 404 5496 "-" "-"
139.162.79.87 - - [24/Jul/2020:06:10:17 +0900] "GET / HTTP/1.1" 404 2371 "-" "Mozilla/5.0"
185.39.11.105 - - [24/Jul/2020:06:31:39 +0900] "GET / HTTP/1.1" 404 5435 "-" "Mozilla/5.0 (X11; Ubuntu; Linux x86_64; rv:76.0) Gecko/20100101 Firefox/76.0"
106.102.0.145 - - [24/Jul/2020:07:57:13 +0900] "-" 408 579 "-" "-"
195.54.160.21 - - [24/Jul/2020:08:42:06 +0900] "POST /vendor/phpunit/phpunit/src/Util/PHP/eval-stdin.php HTTP/1.1" 404 6240 "-" "Mozilla/5.0 (Windows NT 10.0; Win64; x64) AppleWebKit/537.36 (KHTML, like Gecko) Chrome/78.0.3904.108 Safari/537.36"
195.54.160.21 - - [24/Jul/2020:08:42:06 +0900] "POST /api/jsonws/invoke HTTP/1.1" 404 6354 "-" "Mozilla/5.0 (Windows NT 10.0; Win64; x64) AppleWebKit/537.36 (KHTML, like Gecko) Chrome/78.0.3904.108 Safari/537.36"
195.54.160.21 - - [24/Jul/2020:08:42:08 +0900] "GET /vendor/phpunit/phpunit/src/Util/PHP/eval-stdin.php HTTP/1.1" 404 6239 "-" "Mozilla/5.0 (Windows NT 10.0; Win64; x64) AppleWebKit/537.36 (KHTML, like Gecko) Chrome/78.0.3904.108 Safari/537.36"
195.54.160.21 - - [24/Jul/2020:08:42:08 +0900] "GET /index.php?s=/Index/\\think\\app/invokefunction&function=call_user_func_array&vars[0]=md5&vars[1][]=HelloThinkPHP HTTP/1.1" 404 6233 "-" "Mozilla/5.0 (Windows NT 10.0; Win64; x64) AppleWebKit/537.36 (KHTML, like Gecko) Chrome/78.0.3904.108 Safari/537.36"
195.54.160.21 - - [24/Jul/2020:08:42:09 +0900] "GET /?XDEBUG_SESSION_START=phpstorm HTTP/1.1" 404 6101 "-" "Mozilla/5.0 (Windows NT 10.0; Win64; x64) AppleWebKit/537.36 (KHTML, like Gecko) Chrome/78.0.3904.108 Safari/537.36"
184.105.247.252 - - [24/Jul/2020:10:17:35 +0900] "GET / HTTP/1.1" 404 5469 "-" "-"
106.102.0.145 - - [24/Jul/2020:10:25:51 +0900] "-" 408 3776 "-" "-"
106.102.0.145 - - [24/Jul/2020:10:39:20 +0900] "GET /news/today/ HTTP/1.1" 200 14196 "-" "Mozilla/5.0 (Windows NT 10.0; Win64; x64) AppleWebKit/537.36 (KHTML, like Gecko) Chrome/79.0.3945.130 Safari/537.36"
80.82.70.187 - - [24/Jul/2020:11:15:25 +0900] "GET http://www.baidu.com/cache/global/img/gs.gif HTTP/1.1" 404 2435 "-" "Mozilla"
185.39.11.105 - - [24/Jul/2020:12:30:51 +0900] "GET / HTTP/1.1" 404 5435 "-" "Mozilla/5.0 (X11; Ubuntu; Linux x86_64; rv:76.0) Gecko/20100101 Firefox/76.0"
192.168.219.102 - - [24/Jul/2020:14:17:27 +0900] "GET /news/today HTTP/1.1" 301 4142 "http://192.168.219.123/" "Mozilla/5.0 (Windows NT 10.0; Win64; x64) AppleWebKit/537.36 (KHTML, like Gecko) Chrome/84.0.4147.89 Safari/537.36"
192.168.219.102 - - [24/Jul/2020:14:17:27 +0900] "GET /news/today/ HTTP/1.1" 200 14354 "http://192.168.219.123/" "Mozilla/5.0 (Windows NT 10.0; Win64; x64) AppleWebKit/537.36 (KHTML, like Gecko) Chrome/84.0.4147.89 Safari/537.36"
::1 - - [24/Jul/2020:14:17:35 +0900] "OPTIONS * HTTP/1.0" 200 126 "-" "Apache/2.4.41 (Ubuntu) OpenSSL/1.1.1g mod_wsgi/4.6.8 Python/3.8 (internal dummy connection)"
::1 - - [24/Jul/2020:14:17:36 +0900] "OPTIONS * HTTP/1.0" 200 126 "-" "Apache/2.4.41 (Ubuntu) OpenSSL/1.1.1g mod_wsgi/4.6.8 Python/3.8 (internal dummy connection)"
::1 - - [24/Jul/2020:14:17:37 +0900] "OPTIONS * HTTP/1.0" 200 126 "-" "Apache/2.4.41 (Ubuntu) OpenSSL/1.1.1g mod_wsgi/4.6.8 Python/3.8 (internal dummy connection)"
::1 - - [24/Jul/2020:14:17:38 +0900] "OPTIONS * HTTP/1.0" 200 126 "-" "Apache/2.4.41 (Ubuntu) OpenSSL/1.1.1g mod_wsgi/4.6.8 Python/3.8 (internal dummy connection)"
::1 - - [24/Jul/2020:14:17:39 +0900] "OPTIONS * HTTP/1.0" 200 126 "-" "Apache/2.4.41 (Ubuntu) OpenSSL/1.1.1g mod_wsgi/4.6.8 Python/3.8 (internal dummy connection)"
192.168.219.102 - - [24/Jul/2020:14:17:50 +0900] "-" 408 563 "-" "-"
192.168.219.102 - - [24/Jul/2020:14:17:50 +0900] "-" 408 3733 "-" "-"
::1 - - [24/Jul/2020:14:17:52 +0900] "OPTIONS * HTTP/1.0" 200 126 "-" "Apache/2.4.41 (Ubuntu) OpenSSL/1.1.1g mod_wsgi/4.6.8 Python/3.8 (internal dummy connection)"
::1 - - [24/Jul/2020:14:17:53 +0900] "OPTIONS * HTTP/1.0" 200 126 "-" "Apache/2.4.41 (Ubuntu) OpenSSL/1.1.1g mod_wsgi/4.6.8 Python/3.8 (internal dummy connection)"
5.188.210.227 - - [24/Jul/2020:14:17:57 +0900] "GET / HTTP/1.0" 400 0 "-" "-"
128.14.209.154 - - [24/Jul/2020:15:24:03 +0900] "GET / HTTP/1.1" 404 5469 "-" "Mozilla/5.0 (Windows NT 10.0; Win64; x64) AppleWebKit/537.36 (KHTML, like Gecko) Chrome/60.0.3112.113 Safari/537.36"
128.14.134.134 - - [24/Jul/2020:16:07:50 +0900] "GET / HTTP/1.1" 404 5469 "-" "Mozilla/5.0 (Windows NT 10.0; Win64; x64) AppleWebKit/537.36 (KHTML, like Gecko) Chrome/60.0.3112.113 Safari/537.36"
211.36.139.133 - - [24/Jul/2020:16:22:51 +0900] "-" 408 3733 "-" "-"
::1 - - [24/Jul/2020:16:22:54 +0900] "OPTIONS * HTTP/1.0" 200 126 "-" "Apache/2.4.41 (Ubuntu) OpenSSL/1.1.1g mod_wsgi/4.6.8 Python/3.8 (internal dummy connection)"
211.36.139.133 - - [24/Jul/2020:16:23:39 +0900] "-" 408 563 "-" "-"
211.36.139.133 - - [24/Jul/2020:16:26:05 +0900] "GET /news/today HTTP/1.1" 301 256 "-" "Mozilla/5.0 (Windows NT 10.0; Win64; x64) AppleWebKit/537.36 (KHTML, like Gecko) Chrome/84.0.4147.89 Safari/537.36 Edg/84.0.522.40"
211.36.139.133 - - [24/Jul/2020:16:26:05 +0900] "GET /news/today/ HTTP/1.1" 200 8528 "-" "Mozilla/5.0 (Windows NT 10.0; Win64; x64) AppleWebKit/537.36 (KHTML, like Gecko) Chrome/84.0.4147.89 Safari/537.36 Edg/84.0.522.40"
211.36.139.133 - - [24/Jul/2020:16:26:05 +0900] "GET /static/rest_framework/css/bootstrap-tweaks.css HTTP/1.1" 200 1593 "http://unqocn.hopto.org:8000/news/today/" "Mozilla/5.0 (Windows NT 10.0; Win64; x64) AppleWebKit/537.36 (KHTML, like Gecko) Chrome/84.0.4147.89 Safari/537.36 Edg/84.0.522.40"
211.36.139.133 - - [24/Jul/2020:16:26:05 +0900] "GET /static/rest_framework/css/bootstrap.min.css HTTP/1.1" 200 20080 "http://unqocn.hopto.org:8000/news/today/" "Mozilla/5.0 (Windows NT 10.0; Win64; x64) AppleWebKit/537.36 (KHTML, like Gecko) Chrome/84.0.4147.89 Safari/537.36 Edg/84.0.522.40"
211.36.139.133 - - [24/Jul/2020:16:26:05 +0900] "GET /static/rest_framework/css/prettify.css HTTP/1.1" 200 726 "http://unqocn.hopto.org:8000/news/today/" "Mozilla/5.0 (Windows NT 10.0; Win64; x64) AppleWebKit/537.36 (KHTML, like Gecko) Chrome/84.0.4147.89 Safari/537.36 Edg/84.0.522.40"
211.36.139.133 - - [24/Jul/2020:16:26:05 +0900] "GET /static/rest_framework/css/default.css HTTP/1.1" 200 932 "http://unqocn.hopto.org:8000/news/today/" "Mozilla/5.0 (Windows NT 10.0; Win64; x64) AppleWebKit/537.36 (KHTML, like Gecko) Chrome/84.0.4147.89 Safari/537.36 Edg/84.0.522.40"
211.36.139.133 - - [24/Jul/2020:16:26:05 +0900] "GET /static/rest_framework/js/ajax-form.js HTTP/1.1" 200 1892 "http://unqocn.hopto.org:8000/news/today/" "Mozilla/5.0 (Windows NT 10.0; Win64; x64) AppleWebKit/537.36 (KHTML, like Gecko) Chrome/84.0.4147.89 Safari/537.36 Edg/84.0.522.40"
211.36.139.133 - - [24/Jul/2020:16:26:05 +0900] "GET /static/rest_framework/js/csrf.js HTTP/1.1" 200 1136 "http://unqocn.hopto.org:8000/news/today/" "Mozilla/5.0 (Windows NT 10.0; Win64; x64) AppleWebKit/537.36 (KHTML, like Gecko) Chrome/84.0.4147.89 Safari/537.36 Edg/84.0.522.40"
211.36.139.133 - - [24/Jul/2020:16:26:05 +0900] "GET /static/rest_framework/js/bootstrap.min.js HTTP/1.1" 200 11292 "http://unqocn.hopto.org:8000/news/today/" "Mozilla/5.0 (Windows NT 10.0; Win64; x64) AppleWebKit/537.36 (KHTML, like Gecko) Chrome/84.0.4147.89 Safari/537.36 Edg/84.0.522.40"
211.36.139.133 - - [24/Jul/2020:16:26:05 +0900] "GET /static/rest_framework/js/jquery-3.4.1.min.js HTTP/1.1" 200 31031 "http://unqocn.hopto.org:8000/news/today/" "Mozilla/5.0 (Windows NT 10.0; Win64; x64) AppleWebKit/537.36 (KHTML, like Gecko) Chrome/84.0.4147.89 Safari/537.36 Edg/84.0.522.40"
211.36.139.133 - - [24/Jul/2020:16:26:05 +0900] "GET /static/rest_framework/js/default.js HTTP/1.1" 200 920 "http://unqocn.hopto.org:8000/news/today/" "Mozilla/5.0 (Windows NT 10.0; Win64; x64) AppleWebKit/537.36 (KHTML, like Gecko) Chrome/84.0.4147.89 Safari/537.36 Edg/84.0.522.40"
211.36.139.133 - - [24/Jul/2020:16:26:05 +0900] "GET /static/rest_framework/js/prettify-min.js HTTP/1.1" 200 6376 "http://unqocn.hopto.org:8000/news/today/" "Mozilla/5.0 (Windows NT 10.0; Win64; x64) AppleWebKit/537.36 (KHTML, like Gecko) Chrome/84.0.4147.89 Safari/537.36 Edg/84.0.522.40"
211.36.139.133 - - [24/Jul/2020:16:26:05 +0900] "GET /static/rest_framework/img/grid.png HTTP/1.1" 200 1743 "http://unqocn.hopto.org:8000/static/rest_framework/css/bootstrap-tweaks.css" "Mozilla/5.0 (Windows NT 10.0; Win64; x64) AppleWebKit/537.36 (KHTML, like Gecko) Chrome/84.0.4147.89 Safari/537.36 Edg/84.0.522.40"
211.36.139.133 - - [24/Jul/2020:16:26:05 +0900] "GET /favicon.ico HTTP/1.1" 404 2462 "http://unqocn.hopto.org:8000/news/today/" "Mozilla/5.0 (Windows NT 10.0; Win64; x64) AppleWebKit/537.36 (KHTML, like Gecko) Chrome/84.0.4147.89 Safari/537.36 Edg/84.0.522.40"
::1 - - [24/Jul/2020:16:26:13 +0900] "OPTIONS * HTTP/1.0" 200 126 "-" "Apache/2.4.41 (Ubuntu) OpenSSL/1.1.1g mod_wsgi/4.6.8 Python/3.8 (internal dummy connection)"
::1 - - [24/Jul/2020:16:26:14 +0900] "OPTIONS * HTTP/1.0" 200 126 "-" "Apache/2.4.41 (Ubuntu) OpenSSL/1.1.1g mod_wsgi/4.6.8 Python/3.8 (internal dummy connection)"
211.36.139.133 - - [24/Jul/2020:16:26:25 +0900] "-" 408 563 "-" "-"
::1 - - [24/Jul/2020:16:26:27 +0900] "OPTIONS * HTTP/1.0" 200 126 "-" "Apache/2.4.41 (Ubuntu) OpenSSL/1.1.1g mod_wsgi/4.6.8 Python/3.8 (internal dummy connection)"
211.36.139.133 - - [24/Jul/2020:16:28:17 +0900] "GET /news/today HTTP/1.1" 301 4144 "https://unqocn.hopto.org/" "Mozilla/5.0 (Windows NT 10.0; Win64; x64) AppleWebKit/537.36 (KHTML, like Gecko) Chrome/84.0.4147.89 Safari/537.36 Edg/84.0.522.40"
211.36.139.133 - - [24/Jul/2020:16:28:17 +0900] "GET /news/today/ HTTP/1.1" 200 14356 "https://unqocn.hopto.org/" "Mozilla/5.0 (Windows NT 10.0; Win64; x64) AppleWebKit/537.36 (KHTML, like Gecko) Chrome/84.0.4147.89 Safari/537.36 Edg/84.0.522.40"
211.36.139.133 - - [24/Jul/2020:16:28:37 +0900] "-" 408 563 "-" "-"
211.36.139.133 - - [24/Jul/2020:16:29:00 +0900] "GET /news HTTP/1.1" 301 4043 "-" "Mozilla/5.0 (Windows NT 10.0; Win64; x64) AppleWebKit/537.36 (KHTML, like Gecko) Chrome/84.0.4147.89 Safari/537.36 Edg/84.0.522.40"
211.36.139.133 - - [24/Jul/2020:16:29:00 +0900] "GET /news/ HTTP/1.1" 200 34758 "-" "Mozilla/5.0 (Windows NT 10.0; Win64; x64) AppleWebKit/537.36 (KHTML, like Gecko) Chrome/84.0.4147.89 Safari/537.36 Edg/84.0.522.40"
211.36.139.133 - - [24/Jul/2020:16:29:01 +0900] "GET /static/rest_framework/css/bootstrap-tweaks.css HTTP/1.1" 200 5386 "https://unqocn-api.hopto.org/news/" "Mozilla/5.0 (Windows NT 10.0; Win64; x64) AppleWebKit/537.36 (KHTML, like Gecko) Chrome/84.0.4147.89 Safari/537.36 Edg/84.0.522.40"
211.36.139.133 - - [24/Jul/2020:16:29:01 +0900] "GET /static/rest_framework/css/bootstrap.min.css HTTP/1.1" 200 20190 "https://unqocn-api.hopto.org/news/" "Mozilla/5.0 (Windows NT 10.0; Win64; x64) AppleWebKit/537.36 (KHTML, like Gecko) Chrome/84.0.4147.89 Safari/537.36 Edg/84.0.522.40"
211.36.139.133 - - [24/Jul/2020:16:29:01 +0900] "GET /static/rest_framework/css/prettify.css HTTP/1.1" 200 747 "https://unqocn-api.hopto.org/news/" "Mozilla/5.0 (Windows NT 10.0; Win64; x64) AppleWebKit/537.36 (KHTML, like Gecko) Chrome/84.0.4147.89 Safari/537.36 Edg/84.0.522.40"
211.36.139.133 - - [24/Jul/2020:16:29:01 +0900] "GET /static/rest_framework/css/default.css HTTP/1.1" 200 953 "https://unqocn-api.hopto.org/news/" "Mozilla/5.0 (Windows NT 10.0; Win64; x64) AppleWebKit/537.36 (KHTML, like Gecko) Chrome/84.0.4147.89 Safari/537.36 Edg/84.0.522.40"
211.36.139.133 - - [24/Jul/2020:16:29:01 +0900] "GET /static/rest_framework/js/csrf.js HTTP/1.1" 200 1158 "https://unqocn-api.hopto.org/news/" "Mozilla/5.0 (Windows NT 10.0; Win64; x64) AppleWebKit/537.36 (KHTML, like Gecko) Chrome/84.0.4147.89 Safari/537.36 Edg/84.0.522.40"
211.36.139.133 - - [24/Jul/2020:16:29:01 +0900] "GET /static/rest_framework/js/ajax-form.js HTTP/1.1" 200 2493 "https://unqocn-api.hopto.org/news/" "Mozilla/5.0 (Windows NT 10.0; Win64; x64) AppleWebKit/537.36 (KHTML, like Gecko) Chrome/84.0.4147.89 Safari/537.36 Edg/84.0.522.40"
211.36.139.133 - - [24/Jul/2020:16:29:01 +0900] "GET /static/rest_framework/js/default.js HTTP/1.1" 200 942 "https://unqocn-api.hopto.org/news/" "Mozilla/5.0 (Windows NT 10.0; Win64; x64) AppleWebKit/537.36 (KHTML, like Gecko) Chrome/84.0.4147.89 Safari/537.36 Edg/84.0.522.40"
211.36.139.133 - - [24/Jul/2020:16:29:01 +0900] "GET /static/rest_framework/js/prettify-min.js HTTP/1.1" 200 10214 "https://unqocn-api.hopto.org/news/" "Mozilla/5.0 (Windows NT 10.0; Win64; x64) AppleWebKit/537.36 (KHTML, like Gecko) Chrome/84.0.4147.89 Safari/537.36 Edg/84.0.522.40"
211.36.139.133 - - [24/Jul/2020:16:29:01 +0900] "GET /static/rest_framework/js/bootstrap.min.js HTTP/1.1" 200 15152 "https://unqocn-api.hopto.org/news/" "Mozilla/5.0 (Windows NT 10.0; Win64; x64) AppleWebKit/537.36 (KHTML, like Gecko) Chrome/84.0.4147.89 Safari/537.36 Edg/84.0.522.40"
211.36.139.133 - - [24/Jul/2020:16:29:01 +0900] "GET /static/rest_framework/js/jquery-3.4.1.min.js HTTP/1.1" 200 31742 "https://unqocn-api.hopto.org/news/" "Mozilla/5.0 (Windows NT 10.0; Win64; x64) AppleWebKit/537.36 (KHTML, like Gecko) Chrome/84.0.4147.89 Safari/537.36 Edg/84.0.522.40"
211.36.139.133 - - [24/Jul/2020:16:29:01 +0900] "GET /static/rest_framework/img/grid.png HTTP/1.1" 200 1765 "https://unqocn-api.hopto.org/static/rest_framework/css/bootstrap-tweaks.css" "Mozilla/5.0 (Windows NT 10.0; Win64; x64) AppleWebKit/537.36 (KHTML, like Gecko) Chrome/84.0.4147.89 Safari/537.36 Edg/84.0.522.40"
211.36.139.133 - - [24/Jul/2020:16:29:01 +0900] "GET /favicon.ico HTTP/1.1" 404 2506 "https://unqocn-api.hopto.org/news/" "Mozilla/5.0 (Windows NT 10.0; Win64; x64) AppleWebKit/537.36 (KHTML, like Gecko) Chrome/84.0.4147.89 Safari/537.36 Edg/84.0.522.40"
::1 - - [24/Jul/2020:16:29:09 +0900] "OPTIONS * HTTP/1.0" 200 126 "-" "Apache/2.4.41 (Ubuntu) OpenSSL/1.1.1g mod_wsgi/4.6.8 Python/3.8 (internal dummy connection)"
211.36.139.133 - - [24/Jul/2020:16:29:15 +0900] "GET /admin/ HTTP/1.1" 302 1034 "-" "Mozilla/5.0 (Windows NT 10.0; Win64; x64) AppleWebKit/537.36 (KHTML, like Gecko) Chrome/84.0.4147.89 Safari/537.36 Edg/84.0.522.40"
211.36.139.133 - - [24/Jul/2020:16:29:15 +0900] "GET /admin/login/?next=/admin/ HTTP/1.1" 200 1543 "-" "Mozilla/5.0 (Windows NT 10.0; Win64; x64) AppleWebKit/537.36 (KHTML, like Gecko) Chrome/84.0.4147.89 Safari/537.36 Edg/84.0.522.40"
211.36.139.133 - - [24/Jul/2020:16:29:16 +0900] "GET /static/admin/css/login.css HTTP/1.1" 200 1435 "https://unqocn-api.hopto.org/admin/login/?next=/admin/" "Mozilla/5.0 (Windows NT 10.0; Win64; x64) AppleWebKit/537.36 (KHTML, like Gecko) Chrome/84.0.4147.89 Safari/537.36 Edg/84.0.522.40"
211.36.139.133 - - [24/Jul/2020:16:29:16 +0900] "GET /static/admin/css/base.css HTTP/1.1" 200 4234 "https://unqocn-api.hopto.org/admin/login/?next=/admin/" "Mozilla/5.0 (Windows NT 10.0; Win64; x64) AppleWebKit/537.36 (KHTML, like Gecko) Chrome/84.0.4147.89 Safari/537.36 Edg/84.0.522.40"
211.36.139.133 - - [24/Jul/2020:16:29:16 +0900] "GET /static/admin/css/fonts.css HTTP/1.1" 200 508 "https://unqocn-api.hopto.org/static/admin/css/base.css" "Mozilla/5.0 (Windows NT 10.0; Win64; x64) AppleWebKit/537.36 (KHTML, like Gecko) Chrome/84.0.4147.89 Safari/537.36 Edg/84.0.522.40"
211.36.139.133 - - [24/Jul/2020:16:29:16 +0900] "GET /static/admin/css/responsive.css HTTP/1.1" 200 3805 "https://unqocn-api.hopto.org/admin/login/?next=/admin/" "Mozilla/5.0 (Windows NT 10.0; Win64; x64) AppleWebKit/537.36 (KHTML, like Gecko) Chrome/84.0.4147.89 Safari/537.36 Edg/84.0.522.40"
211.36.139.133 - - [24/Jul/2020:16:29:16 +0900] "GET /static/admin/fonts/Roboto-Regular-webfont.woff HTTP/1.1" 200 86318 "https://unqocn-api.hopto.org/static/admin/css/fonts.css" "Mozilla/5.0 (Windows NT 10.0; Win64; x64) AppleWebKit/537.36 (KHTML, like Gecko) Chrome/84.0.4147.89 Safari/537.36 Edg/84.0.522.40"
211.36.139.133 - - [24/Jul/2020:16:29:16 +0900] "GET /static/admin/fonts/Roboto-Light-webfont.woff HTTP/1.1" 200 86134 "https://unqocn-api.hopto.org/static/admin/css/fonts.css" "Mozilla/5.0 (Windows NT 10.0; Win64; x64) AppleWebKit/537.36 (KHTML, like Gecko) Chrome/84.0.4147.89 Safari/537.36 Edg/84.0.522.40"
211.36.139.133 - - [24/Jul/2020:16:37:06 +0900] "GET /news/today HTTP/1.1" 301 4144 "https://unqocn.hopto.org/" "Mozilla/5.0 (Windows NT 10.0; Win64; x64) AppleWebKit/537.36 (KHTML, like Gecko) Chrome/84.0.4147.89 Safari/537.36"
211.36.139.133 - - [24/Jul/2020:16:37:06 +0900] "GET /news/today/ HTTP/1.1" 200 14356 "https://unqocn.hopto.org/" "Mozilla/5.0 (Windows NT 10.0; Win64; x64) AppleWebKit/537.36 (KHTML, like Gecko) Chrome/84.0.4147.89 Safari/537.36"
::1 - - [24/Jul/2020:16:37:21 +0900] "OPTIONS * HTTP/1.0" 200 126 "-" "Apache/2.4.41 (Ubuntu) OpenSSL/1.1.1g mod_wsgi/4.6.8 Python/3.8 (internal dummy connection)"
::1 - - [24/Jul/2020:16:37:22 +0900] "OPTIONS * HTTP/1.0" 200 126 "-" "Apache/2.4.41 (Ubuntu) OpenSSL/1.1.1g mod_wsgi/4.6.8 Python/3.8 (internal dummy connection)"
::1 - - [24/Jul/2020:16:37:23 +0900] "OPTIONS * HTTP/1.0" 200 126 "-" "Apache/2.4.41 (Ubuntu) OpenSSL/1.1.1g mod_wsgi/4.6.8 Python/3.8 (internal dummy connection)"
211.36.139.133 - - [24/Jul/2020:16:37:29 +0900] "-" 408 3733 "-" "-"
::1 - - [24/Jul/2020:16:37:32 +0900] "OPTIONS * HTTP/1.0" 200 126 "-" "Apache/2.4.41 (Ubuntu) OpenSSL/1.1.1g mod_wsgi/4.6.8 Python/3.8 (internal dummy connection)"
211.36.139.133 - - [24/Jul/2020:16:48:41 +0900] "-" 408 3733 "-" "-"
185.39.11.105 - - [24/Jul/2020:19:16:06 +0900] "GET / HTTP/1.1" 404 5435 "-" "Mozilla/5.0 (X11; Ubuntu; Linux x86_64; rv:76.0) Gecko/20100101 Firefox/76.0"
196.52.43.53 - - [24/Jul/2020:19:55:48 +0900] "GET / HTTP/1.1" 404 2352 "-" "Mozilla/5.0 (X11; Linux x86_64) AppleWebKit/537.36 (KHTML, like Gecko) Chrome/72.0.3602.2 Safari/537.36"
192.241.239.84 - - [24/Jul/2020:20:41:14 +0900] "GET /owa/auth/logon.aspx?url=https%3a%2f%2f1%2fecp%2f HTTP/1.1" 404 5573 "-" "Mozilla/5.0 zgrab/0.x"
80.82.70.187 - - [24/Jul/2020:20:54:26 +0900] "GET http://www.baidu.com/cache/global/img/gs.gif HTTP/1.1" 404 2435 "-" "Mozilla"
193.118.53.194 - - [24/Jul/2020:22:22:17 +0900] "GET / HTTP/1.1" 404 5469 "-" "Mozilla/5.0 (Windows NT 10.0; Win64; x64) AppleWebKit/537.36 (KHTML, like Gecko) Chrome/60.0.3112.113 Safari/537.36"
192.168.219.105 - - [25/Jul/2020:00:00:43 +0900] "GET /news/today/ HTTP/1.1" 200 4200 "http://192.168.219.123/" "Mozilla/5.0 (Windows NT 10.0; Win64; x64) AppleWebKit/537.36 (KHTML, like Gecko) Chrome/84.0.4147.89 Safari/537.36"
::1 - - [25/Jul/2020:00:00:50 +0900] "OPTIONS * HTTP/1.0" 200 126 "-" "Apache/2.4.41 (Ubuntu) OpenSSL/1.1.1g mod_wsgi/4.6.8 Python/3.8 (internal dummy connection)"
192.168.219.105 - - [25/Jul/2020:00:01:01 +0900] "-" 408 563 "-" "-"
::1 - - [25/Jul/2020:00:01:01 +0900] "OPTIONS * HTTP/1.0" 200 126 "-" "Apache/2.4.41 (Ubuntu) OpenSSL/1.1.1g mod_wsgi/4.6.8 Python/3.8 (internal dummy connection)"
192.168.219.105 - - [25/Jul/2020:00:01:03 +0900] "-" 408 563 "-" "-"
::1 - - [25/Jul/2020:00:01:04 +0900] "OPTIONS * HTTP/1.0" 200 126 "-" "Apache/2.4.41 (Ubuntu) OpenSSL/1.1.1g mod_wsgi/4.6.8 Python/3.8 (internal dummy connection)"
5.8.10.202 - - [25/Jul/2020:00:03:52 +0900] "GET / HTTP/1.1" 404 6052 "-" "fasthttp"
93.174.93.12 - - [25/Jul/2020:00:04:04 +0900] "GET / HTTP/1.1" 400 3724 "-" "-"
192.168.219.105 - - [25/Jul/2020:00:04:39 +0900] "GET /news/today/ HTTP/1.1" 200 1008 "http://192.168.219.123/" "Mozilla/5.0 (Windows NT 10.0; Win64; x64) AppleWebKit/537.36 (KHTML, like Gecko) Chrome/84.0.4147.89 Safari/537.36"
::1 - - [25/Jul/2020:00:05:05 +0900] "OPTIONS * HTTP/1.0" 200 126 "-" "Apache/2.4.41 (Ubuntu) OpenSSL/1.1.1g mod_wsgi/4.6.8 Python/3.8 (internal dummy connection)"
::1 - - [25/Jul/2020:00:05:06 +0900] "OPTIONS * HTTP/1.0" 200 126 "-" "Apache/2.4.41 (Ubuntu) OpenSSL/1.1.1g mod_wsgi/4.6.8 Python/3.8 (internal dummy connection)"
::1 - - [25/Jul/2020:00:05:46 +0900] "OPTIONS * HTTP/1.0" 200 126 "-" "Apache/2.4.41 (Ubuntu) OpenSSL/1.1.1g mod_wsgi/4.6.8 Python/3.8 (internal dummy connection)"
::1 - - [25/Jul/2020:00:05:47 +0900] "OPTIONS * HTTP/1.0" 200 126 "-" "Apache/2.4.41 (Ubuntu) OpenSSL/1.1.1g mod_wsgi/4.6.8 Python/3.8 (internal dummy connection)"
183.136.225.44 - - [25/Jul/2020:00:05:47 +0900] "GET / HTTP/1.1" 404 2408 "-" "Mozilla/5.0 (Macintosh; Intel Mac OS X 10.11; rv:47.0) Gecko/20100101 Firefox/47.0"
::1 - - [25/Jul/2020:00:05:48 +0900] "OPTIONS * HTTP/1.0" 200 126 "-" "Apache/2.4.41 (Ubuntu) OpenSSL/1.1.1g mod_wsgi/4.6.8 Python/3.8 (internal dummy connection)"
::1 - - [25/Jul/2020:00:05:49 +0900] "OPTIONS * HTTP/1.0" 200 126 "-" "Apache/2.4.41 (Ubuntu) OpenSSL/1.1.1g mod_wsgi/4.6.8 Python/3.8 (internal dummy connection)"
::1 - - [25/Jul/2020:00:05:50 +0900] "OPTIONS * HTTP/1.0" 200 126 "-" "Apache/2.4.41 (Ubuntu) OpenSSL/1.1.1g mod_wsgi/4.6.8 Python/3.8 (internal dummy connection)"
::1 - - [25/Jul/2020:00:05:51 +0900] "OPTIONS * HTTP/1.0" 200 126 "-" "Apache/2.4.41 (Ubuntu) OpenSSL/1.1.1g mod_wsgi/4.6.8 Python/3.8 (internal dummy connection)"
::1 - - [25/Jul/2020:00:05:58 +0900] "OPTIONS * HTTP/1.0" 200 126 "-" "Apache/2.4.41 (Ubuntu) OpenSSL/1.1.1g mod_wsgi/4.6.8 Python/3.8 (internal dummy connection)"
::1 - - [25/Jul/2020:00:06:19 +0900] "OPTIONS * HTTP/1.0" 200 126 "-" "Apache/2.4.41 (Ubuntu) OpenSSL/1.1.1g mod_wsgi/4.6.8 Python/3.8 (internal dummy connection)"
192.168.219.105 - - [25/Jul/2020:01:11:05 +0900] "GET /news/today HTTP/1.1" 301 4144 "https://unqocn.hopto.org/" "Mozilla/5.0 (Windows NT 10.0; Win64; x64) AppleWebKit/537.36 (KHTML, like Gecko) Chrome/84.0.4147.89 Safari/537.36"
192.168.219.105 - - [25/Jul/2020:01:11:05 +0900] "GET /news/today/ HTTP/1.1" 200 430 "https://unqocn.hopto.org/" "Mozilla/5.0 (Windows NT 10.0; Win64; x64) AppleWebKit/537.36 (KHTML, like Gecko) Chrome/84.0.4147.89 Safari/537.36"
192.168.219.105 - - [25/Jul/2020:01:11:25 +0900] "-" 408 563 "-" "-"
::1 - - [25/Jul/2020:01:11:27 +0900] "OPTIONS * HTTP/1.0" 200 126 "-" "Apache/2.4.41 (Ubuntu) OpenSSL/1.1.1g mod_wsgi/4.6.8 Python/3.8 (internal dummy connection)"
192.168.219.105 - - [25/Jul/2020:01:11:52 +0900] "-" 408 563 "-" "-"
167.172.39.126 - - [25/Jul/2020:01:22:10 +0900] "GET / HTTP/1.1" 404 2408 "-" "Mozilla/5.0 (Windows NT 10.0; Win64; x64) AppleWebKit/537.36 (KHTML, like Gecko) Chrome/83.0.4103.61 Safari/537.36"
167.172.39.126 - - [25/Jul/2020:01:22:11 +0900] "GET /favicon.ico HTTP/1.1" 404 2458 "-" "Mozilla/5.0 (Windows NT 10.0; Win64; x64) AppleWebKit/537.36 (KHTML, like Gecko) Chrome/83.0.4103.61 Safari/537.36"
167.172.39.126 - - [25/Jul/2020:01:53:00 +0900] "GET / HTTP/1.1" 404 2408 "-" "Mozilla/5.0 (Windows NT 10.0; Win64; x64) AppleWebKit/537.36 (KHTML, like Gecko) Chrome/83.0.4103.61 Safari/537.36"
167.172.39.126 - - [25/Jul/2020:01:53:01 +0900] "GET /favicon.ico HTTP/1.1" 404 2458 "-" "Mozilla/5.0 (Windows NT 10.0; Win64; x64) AppleWebKit/537.36 (KHTML, like Gecko) Chrome/83.0.4103.61 Safari/537.36"
157.245.139.234 - - [25/Jul/2020:02:05:37 +0900] "GET / HTTP/1.1" 404 2408 "-" "Mozilla/5.0 (Windows NT 10.0; Win64; x64) AppleWebKit/537.36 (KHTML, like Gecko) Chrome/83.0.4103.61 Safari/537.36"
157.245.139.234 - - [25/Jul/2020:02:05:37 +0900] "GET /favicon.ico HTTP/1.1" 404 2458 "-" "Mozilla/5.0 (Windows NT 10.0; Win64; x64) AppleWebKit/537.36 (KHTML, like Gecko) Chrome/83.0.4103.61 Safari/537.36"
185.39.11.105 - - [25/Jul/2020:02:17:41 +0900] "GET / HTTP/1.1" 404 5435 "-" "Mozilla/5.0 (X11; Ubuntu; Linux x86_64; rv:76.0) Gecko/20100101 Firefox/76.0"
185.39.11.105 - - [25/Jul/2020:03:08:46 +0900] "GET / HTTP/1.1" 404 5435 "-" "Mozilla/5.0 (X11; Ubuntu; Linux x86_64; rv:76.0) Gecko/20100101 Firefox/76.0"
185.39.11.105 - - [25/Jul/2020:03:21:53 +0900] "GET / HTTP/1.1" 404 5435 "-" "Mozilla/5.0 (X11; Ubuntu; Linux x86_64; rv:76.0) Gecko/20100101 Firefox/76.0"
45.33.50.106 - - [25/Jul/2020:03:25:00 +0900] "GET / HTTP/1.1" 404 2408 "-" "Mozilla/5.0 (Windows NT 10.0; Win64; x64) AppleWebKit/537.36 (KHTML, like Gecko) Chrome/83.0.4103.61 Safari/537.36"
45.33.50.106 - - [25/Jul/2020:03:25:05 +0900] "GET /favicon.ico HTTP/1.1" 404 2458 "-" "Mozilla/5.0 (Windows NT 10.0; Win64; x64) AppleWebKit/537.36 (KHTML, like Gecko) Chrome/83.0.4103.61 Safari/537.36"
167.71.69.246 - - [25/Jul/2020:03:30:08 +0900] "GET / HTTP/1.1" 404 2408 "-" "Mozilla/5.0 (Windows NT 10.0; Win64; x64) AppleWebKit/537.36 (KHTML, like Gecko) Chrome/83.0.4103.61 Safari/537.36"
167.71.69.246 - - [25/Jul/2020:03:30:08 +0900] "GET /favicon.ico HTTP/1.1" 404 2458 "-" "Mozilla/5.0 (Windows NT 10.0; Win64; x64) AppleWebKit/537.36 (KHTML, like Gecko) Chrome/83.0.4103.61 Safari/537.36"
185.39.11.105 - - [25/Jul/2020:05:39:52 +0900] "GET / HTTP/1.1" 404 5435 "-" "Mozilla/5.0 (X11; Ubuntu; Linux x86_64; rv:76.0) Gecko/20100101 Firefox/76.0"
80.82.70.187 - - [25/Jul/2020:06:33:02 +0900] "GET http://www.baidu.com/cache/global/img/gs.gif HTTP/1.1" 404 2435 "-" "Mozilla"
185.39.11.105 - - [25/Jul/2020:06:48:29 +0900] "GET / HTTP/1.1" 404 5435 "-" "Mozilla/5.0 (X11; Ubuntu; Linux x86_64; rv:76.0) Gecko/20100101 Firefox/76.0"
89.40.73.229 - - [25/Jul/2020:07:45:54 +0900] "\x16\x03\x03" 400 0 "-" "-"
89.40.73.229 - - [25/Jul/2020:07:46:00 +0900] "GET / HTTP/1.0" 400 0 "-" "-"
83.97.20.34 - - [25/Jul/2020:08:55:04 +0900] "GET / HTTP/1.0" 404 2380 "-" "-"
195.144.21.56 - - [25/Jul/2020:09:36:24 +0900] "GET / HTTP/1.1" 404 2347 "-" "Mozilla/5.0 (Windows NT 6.1) AppleWebKit/537.36 (KHTML, like Gecko) Chrome/41.0.2228.0 Safari/537.36"
195.144.21.56 - - [25/Jul/2020:09:36:30 +0900] "GET /favicon.ico HTTP/1.1" 404 2459 "-" "python-requests/2.23.0"
51.91.212.81 - - [25/Jul/2020:12:49:40 +0900] "\x16\x03\x01" 400 0 "-" "-"
93.174.93.139 - - [25/Jul/2020:12:53:02 +0900] "GET / HTTP/1.1" 404 5435 "-" "Mozilla/5.0 (X11; Ubuntu; Linux x86_64; rv:76.0) Gecko/20100101 Firefox/76.0"
54.177.217.122 - - [25/Jul/2020:13:53:09 +0900] "GET / HTTP/1.1" 404 2371 "-" "Mozilla/5.0 (Macintosh; Intel Mac OS X 10_11_5) AppleWebKit/537.36 (KHTML, like Gecko) Chrome/50.0.2661.102 Safari/537.36"
74.82.47.2 - - [25/Jul/2020:14:21:10 +0900] "GET / HTTP/1.1" 404 5469 "-" "-"
192.168.219.102 - - [25/Jul/2020:14:53:42 +0900] "GET /news/today/ HTTP/1.1" 200 16126 "https://unqocn.hopto.org/" "Mozilla/5.0 (Windows NT 10.0; Win64; x64) AppleWebKit/537.36 (KHTML, like Gecko) Chrome/84.0.4147.89 Safari/537.36"
192.168.219.102 - - [25/Jul/2020:14:54:02 +0900] "-" 408 563 "-" "-"
80.82.70.187 - - [25/Jul/2020:16:14:18 +0900] "GET http://www.baidu.com/cache/global/img/gs.gif HTTP/1.1" 404 2435 "-" "Mozilla"
59.9.243.245 - - [25/Jul/2020:17:06:41 +0900] "GET /news/today/ HTTP/1.1" 200 16126 "https://unqocn.hopto.org/" "Mozilla/5.0 (Windows NT 10.0; Win64; x64) AppleWebKit/537.36 (KHTML, like Gecko) Chrome/84.0.4147.89 Safari/537.36"
59.9.243.245 - - [25/Jul/2020:17:07:01 +0900] "-" 408 563 "-" "-"
83.97.20.29 - - [25/Jul/2020:17:22:57 +0900] "OPTIONS / HTTP/1.0" 404 5500 "-" "-"
18.197.188.8 - - [25/Jul/2020:17:52:47 +0900] "GET / HTTP/1.1" 404 5469 "-" "Mozilla: Mozilla/5.0 (Windows NT 6.1; Win64; x64; rv:47.0) Gecko/20100101 Firefox/47.3 Mozilla/5.0 (Macintosh; Intel Mac OS X x.y; rv:42.0) Gecko/20100101 Firefox/43.4"
59.9.243.245 - - [25/Jul/2020:18:07:32 +0900] "GET /news/today/ HTTP/1.1" 200 16126 "https://unqocn.hopto.org/" "Mozilla/5.0 (Windows NT 10.0; Win64; x64) AppleWebKit/537.36 (KHTML, like Gecko) Chrome/84.0.4147.89 Safari/537.36"
59.9.243.245 - - [25/Jul/2020:18:07:38 +0900] "GET /news/today/ HTTP/1.1" 200 12934 "https://unqocn.hopto.org/" "Mozilla/5.0 (Windows NT 10.0; Win64; x64) AppleWebKit/537.36 (KHTML, like Gecko) Chrome/84.0.4147.89 Safari/537.36"
59.9.243.245 - - [25/Jul/2020:18:07:54 +0900] "-" 408 3733 "-" "-"
64.41.200.108 - - [25/Jul/2020:18:11:16 +0900] "GET /?SSL_Labs_Renegotiation_Test=User_Agent_May_Not_Show HTTP/1.0" 400 3504 "-" "-"
64.41.200.108 - - [25/Jul/2020:18:11:17 +0900] "GET /?SSL_Labs_Renegotiation_Test=User_Agent_May_Not_Show HTTP/1.0" 400 3061 "-" "-"
173.212.225.214 - - [25/Jul/2020:20:18:50 +0900] "GET / HTTP/1.1" 404 5671 "-" "libwww-perl/6.45"
185.39.11.105 - - [25/Jul/2020:21:03:22 +0900] "GET / HTTP/1.1" 404 5435 "-" "Mozilla/5.0 (X11; Ubuntu; Linux x86_64; rv:76.0) Gecko/20100101 Firefox/76.0"
185.39.11.105 - - [25/Jul/2020:21:12:41 +0900] "GET / HTTP/1.1" 404 5435 "-" "Mozilla/5.0 (X11; Ubuntu; Linux x86_64; rv:76.0) Gecko/20100101 Firefox/76.0"
193.118.53.202 - - [25/Jul/2020:21:24:57 +0900] "GET / HTTP/1.1" 404 5469 "-" "Mozilla/5.0 (Windows NT 10.0; Win64; x64) AppleWebKit/537.36 (KHTML, like Gecko) Chrome/60.0.3112.113 Safari/537.36"
::1 - - [25/Jul/2020:23:15:20 +0900] "OPTIONS * HTTP/1.0" 200 126 "-" "Apache/2.4.41 (Ubuntu) OpenSSL/1.1.1g mod_wsgi/4.6.8 Python/3.8 (internal dummy connection)"
106.102.0.65 - - [25/Jul/2020:23:16:35 +0900] "-" 408 563 "-" "-"
106.102.0.65 - - [25/Jul/2020:23:16:35 +0900] "-" 408 563 "-" "-"
106.102.0.65 - - [25/Jul/2020:23:18:11 +0900] "-" 408 3733 "-" "-"
106.102.0.65 - - [25/Jul/2020:23:18:11 +0900] "-" 408 3733 "-" "-"
::1 - - [25/Jul/2020:23:20:19 +0900] "OPTIONS * HTTP/1.0" 200 126 "-" "Apache/2.4.41 (Ubuntu) OpenSSL/1.1.1g mod_wsgi/4.6.8 Python/3.8 (internal dummy connection)"
45.148.10.158 - - [25/Jul/2020:23:23:30 +0900] "GET / HTTP/1.1" 404 5481 "-" "Mozilla/5.0 (Windows NT 10.0; Win64; x64) AppleWebKit/537.36 (KHTML, like Gecko) Chrome/42.0.2311.135 Safari/537.36 Edge/12.246"
92.118.160.29 - - [26/Jul/2020:00:51:50 +0900] "GET / HTTP/1.1" 404 5473 "-" "NetSystemsResearch studies the availability of various services across the internet. Our website is netsystemsresearch.com"
80.82.70.187 - - [26/Jul/2020:01:55:20 +0900] "GET http://www.baidu.com/cache/global/img/gs.gif HTTP/1.1" 404 2435 "-" "Mozilla"
92.118.161.1 - - [26/Jul/2020:03:28:27 +0900] "GET / HTTP/1.1" 404 2352 "-" "NetSystemsResearch studies the availability of various services across the internet. Our website is netsystemsresearch.com"
80.82.65.213 - - [26/Jul/2020:03:32:49 +0900] "GET / HTTP/1.1" 404 2352 "-" "Mozilla/5.0 zgrab/0.x"
185.39.11.105 - - [26/Jul/2020:03:50:00 +0900] "GET / HTTP/1.1" 404 5435 "-" "Mozilla/5.0 (X11; Ubuntu; Linux x86_64; rv:76.0) Gecko/20100101 Firefox/76.0"
185.39.11.105 - - [26/Jul/2020:04:33:55 +0900] "GET / HTTP/1.1" 404 5435 "-" "Mozilla/5.0 (X11; Ubuntu; Linux x86_64; rv:76.0) Gecko/20100101 Firefox/76.0"
185.39.11.105 - - [26/Jul/2020:04:50:07 +0900] "GET / HTTP/1.1" 404 5435 "-" "Mozilla/5.0 (X11; Ubuntu; Linux x86_64; rv:76.0) Gecko/20100101 Firefox/76.0"
185.39.11.105 - - [26/Jul/2020:06:05:44 +0900] "GET / HTTP/1.1" 404 5435 "-" "Mozilla/5.0 (X11; Ubuntu; Linux x86_64; rv:76.0) Gecko/20100101 Firefox/76.0"
185.39.11.105 - - [26/Jul/2020:06:37:45 +0900] "GET / HTTP/1.1" 404 5435 "-" "Mozilla/5.0 (X11; Ubuntu; Linux x86_64; rv:76.0) Gecko/20100101 Firefox/76.0"
185.39.11.105 - - [26/Jul/2020:07:53:49 +0900] "GET / HTTP/1.1" 404 5435 "-" "Mozilla/5.0 (X11; Ubuntu; Linux x86_64; rv:76.0) Gecko/20100101 Firefox/76.0"
192.35.168.249 - - [26/Jul/2020:08:24:40 +0900] "GET / HTTP/1.1" 404 5473 "-" "-"
192.35.168.249 - - [26/Jul/2020:08:24:41 +0900] "GET / HTTP/1.1" 404 5648 "-" "Mozilla/5.0 zgrab/0.x"
185.39.11.105 - - [26/Jul/2020:08:54:14 +0900] "GET / HTTP/1.1" 404 5435 "-" "Mozilla/5.0 (X11; Ubuntu; Linux x86_64; rv:76.0) Gecko/20100101 Firefox/76.0"
195.54.160.21 - - [26/Jul/2020:09:13:54 +0900] "POST /api/jsonws/invoke HTTP/1.1" 404 6354 "-" "Mozilla/5.0 (Windows NT 10.0; Win64; x64) AppleWebKit/537.36 (KHTML, like Gecko) Chrome/78.0.3904.108 Safari/537.36"
195.54.160.21 - - [26/Jul/2020:09:13:54 +0900] "GET /?XDEBUG_SESSION_START=phpstorm HTTP/1.1" 404 6101 "-" "Mozilla/5.0 (Windows NT 10.0; Win64; x64) AppleWebKit/537.36 (KHTML, like Gecko) Chrome/78.0.3904.108 Safari/537.36"
195.54.160.21 - - [26/Jul/2020:09:13:55 +0900] "POST /vendor/phpunit/phpunit/src/Util/PHP/eval-stdin.php HTTP/1.1" 404 6240 "-" "Mozilla/5.0 (Windows NT 10.0; Win64; x64) AppleWebKit/537.36 (KHTML, like Gecko) Chrome/78.0.3904.108 Safari/537.36"
195.54.160.21 - - [26/Jul/2020:09:13:55 +0900] "GET /vendor/phpunit/phpunit/src/Util/PHP/eval-stdin.php HTTP/1.1" 404 6239 "-" "Mozilla/5.0 (Windows NT 10.0; Win64; x64) AppleWebKit/537.36 (KHTML, like Gecko) Chrome/78.0.3904.108 Safari/537.36"
195.54.160.21 - - [26/Jul/2020:09:13:56 +0900] "GET /index.php?s=/Index/\\think\\app/invokefunction&function=call_user_func_array&vars[0]=md5&vars[1][]=HelloThinkPHP HTTP/1.1" 404 6233 "-" "Mozilla/5.0 (Windows NT 10.0; Win64; x64) AppleWebKit/537.36 (KHTML, like Gecko) Chrome/78.0.3904.108 Safari/537.36"
185.39.11.105 - - [26/Jul/2020:10:09:11 +0900] "GET / HTTP/1.1" 404 5435 "-" "Mozilla/5.0 (X11; Ubuntu; Linux x86_64; rv:76.0) Gecko/20100101 Firefox/76.0"
93.174.93.139 - - [26/Jul/2020:10:22:53 +0900] "GET / HTTP/1.1" 404 5435 "-" "Mozilla/5.0 (X11; Ubuntu; Linux x86_64; rv:76.0) Gecko/20100101 Firefox/76.0"
184.105.139.67 - - [26/Jul/2020:10:26:04 +0900] "GET / HTTP/1.1" 404 5469 "-" "-"
93.174.93.139 - - [26/Jul/2020:10:54:28 +0900] "GET / HTTP/1.1" 404 5435 "-" "Mozilla/5.0 (X11; Ubuntu; Linux x86_64; rv:76.0) Gecko/20100101 Firefox/76.0"
80.82.70.187 - - [26/Jul/2020:11:38:24 +0900] "GET http://www.baidu.com/cache/global/img/gs.gif HTTP/1.1" 404 2435 "-" "Mozilla"
128.14.133.58 - - [26/Jul/2020:13:21:02 +0900] "GET /cgi-bin/config.exp HTTP/1.1" 404 5541 "-" "Mozilla/5.0 (Windows NT 10.0; Win64; x64) AppleWebKit/537.36 (KHTML, like Gecko) Chrome/60.0.3112.113 Safari/537.36"
195.54.160.21 - - [26/Jul/2020:15:47:01 +0900] "GET /?XDEBUG_SESSION_START=phpstorm HTTP/1.1" 404 6101 "-" "Mozilla/5.0 (Windows NT 10.0; Win64; x64) AppleWebKit/537.36 (KHTML, like Gecko) Chrome/78.0.3904.108 Safari/537.36"
195.54.160.21 - - [26/Jul/2020:15:47:01 +0900] "POST /api/jsonws/invoke HTTP/1.1" 404 6354 "-" "Mozilla/5.0 (Windows NT 10.0; Win64; x64) AppleWebKit/537.36 (KHTML, like Gecko) Chrome/78.0.3904.108 Safari/537.36"
195.54.160.21 - - [26/Jul/2020:15:47:03 +0900] "POST /vendor/phpunit/phpunit/src/Util/PHP/eval-stdin.php HTTP/1.1" 404 6240 "-" "Mozilla/5.0 (Windows NT 10.0; Win64; x64) AppleWebKit/537.36 (KHTML, like Gecko) Chrome/78.0.3904.108 Safari/537.36"
195.54.160.21 - - [26/Jul/2020:15:47:03 +0900] "GET /vendor/phpunit/phpunit/src/Util/PHP/eval-stdin.php HTTP/1.1" 404 6239 "-" "Mozilla/5.0 (Windows NT 10.0; Win64; x64) AppleWebKit/537.36 (KHTML, like Gecko) Chrome/78.0.3904.108 Safari/537.36"
195.54.160.21 - - [26/Jul/2020:15:47:05 +0900] "GET /index.php?s=/Index/\\think\\app/invokefunction&function=call_user_func_array&vars[0]=md5&vars[1][]=HelloThinkPHP HTTP/1.1" 404 6233 "-" "Mozilla/5.0 (Windows NT 10.0; Win64; x64) AppleWebKit/537.36 (KHTML, like Gecko) Chrome/78.0.3904.108 Safari/537.36"
64.41.200.105 - - [26/Jul/2020:16:45:53 +0900] "GET /?SSL_Labs_Renegotiation_Test=User_Agent_May_Not_Show HTTP/1.0" 400 3504 "-" "-"
64.41.200.105 - - [26/Jul/2020:16:45:54 +0900] "GET /?SSL_Labs_Renegotiation_Test=User_Agent_May_Not_Show HTTP/1.0" 400 3061 "-" "-"
194.225.50.38 - - [26/Jul/2020:18:52:16 +0900] "GET / HTTP/1.1" 404 6095 "-" "-"
155.4.129.251 - - [26/Jul/2020:19:01:14 +0900] "GET / HTTP/1.0" 400 0 "-" "-"
192.35.168.198 - - [26/Jul/2020:20:38:00 +0900] "GET / HTTP/1.1" 404 5473 "-" "-"
192.35.168.198 - - [26/Jul/2020:20:38:01 +0900] "GET / HTTP/1.1" 404 5648 "-" "Mozilla/5.0 zgrab/0.x"
80.82.70.187 - - [26/Jul/2020:21:19:26 +0900] "GET http://www.baidu.com/cache/global/img/gs.gif HTTP/1.1" 404 2435 "-" "Mozilla"
185.39.11.105 - - [26/Jul/2020:23:00:39 +0900] "GET / HTTP/1.1" 404 5435 "-" "Mozilla/5.0 (X11; Ubuntu; Linux x86_64; rv:76.0) Gecko/20100101 Firefox/76.0"
93.174.93.139 - - [26/Jul/2020:23:22:56 +0900] "GET / HTTP/1.1" 404 5435 "-" "Mozilla/5.0 (X11; Ubuntu; Linux x86_64; rv:76.0) Gecko/20100101 Firefox/76.0"
185.39.11.105 - - [26/Jul/2020:23:44:42 +0900] "GET / HTTP/1.1" 404 5435 "-" "Mozilla/5.0 (X11; Ubuntu; Linux x86_64; rv:76.0) Gecko/20100101 Firefox/76.0"
192.241.216.129 - - [27/Jul/2020:00:05:11 +0900] "GET / HTTP/1.1" 404 5469 "-" "Mozilla/5.0 zgrab/0.x"
185.39.11.105 - - [27/Jul/2020:00:18:06 +0900] "GET / HTTP/1.1" 404 5435 "-" "Mozilla/5.0 (X11; Ubuntu; Linux x86_64; rv:76.0) Gecko/20100101 Firefox/76.0"
185.39.11.105 - - [27/Jul/2020:00:49:13 +0900] "GET / HTTP/1.1" 404 5435 "-" "Mozilla/5.0 (X11; Ubuntu; Linux x86_64; rv:76.0) Gecko/20100101 Firefox/76.0"
125.212.217.214 - - [27/Jul/2020:02:00:24 +0900] "GET / HTTP/1.1" 404 2347 "-" "Mozilla/5.0 (Windows NT 6.1) AppleWebKit/537.36 (KHTML, like Gecko) Chrome/41.0.2228.0 Safari/537.36"
125.212.217.214 - - [27/Jul/2020:02:00:25 +0900] "GET /favicon.ico HTTP/1.1" 404 2459 "-" "python-requests/2.23.0"
80.82.77.227 - - [27/Jul/2020:03:45:01 +0900] "GET / HTTP/1.1" 404 5469 "-" "Mozilla/5.0 zgrab/0.x"
125.64.94.132 - - [27/Jul/2020:03:57:10 +0900] "GET / HTTP/1.0" 404 5488 "-" "-"
213.32.122.82 - - [27/Jul/2020:04:07:42 +0900] "GET / HTTP/1.1" 404 5667 "-" "Mozilla/5.0 (Windows NT 6.1) AppleWebKit/537.36 (KHTML, like Gecko) Chrome/41.0.2228.0 Safari/537.36"
185.39.11.105 - - [27/Jul/2020:04:27:43 +0900] "GET / HTTP/1.1" 404 5435 "-" "Mozilla/5.0 (X11; Ubuntu; Linux x86_64; rv:76.0) Gecko/20100101 Firefox/76.0"
93.174.93.139 - - [27/Jul/2020:05:13:28 +0900] "GET / HTTP/1.1" 404 5435 "-" "Mozilla/5.0 (X11; Ubuntu; Linux x86_64; rv:76.0) Gecko/20100101 Firefox/76.0"
87.27.101.20 - - [27/Jul/2020:05:29:01 +0900] "GET / HTTP/1.1" 404 6095 "-" "-"
185.39.11.105 - - [27/Jul/2020:06:37:48 +0900] "GET / HTTP/1.1" 404 5435 "-" "Mozilla/5.0 (X11; Ubuntu; Linux x86_64; rv:76.0) Gecko/20100101 Firefox/76.0"
45.56.78.64 - - [27/Jul/2020:06:54:36 +0900] "POST /x HTTP/1.1" 404 5547 "-" "Mozilla/5.0 (Windows NT 6.3; WOW64) AppleWebKit/537.36 (KHTML, like Gecko) Chrome/34.0.1847.116 Safari/537.36"
80.82.70.187 - - [27/Jul/2020:07:01:27 +0900] "GET http://www.baidu.com/cache/global/img/gs.gif HTTP/1.1" 404 2435 "-" "Mozilla"
185.39.11.105 - - [27/Jul/2020:07:16:27 +0900] "GET / HTTP/1.1" 404 5435 "-" "Mozilla/5.0 (X11; Ubuntu; Linux x86_64; rv:76.0) Gecko/20100101 Firefox/76.0"
139.162.113.204 - - [27/Jul/2020:08:07:52 +0900] "GET / HTTP/1.1" 404 5431 "-" "HTTP Banner Detection (https://security.ipip.net)"
114.34.112.144 - - [27/Jul/2020:09:16:24 +0900] "GET / HTTP/1.1" 400 0 "-" "-"
193.118.53.202 - - [27/Jul/2020:09:17:44 +0900] "GET / HTTP/1.1" 404 5469 "-" "Mozilla/5.0 (Windows NT 10.0; Win64; x64) AppleWebKit/537.36 (KHTML, like Gecko) Chrome/60.0.3112.113 Safari/537.36"
185.39.11.105 - - [27/Jul/2020:11:45:40 +0900] "GET / HTTP/1.1" 404 2371 "-" "Mozilla/5.0 (X11; Ubuntu; Linux x86_64; rv:76.0) Gecko/20100101 Firefox/76.0"
211.36.136.58 - - [27/Jul/2020:15:01:11 +0900] "GET /news/today/ HTTP/1.1" 200 13976 "https://unqocn.hopto.org/" "Mozilla/5.0 (Linux; Android 10; SM-G970N) AppleWebKit/537.36 (KHTML, like Gecko) Chrome/84.0.4147.89 Mobile Safari/537.36"
211.36.136.58 - - [27/Jul/2020:15:01:36 +0900] "-" 408 3733 "-" "-"
185.39.11.105 - - [27/Jul/2020:15:20:43 +0900] "GET / HTTP/1.1" 404 5435 "-" "Mozilla/5.0 (X11; Ubuntu; Linux x86_64; rv:76.0) Gecko/20100101 Firefox/76.0"
192.241.238.101 - - [27/Jul/2020:15:22:39 +0900] "GET / HTTP/1.0" 400 0 "-" "-"
211.36.139.193 - - [27/Jul/2020:15:34:38 +0900] "GET /news/today HTTP/1.1" 301 4144 "https://unqocn.hopto.org/" "Mozilla/5.0 (Windows NT 10.0; Win64; x64) AppleWebKit/537.36 (KHTML, like Gecko) Chrome/84.0.4147.89 Safari/537.36"
211.36.139.193 - - [27/Jul/2020:15:34:38 +0900] "GET /news/today/ HTTP/1.1" 200 10204 "https://unqocn.hopto.org/" "Mozilla/5.0 (Windows NT 10.0; Win64; x64) AppleWebKit/537.36 (KHTML, like Gecko) Chrome/84.0.4147.89 Safari/537.36"
211.36.139.193 - - [27/Jul/2020:15:34:58 +0900] "-" 408 563 "-" "-"
::1 - - [27/Jul/2020:15:35:01 +0900] "OPTIONS * HTTP/1.0" 200 126 "-" "Apache/2.4.41 (Ubuntu) OpenSSL/1.1.1g mod_wsgi/4.6.8 Python/3.8 (internal dummy connection)"
::1 - - [27/Jul/2020:15:36:07 +0900] "OPTIONS * HTTP/1.0" 200 126 "-" "Apache/2.4.41 (Ubuntu) OpenSSL/1.1.1g mod_wsgi/4.6.8 Python/3.8 (internal dummy connection)"
211.36.139.193 - - [27/Jul/2020:15:36:59 +0900] "-" 408 563 "-" "-"
::1 - - [27/Jul/2020:15:37:37 +0900] "OPTIONS * HTTP/1.0" 200 126 "-" "Apache/2.4.41 (Ubuntu) OpenSSL/1.1.1g mod_wsgi/4.6.8 Python/3.8 (internal dummy connection)"
::1 - - [27/Jul/2020:15:37:38 +0900] "OPTIONS * HTTP/1.0" 200 126 "-" "Apache/2.4.41 (Ubuntu) OpenSSL/1.1.1g mod_wsgi/4.6.8 Python/3.8 (internal dummy connection)"
211.36.139.193 - - [27/Jul/2020:15:38:35 +0900] "-" 408 579 "-" "-"
