::1 - - [20/Jul/2020:20:30:07 +0900] "OPTIONS * HTTP/1.0" 200 126 "-" "Apache/2.4.41 (Ubuntu) mod_wsgi/4.6.8 Python/3.8 (internal dummy connection)"
::1 - - [20/Jul/2020:20:30:08 +0900] "OPTIONS * HTTP/1.0" 200 126 "-" "Apache/2.4.41 (Ubuntu) mod_wsgi/4.6.8 Python/3.8 (internal dummy connection)"
::1 - - [20/Jul/2020:20:30:41 +0900] "OPTIONS * HTTP/1.0" 200 126 "-" "Apache/2.4.41 (Ubuntu) mod_wsgi/4.6.8 Python/3.8 (internal dummy connection)"
::1 - - [20/Jul/2020:20:32:36 +0900] "OPTIONS * HTTP/1.0" 200 126 "-" "Apache/2.4.41 (Ubuntu) mod_wsgi/4.6.8 Python/3.8 (internal dummy connection)"
221.148.25.236 - - [20/Jul/2020:20:51:41 +0900] "GET /admin/ HTTP/1.1" 200 1702 "-" "Mozilla/5.0 (Windows NT 10.0; Win64; x64) AppleWebKit/537.36 (KHTML, like Gecko) Chrome/83.0.4103.116 Safari/537.36"
221.148.25.236 - - [20/Jul/2020:20:51:45 +0900] "GET / HTTP/1.1" 404 2411 "-" "Mozilla/5.0 (Windows NT 10.0; Win64; x64) AppleWebKit/537.36 (KHTML, like Gecko) Chrome/83.0.4103.116 Safari/537.36"
221.148.25.236 - - [20/Jul/2020:20:52:33 +0900] "-" 408 0 "-" "-"
221.148.25.236 - - [20/Jul/2020:20:52:54 +0900] "-" 408 0 "-" "-"
117.111.25.121 - - [20/Jul/2020:20:54:22 +0900] "GET /news/today/ HTTP/1.1" 200 9744 "http://unqocn.hopto.org/" "Mozilla/5.0 (Linux; Android 10; SAMSUNG SM-G970N) AppleWebKit/537.36 (KHTML, like Gecko) SamsungBrowser/12.0 Chrome/79.0.3945.136 Mobile Safari/537.36"
::1 - - [20/Jul/2020:20:54:30 +0900] "OPTIONS * HTTP/1.0" 200 126 "-" "Apache/2.4.41 (Ubuntu) mod_wsgi/4.6.8 Python/3.8 (internal dummy connection)"
::1 - - [20/Jul/2020:20:54:38 +0900] "OPTIONS * HTTP/1.0" 200 126 "-" "Apache/2.4.41 (Ubuntu) mod_wsgi/4.6.8 Python/3.8 (internal dummy connection)"
::1 - - [20/Jul/2020:20:54:39 +0900] "OPTIONS * HTTP/1.0" 200 126 "-" "Apache/2.4.41 (Ubuntu) mod_wsgi/4.6.8 Python/3.8 (internal dummy connection)"
221.148.25.236 - - [20/Jul/2020:20:56:14 +0900] "GET /news/today HTTP/1.1" 301 355 "http://unqocn.hopto.org:8888/" "Mozilla/5.0 (Windows NT 10.0; Win64; x64) AppleWebKit/537.36 (KHTML, like Gecko) Chrome/83.0.4103.116 Safari/537.36"
221.148.25.236 - - [20/Jul/2020:20:56:14 +0900] "GET /news/today/ HTTP/1.1" 200 9748 "http://unqocn.hopto.org:8888/" "Mozilla/5.0 (Windows NT 10.0; Win64; x64) AppleWebKit/537.36 (KHTML, like Gecko) Chrome/83.0.4103.116 Safari/537.36"
221.148.25.236 - - [20/Jul/2020:20:57:17 +0900] "GET /news/ HTTP/1.1" 200 14747 "-" "Mozilla/5.0 (Windows NT 10.0; Win64; x64) AppleWebKit/537.36 (KHTML, like Gecko) Chrome/83.0.4103.116 Safari/537.36"
221.148.25.236 - - [20/Jul/2020:20:57:18 +0900] "GET /static/rest_framework/css/bootstrap.min.css.map HTTP/1.1" 404 496 "-" "Mozilla/5.0 (Windows NT 10.0; Win64; x64) AppleWebKit/537.36 (KHTML, like Gecko) Chrome/83.0.4103.116 Safari/537.36"
221.148.25.236 - - [20/Jul/2020:20:57:23 +0900] "GET /news/today HTTP/1.1" 301 256 "-" "Mozilla/5.0 (Windows NT 10.0; Win64; x64) AppleWebKit/537.36 (KHTML, like Gecko) Chrome/83.0.4103.116 Safari/537.36"
221.148.25.236 - - [20/Jul/2020:20:57:23 +0900] "GET /news/today/ HTTP/1.1" 200 7024 "-" "Mozilla/5.0 (Windows NT 10.0; Win64; x64) AppleWebKit/537.36 (KHTML, like Gecko) Chrome/83.0.4103.116 Safari/537.36"
221.148.25.236 - - [20/Jul/2020:20:57:23 +0900] "GET /static/rest_framework/css/bootstrap.min.css.map HTTP/1.1" 404 496 "-" "Mozilla/5.0 (Windows NT 10.0; Win64; x64) AppleWebKit/537.36 (KHTML, like Gecko) Chrome/83.0.4103.116 Safari/537.36"
221.148.25.236 - - [20/Jul/2020:20:58:14 +0900] "-" 408 0 "-" "-"
::1 - - [20/Jul/2020:21:58:16 +0900] "OPTIONS * HTTP/1.0" 200 126 "-" "Apache/2.4.41 (Ubuntu) mod_wsgi/4.6.8 Python/3.8 (internal dummy connection)"
::1 - - [20/Jul/2020:22:18:25 +0900] "OPTIONS * HTTP/1.0" 200 126 "-" "Apache/2.4.41 (Ubuntu) mod_wsgi/4.6.8 Python/3.8 (internal dummy connection)"
::1 - - [20/Jul/2020:22:19:05 +0900] "OPTIONS * HTTP/1.0" 200 126 "-" "Apache/2.4.41 (Ubuntu) mod_wsgi/4.6.8 Python/3.8 (internal dummy connection)"
183.185.110.177 - - [21/Jul/2020:04:19:35 +0900] "GET / HTTP/1.1" 404 2347 "-" "Mozilla/4.0 (compatible; MSIE 6.0; Windows NT 5.1)"
80.82.70.187 - - [21/Jul/2020:05:30:51 +0900] "GET http://www.baidu.com/cache/global/img/gs.gif HTTP/1.1" 404 2435 "-" "Mozilla"
185.36.81.37 - - [21/Jul/2020:08:32:41 +0900] "GET / HTTP/1.1" 404 2371 "-" "Mozilla/5.0 (Windows NT 6.1; WOW64) AppleWebKit/537.36 (KHTML, like Gecko) Chrome/41.0.2228.0 Safari/537.36"
117.111.28.196 - - [21/Jul/2020:09:56:31 +0900] "GET / HTTP/1.1" 404 2412 "-" "Mozilla/5.0 (Linux; Android 10; SAMSUNG SM-G970N) AppleWebKit/537.36 (KHTML, like Gecko) SamsungBrowser/12.0 Chrome/79.0.3945.136 Mobile Safari/537.36"
117.111.28.196 - - [21/Jul/2020:09:56:37 +0900] "GET /news/today HTTP/1.1" 301 355 "http://unqocn.hopto.org:8888/" "Mozilla/5.0 (Linux; Android 10; SAMSUNG SM-G970N) AppleWebKit/537.36 (KHTML, like Gecko) SamsungBrowser/12.0 Chrome/79.0.3945.136 Mobile Safari/537.36"
117.111.28.196 - - [21/Jul/2020:09:56:37 +0900] "GET /news/today/ HTTP/1.1" 200 13922 "http://unqocn.hopto.org:8888/" "Mozilla/5.0 (Linux; Android 10; SAMSUNG SM-G970N) AppleWebKit/537.36 (KHTML, like Gecko) SamsungBrowser/12.0 Chrome/79.0.3945.136 Mobile Safari/537.36"
117.111.28.196 - - [21/Jul/2020:09:57:22 +0900] "-" 408 0 "-" "-"
192.168.219.103 - - [21/Jul/2020:10:37:55 +0900] "GET /news/today/ HTTP/1.1" 200 13824 "-" "Mozilla/5.0 (Windows NT 10.0; Win64; x64) AppleWebKit/537.36 (KHTML, like Gecko) Chrome/79.0.3945.130 Safari/537.36"
196.52.43.104 - - [21/Jul/2020:11:13:23 +0900] "GET / HTTP/1.1" 404 2352 "-" "Mozilla/5.0 (X11; Linux x86_64) AppleWebKit/537.36 (KHTML, like Gecko) Chrome/72.0.3602.2 Safari/537.36"
::1 - - [21/Jul/2020:12:00:42 +0900] "OPTIONS * HTTP/1.0" 200 126 "-" "Apache/2.4.41 (Ubuntu) mod_wsgi/4.6.8 Python/3.8 (internal dummy connection)"
158.177.164.57 - - [21/Jul/2020:13:10:32 +0900] "GET /news/today HTTP/1.1" 301 350 "http://unqocn.hopto.org/" "Mozilla/5.0 (compatible; oBot/2.3.1; +http://www.xforce-security.com/crawler/)"
158.177.164.57 - - [21/Jul/2020:13:10:33 +0900] "GET /news/today/ HTTP/1.1" 200 13917 "http://unqocn.hopto.org/" "Mozilla/5.0 (compatible; oBot/2.3.1; +http://www.xforce-security.com/crawler/)"
65.154.226.109 - - [21/Jul/2020:13:11:13 +0900] "GET /news/today HTTP/1.1" 301 350 "http://unqocn.hopto.org/" "Mozilla/5.0 (Windows NT 10.0; Win64; x64) AppleWebKit/537.36 (KHTML, like Gecko) Chrome/76.0.3809.71 Safari/537.36"
65.154.226.109 - - [21/Jul/2020:13:11:13 +0900] "GET /news/today/ HTTP/1.1" 200 13917 "http://unqocn.hopto.org/" "Mozilla/5.0 (Windows NT 10.0; Win64; x64) AppleWebKit/537.36 (KHTML, like Gecko) Chrome/76.0.3809.71 Safari/537.36"
65.154.226.109 - - [21/Jul/2020:13:11:37 +0900] "GET /news/today HTTP/1.1" 301 350 "http://unqocn.hopto.org/" "Mozilla/5.0 (Windows NT 10.0; Win64; x64) AppleWebKit/537.36 (KHTML, like Gecko) Chrome/76.0.3809.71 Safari/537.36"
65.154.226.109 - - [21/Jul/2020:13:11:37 +0900] "GET /news/today/ HTTP/1.1" 200 13917 "http://unqocn.hopto.org/" "Mozilla/5.0 (Windows NT 10.0; Win64; x64) AppleWebKit/537.36 (KHTML, like Gecko) Chrome/76.0.3809.71 Safari/537.36"
175.193.7.139 - - [21/Jul/2020:13:21:43 +0900] "GET /news/today HTTP/1.1" 301 350 "http://unqocn.hopto.org/" "Mozilla/5.0 (Windows NT 10.0; Win64; x64) AppleWebKit/537.36 (KHTML, like Gecko) Chrome/83.0.4103.116 Safari/537.36"
175.193.7.139 - - [21/Jul/2020:13:21:44 +0900] "GET /news/today/ HTTP/1.1" 200 13917 "http://unqocn.hopto.org/" "Mozilla/5.0 (Windows NT 10.0; Win64; x64) AppleWebKit/537.36 (KHTML, like Gecko) Chrome/83.0.4103.116 Safari/537.36"
::1 - - [21/Jul/2020:13:21:51 +0900] "OPTIONS * HTTP/1.0" 200 126 "-" "Apache/2.4.41 (Ubuntu) OpenSSL/1.1.1g mod_wsgi/4.6.8 Python/3.8 (internal dummy connection)"
::1 - - [21/Jul/2020:13:21:52 +0900] "OPTIONS * HTTP/1.0" 200 126 "-" "Apache/2.4.41 (Ubuntu) OpenSSL/1.1.1g mod_wsgi/4.6.8 Python/3.8 (internal dummy connection)"
175.193.7.139 - - [21/Jul/2020:13:21:54 +0900] "GET / HTTP/1.1" 404 2412 "-" "Mozilla/5.0 (Windows NT 10.0; Win64; x64) AppleWebKit/537.36 (KHTML, like Gecko) Chrome/83.0.4103.116 Safari/537.36"
175.193.7.139 - - [21/Jul/2020:13:22:04 +0900] "GET /news/today/ HTTP/1.1" 200 13918 "http://unqocn.hopto.org/" "Mozilla/5.0 (Windows NT 10.0; Win64; x64) AppleWebKit/537.36 (KHTML, like Gecko) Chrome/83.0.4103.116 Safari/537.36"
175.193.7.139 - - [21/Jul/2020:13:22:09 +0900] "GET /news/today/ HTTP/1.1" 200 13918 "http://unqocn.hopto.org/" "Mozilla/5.0 (Windows NT 10.0; Win64; x64) AppleWebKit/537.36 (KHTML, like Gecko) Chrome/83.0.4103.116 Safari/537.36"
175.193.7.139 - - [21/Jul/2020:13:22:13 +0900] "GET /news/today/ HTTP/1.1" 200 13917 "http://unqocn.hopto.org/" "Mozilla/5.0 (Windows NT 10.0; Win64; x64) AppleWebKit/537.36 (KHTML, like Gecko) Chrome/83.0.4103.116 Safari/537.36"
175.193.7.139 - - [21/Jul/2020:13:22:45 +0900] "-" 408 0 "-" "-"
175.193.7.139 - - [21/Jul/2020:13:28:26 +0900] "GET /news/today/ HTTP/1.1" 200 13918 "http://unqocn.hopto.org/" "Mozilla/5.0 (Windows NT 10.0; Win64; x64) AppleWebKit/537.36 (KHTML, like Gecko) Chrome/83.0.4103.116 Safari/537.36"
175.193.7.139 - - [21/Jul/2020:13:31:57 +0900] "GET /news/today/ HTTP/1.1" 200 13918 "http://unqocn.hopto.org/" "Mozilla/5.0 (Windows NT 10.0; Win64; x64) AppleWebKit/537.36 (KHTML, like Gecko) Chrome/83.0.4103.116 Safari/537.36"
175.193.7.139 - - [21/Jul/2020:13:37:59 +0900] "GET /news/today/ HTTP/1.1" 200 13918 "http://unqocn.hopto.org/" "Mozilla/5.0 (Windows NT 10.0; Win64; x64) AppleWebKit/537.36 (KHTML, like Gecko) Chrome/83.0.4103.116 Safari/537.36"
::1 - - [21/Jul/2020:13:39:25 +0900] "OPTIONS * HTTP/1.0" 200 126 "-" "Apache/2.4.41 (Ubuntu) OpenSSL/1.1.1g mod_wsgi/4.6.8 Python/3.8 (internal dummy connection)"
175.193.7.139 - - [21/Jul/2020:13:46:06 +0900] "GET /news/today/ HTTP/1.1" 200 13918 "http://unqocn.hopto.org/" "Mozilla/5.0 (Windows NT 10.0; Win64; x64) AppleWebKit/537.36 (KHTML, like Gecko) Chrome/83.0.4103.116 Safari/537.36"
175.193.7.139 - - [21/Jul/2020:13:46:08 +0900] "GET / HTTP/1.1" 404 2412 "-" "Mozilla/5.0 (Windows NT 10.0; Win64; x64) AppleWebKit/537.36 (KHTML, like Gecko) Chrome/83.0.4103.116 Safari/537.36"
175.193.7.139 - - [21/Jul/2020:13:47:00 +0900] "-" 408 0 "-" "-"
::1 - - [21/Jul/2020:13:47:04 +0900] "OPTIONS * HTTP/1.0" 200 126 "-" "Apache/2.4.41 (Ubuntu) OpenSSL/1.1.1g mod_wsgi/4.6.8 Python/3.8 (internal dummy connection)"
::1 - - [21/Jul/2020:13:49:32 +0900] "OPTIONS * HTTP/1.0" 200 126 "-" "Apache/2.4.41 (Ubuntu) OpenSSL/1.1.1g mod_wsgi/4.6.8 Python/3.8 (internal dummy connection)"
175.193.7.139 - - [21/Jul/2020:13:55:14 +0900] "GET / HTTP/1.1" 404 2412 "-" "Mozilla/5.0 (Windows NT 10.0; Win64; x64) AppleWebKit/537.36 (KHTML, like Gecko) Chrome/83.0.4103.116 Safari/537.36"
175.193.7.139 - - [21/Jul/2020:13:55:15 +0900] "GET /favicon.ico HTTP/1.1" 404 2462 "http://unqocn.hopto.org:8000/" "Mozilla/5.0 (Windows NT 10.0; Win64; x64) AppleWebKit/537.36 (KHTML, like Gecko) Chrome/83.0.4103.116 Safari/537.36"
175.193.7.139 - - [21/Jul/2020:13:56:06 +0900] "-" 408 0 "-" "-"
::1 - - [21/Jul/2020:14:08:15 +0900] "OPTIONS * HTTP/1.0" 200 126 "-" "Apache/2.4.41 (Ubuntu) OpenSSL/1.1.1g mod_wsgi/4.6.8 Python/3.8 (internal dummy connection)"
::1 - - [21/Jul/2020:14:08:30 +0900] "OPTIONS * HTTP/1.0" 200 126 "-" "Apache/2.4.41 (Ubuntu) OpenSSL/1.1.1g mod_wsgi/4.6.8 Python/3.8 (internal dummy connection)"
::1 - - [21/Jul/2020:14:20:28 +0900] "OPTIONS * HTTP/1.0" 200 126 "-" "Apache/2.4.41 (Ubuntu) OpenSSL/1.1.1g mod_wsgi/4.6.8 Python/3.8 (internal dummy connection)"
::1 - - [21/Jul/2020:14:20:29 +0900] "OPTIONS * HTTP/1.0" 200 126 "-" "Apache/2.4.41 (Ubuntu) OpenSSL/1.1.1g mod_wsgi/4.6.8 Python/3.8 (internal dummy connection)"
175.193.7.139 - - [21/Jul/2020:14:21:46 +0900] "\x16\x03\x01\x02" 400 0 "-" "-"
175.193.7.139 - - [21/Jul/2020:14:21:46 +0900] "\x16\x03\x01\x02" 400 0 "-" "-"
175.193.7.139 - - [21/Jul/2020:14:21:51 +0900] "\x16\x03\x01\x02" 400 0 "-" "-"
175.193.7.139 - - [21/Jul/2020:14:21:51 +0900] "\x16\x03\x01\x02" 400 0 "-" "-"
::1 - - [21/Jul/2020:14:21:58 +0900] "OPTIONS * HTTP/1.0" 200 126 "-" "Apache/2.4.41 (Ubuntu) OpenSSL/1.1.1g mod_wsgi/4.6.8 Python/3.8 (internal dummy connection)"
::1 - - [21/Jul/2020:14:21:59 +0900] "OPTIONS * HTTP/1.0" 200 126 "-" "Apache/2.4.41 (Ubuntu) OpenSSL/1.1.1g mod_wsgi/4.6.8 Python/3.8 (internal dummy connection)"
175.193.7.139 - - [21/Jul/2020:14:26:20 +0900] "GET / HTTP/1.1" 404 2412 "-" "Mozilla/5.0 (Windows NT 10.0; Win64; x64) AppleWebKit/537.36 (KHTML, like Gecko) Chrome/83.0.4103.116 Safari/537.36"
175.193.7.139 - - [21/Jul/2020:14:26:20 +0900] "GET /favicon.ico HTTP/1.1" 404 2462 "http://unqocn.hopto.org:8000/" "Mozilla/5.0 (Windows NT 10.0; Win64; x64) AppleWebKit/537.36 (KHTML, like Gecko) Chrome/83.0.4103.116 Safari/537.36"
175.193.7.139 - - [21/Jul/2020:14:27:11 +0900] "\x16\x03\x01\x02" 400 0 "-" "-"
175.193.7.139 - - [21/Jul/2020:14:27:11 +0900] "\x16\x03\x01\x02" 400 0 "-" "-"
175.193.7.139 - - [21/Jul/2020:14:27:11 +0900] "-" 408 0 "-" "-"
::1 - - [21/Jul/2020:14:27:19 +0900] "OPTIONS * HTTP/1.0" 200 126 "-" "Apache/2.4.41 (Ubuntu) OpenSSL/1.1.1g mod_wsgi/4.6.8 Python/3.8 (internal dummy connection)"
::1 - - [21/Jul/2020:14:27:33 +0900] "OPTIONS * HTTP/1.0" 200 126 "-" "Apache/2.4.41 (Ubuntu) OpenSSL/1.1.1g mod_wsgi/4.6.8 Python/3.8 (internal dummy connection)"
::1 - - [21/Jul/2020:14:27:34 +0900] "OPTIONS * HTTP/1.0" 200 126 "-" "Apache/2.4.41 (Ubuntu) OpenSSL/1.1.1g mod_wsgi/4.6.8 Python/3.8 (internal dummy connection)"
175.193.7.139 - - [21/Jul/2020:14:28:00 +0900] "-" 408 0 "-" "-"
175.193.7.139 - - [21/Jul/2020:14:29:33 +0900] "\x16\x03\x01\x02" 400 0 "-" "-"
175.193.7.139 - - [21/Jul/2020:14:29:33 +0900] "\x16\x03\x01\x02" 400 0 "-" "-"
175.193.7.139 - - [21/Jul/2020:14:29:37 +0900] "\x16\x03\x01\x02" 400 0 "-" "-"
175.193.7.139 - - [21/Jul/2020:14:29:37 +0900] "\x16\x03\x01\x02" 400 0 "-" "-"
175.193.7.139 - - [21/Jul/2020:14:29:40 +0900] "\x16\x03\x01\x02" 400 0 "-" "-"
175.193.7.139 - - [21/Jul/2020:14:29:40 +0900] "\x16\x03\x01\x02" 400 0 "-" "-"
::1 - - [21/Jul/2020:14:29:48 +0900] "OPTIONS * HTTP/1.0" 200 126 "-" "Apache/2.4.41 (Ubuntu) OpenSSL/1.1.1g mod_wsgi/4.6.8 Python/3.8 (internal dummy connection)"
::1 - - [21/Jul/2020:14:29:49 +0900] "OPTIONS * HTTP/1.0" 200 126 "-" "Apache/2.4.41 (Ubuntu) OpenSSL/1.1.1g mod_wsgi/4.6.8 Python/3.8 (internal dummy connection)"
::1 - - [21/Jul/2020:14:30:37 +0900] "OPTIONS * HTTP/1.0" 200 126 "-" "Apache/2.4.41 (Ubuntu) OpenSSL/1.1.1g mod_wsgi/4.6.8 Python/3.8 (internal dummy connection)"
::1 - - [21/Jul/2020:14:30:38 +0900] "OPTIONS * HTTP/1.0" 200 126 "-" "Apache/2.4.41 (Ubuntu) OpenSSL/1.1.1g mod_wsgi/4.6.8 Python/3.8 (internal dummy connection)"
175.193.7.139 - - [21/Jul/2020:14:34:54 +0900] "GET /news/today HTTP/1.1" 301 350 "http://unqocn.hopto.org/" "Mozilla/5.0 (Windows NT 10.0; Win64; x64) AppleWebKit/537.36 (KHTML, like Gecko) Chrome/83.0.4103.116 Safari/537.36"
175.193.7.139 - - [21/Jul/2020:14:34:55 +0900] "GET /news/today/ HTTP/1.1" 200 13917 "http://unqocn.hopto.org/" "Mozilla/5.0 (Windows NT 10.0; Win64; x64) AppleWebKit/537.36 (KHTML, like Gecko) Chrome/83.0.4103.116 Safari/537.36"
::1 - - [21/Jul/2020:14:35:02 +0900] "OPTIONS * HTTP/1.0" 200 126 "-" "Apache/2.4.41 (Ubuntu) OpenSSL/1.1.1g mod_wsgi/4.6.8 Python/3.8 (internal dummy connection)"
::1 - - [21/Jul/2020:14:35:03 +0900] "OPTIONS * HTTP/1.0" 200 126 "-" "Apache/2.4.41 (Ubuntu) OpenSSL/1.1.1g mod_wsgi/4.6.8 Python/3.8 (internal dummy connection)"
80.82.70.187 - - [21/Jul/2020:15:19:23 +0900] "GET http://www.baidu.com/cache/global/img/gs.gif HTTP/1.1" 404 2435 "-" "Mozilla"
80.82.65.74 - - [21/Jul/2020:15:22:49 +0900] "-" 408 0 "-" "-"
80.82.65.74 - - [21/Jul/2020:15:23:09 +0900] "-" 408 0 "-" "-"
80.82.65.74 - - [21/Jul/2020:15:23:29 +0900] "-" 408 0 "-" "-"
139.162.79.87 - - [21/Jul/2020:16:13:08 +0900] "GET / HTTP/1.1" 404 2371 "-" "Mozilla/5.0"
139.162.157.85 - - [21/Jul/2020:16:16:02 +0900] "GET / HTTP/1.1" 404 2352 "-" "Mozilla/5.0 zgrab/0.x"
51.91.247.125 - - [21/Jul/2020:17:05:19 +0900] "\x16\x03\x01" 400 0 "-" "-"
80.82.77.139 - - [21/Jul/2020:18:21:40 +0900] "GET / HTTP/1.1" 404 2347 "-" "Mozilla/5.0 (Windows NT 6.1) AppleWebKit/537.36 (KHTML, like Gecko) Chrome/41.0.2228.0 Safari/537.36"
80.82.77.139 - - [21/Jul/2020:18:21:41 +0900] "GET /favicon.ico HTTP/1.1" 404 2459 "-" "python-requests/2.23.0"
175.193.7.139 - - [21/Jul/2020:18:43:58 +0900] "GET /news/today HTTP/1.1" 301 355 "http://unqocn.hopto.org:5252/" "Mozilla/5.0 (Windows NT 10.0; Win64; x64) AppleWebKit/537.36 (KHTML, like Gecko) Chrome/83.0.4103.116 Safari/537.36"
175.193.7.139 - - [21/Jul/2020:18:43:59 +0900] "GET /news/today/ HTTP/1.1" 200 13922 "http://unqocn.hopto.org:5252/" "Mozilla/5.0 (Windows NT 10.0; Win64; x64) AppleWebKit/537.36 (KHTML, like Gecko) Chrome/83.0.4103.116 Safari/537.36"
::1 - - [21/Jul/2020:18:49:59 +0900] "OPTIONS * HTTP/1.0" 200 126 "-" "Apache/2.4.41 (Ubuntu) OpenSSL/1.1.1g mod_wsgi/4.6.8 Python/3.8 (internal dummy connection)"
::1 - - [21/Jul/2020:18:50:00 +0900] "OPTIONS * HTTP/1.0" 200 126 "-" "Apache/2.4.41 (Ubuntu) OpenSSL/1.1.1g mod_wsgi/4.6.8 Python/3.8 (internal dummy connection)"
::1 - - [21/Jul/2020:18:50:01 +0900] "OPTIONS * HTTP/1.0" 200 126 "-" "Apache/2.4.41 (Ubuntu) OpenSSL/1.1.1g mod_wsgi/4.6.8 Python/3.8 (internal dummy connection)"
::1 - - [21/Jul/2020:18:55:07 +0900] "OPTIONS * HTTP/1.0" 200 126 "-" "Apache/2.4.41 (Ubuntu) OpenSSL/1.1.1g mod_wsgi/4.6.8 Python/3.8 (internal dummy connection)"
::1 - - [21/Jul/2020:18:55:08 +0900] "OPTIONS * HTTP/1.0" 200 126 "-" "Apache/2.4.41 (Ubuntu) OpenSSL/1.1.1g mod_wsgi/4.6.8 Python/3.8 (internal dummy connection)"
175.193.7.139 - - [21/Jul/2020:19:09:35 +0900] "GET /news/today HTTP/1.1" 301 350 "http://unqocn.hopto.org/" "Mozilla/5.0 (Windows NT 10.0; Win64; x64) AppleWebKit/537.36 (KHTML, like Gecko) Chrome/83.0.4103.116 Safari/537.36"
175.193.7.139 - - [21/Jul/2020:19:09:35 +0900] "GET /news/today/ HTTP/1.1" 200 13917 "http://unqocn.hopto.org/" "Mozilla/5.0 (Windows NT 10.0; Win64; x64) AppleWebKit/537.36 (KHTML, like Gecko) Chrome/83.0.4103.116 Safari/537.36"
175.193.7.139 - - [21/Jul/2020:19:09:37 +0900] "GET /news/today/ HTTP/1.1" 200 13917 "http://unqocn.hopto.org/" "Mozilla/5.0 (Windows NT 10.0; Win64; x64) AppleWebKit/537.36 (KHTML, like Gecko) Chrome/83.0.4103.116 Safari/537.36"
175.193.7.139 - - [21/Jul/2020:19:09:39 +0900] "GET /news/today HTTP/1.1" 301 349 "http://unqocn.hopto.org/" "Mozilla/5.0 (Windows NT 10.0; Win64; x64) AppleWebKit/537.36 (KHTML, like Gecko) Chrome/83.0.4103.116 Safari/537.36"
175.193.7.139 - - [21/Jul/2020:19:09:39 +0900] "GET /news/today/ HTTP/1.1" 200 13917 "http://unqocn.hopto.org/" "Mozilla/5.0 (Windows NT 10.0; Win64; x64) AppleWebKit/537.36 (KHTML, like Gecko) Chrome/83.0.4103.116 Safari/537.36"
175.193.7.139 - - [21/Jul/2020:19:09:46 +0900] "GET / HTTP/1.1" 404 2412 "-" "Mozilla/5.0 (Windows NT 10.0; Win64; x64) AppleWebKit/537.36 (KHTML, like Gecko) Chrome/83.0.4103.116 Safari/537.36"
175.193.7.139 - - [21/Jul/2020:19:09:46 +0900] "GET /favicon.ico HTTP/1.1" 404 2462 "http://unqocn.hopto.org:8000/" "Mozilla/5.0 (Windows NT 10.0; Win64; x64) AppleWebKit/537.36 (KHTML, like Gecko) Chrome/83.0.4103.116 Safari/537.36"
175.193.7.139 - - [21/Jul/2020:19:09:49 +0900] "GET /news/today HTTP/1.1" 301 355 "http://unqocn.hopto.org:8888/" "Mozilla/5.0 (Windows NT 10.0; Win64; x64) AppleWebKit/537.36 (KHTML, like Gecko) Chrome/83.0.4103.116 Safari/537.36"
175.193.7.139 - - [21/Jul/2020:19:09:49 +0900] "GET /news/today/ HTTP/1.1" 200 13922 "http://unqocn.hopto.org:8888/" "Mozilla/5.0 (Windows NT 10.0; Win64; x64) AppleWebKit/537.36 (KHTML, like Gecko) Chrome/83.0.4103.116 Safari/537.36"
175.193.7.139 - - [21/Jul/2020:19:09:51 +0900] "GET /news/today HTTP/1.1" 301 349 "http://unqocn.hopto.org/" "Mozilla/5.0 (Windows NT 10.0; Win64; x64) AppleWebKit/537.36 (KHTML, like Gecko) Chrome/83.0.4103.116 Safari/537.36"
175.193.7.139 - - [21/Jul/2020:19:09:51 +0900] "GET /news/today/ HTTP/1.1" 200 13917 "http://unqocn.hopto.org/" "Mozilla/5.0 (Windows NT 10.0; Win64; x64) AppleWebKit/537.36 (KHTML, like Gecko) Chrome/83.0.4103.116 Safari/537.36"
::1 - - [21/Jul/2020:19:09:58 +0900] "OPTIONS * HTTP/1.0" 200 126 "-" "Apache/2.4.41 (Ubuntu) OpenSSL/1.1.1g mod_wsgi/4.6.8 Python/3.8 (internal dummy connection)"
175.193.7.139 - - [21/Jul/2020:19:10:37 +0900] "-" 408 0 "-" "-"
::1 - - [21/Jul/2020:19:13:48 +0900] "OPTIONS * HTTP/1.0" 200 126 "-" "Apache/2.4.41 (Ubuntu) OpenSSL/1.1.1g mod_wsgi/4.6.8 Python/3.8 (internal dummy connection)"
175.193.7.139 - - [21/Jul/2020:19:23:09 +0900] "GET /news/today/ HTTP/1.1" 200 13918 "http://unqocn.hopto.org/" "Mozilla/5.0 (Windows NT 10.0; Win64; x64) AppleWebKit/537.36 (KHTML, like Gecko) Chrome/83.0.4103.116 Safari/537.36"
175.193.7.139 - - [21/Jul/2020:19:23:22 +0900] "GET /news/today HTTP/1.1" 301 356 "http://unqocn-cloud.hopto.org/" "Mozilla/5.0 (Windows NT 10.0; Win64; x64) AppleWebKit/537.36 (KHTML, like Gecko) Chrome/83.0.4103.116 Safari/537.36"
175.193.7.139 - - [21/Jul/2020:19:23:22 +0900] "GET /news/today/ HTTP/1.1" 200 13923 "http://unqocn-cloud.hopto.org/" "Mozilla/5.0 (Windows NT 10.0; Win64; x64) AppleWebKit/537.36 (KHTML, like Gecko) Chrome/83.0.4103.116 Safari/537.36"
175.193.7.139 - - [21/Jul/2020:19:24:41 +0900] "GET /news/today HTTP/1.1" 301 354 "http://unqocn-api.hopto.org/" "Mozilla/5.0 (Windows NT 10.0; Win64; x64) AppleWebKit/537.36 (KHTML, like Gecko) Chrome/83.0.4103.116 Safari/537.36"
175.193.7.139 - - [21/Jul/2020:19:24:41 +0900] "GET /news/today/ HTTP/1.1" 200 13921 "http://unqocn-api.hopto.org/" "Mozilla/5.0 (Windows NT 10.0; Win64; x64) AppleWebKit/537.36 (KHTML, like Gecko) Chrome/83.0.4103.116 Safari/537.36"
175.193.7.139 - - [21/Jul/2020:19:25:09 +0900] "GET / HTTP/1.1" 404 2411 "-" "Mozilla/5.0 (Windows NT 10.0; Win64; x64) AppleWebKit/537.36 (KHTML, like Gecko) Chrome/83.0.4103.116 Safari/537.36"
175.193.7.139 - - [21/Jul/2020:19:25:16 +0900] "GET /admin HTTP/1.1" 301 251 "-" "Mozilla/5.0 (Windows NT 10.0; Win64; x64) AppleWebKit/537.36 (KHTML, like Gecko) Chrome/83.0.4103.116 Safari/537.36"
175.193.7.139 - - [21/Jul/2020:19:25:16 +0900] "GET /admin/ HTTP/1.1" 302 432 "-" "Mozilla/5.0 (Windows NT 10.0; Win64; x64) AppleWebKit/537.36 (KHTML, like Gecko) Chrome/83.0.4103.116 Safari/537.36"
175.193.7.139 - - [21/Jul/2020:19:25:17 +0900] "GET /admin/login/?next=/admin/ HTTP/1.1" 200 1502 "-" "Mozilla/5.0 (Windows NT 10.0; Win64; x64) AppleWebKit/537.36 (KHTML, like Gecko) Chrome/83.0.4103.116 Safari/537.36"
175.193.7.139 - - [21/Jul/2020:19:25:17 +0900] "GET /static/admin/css/login.css HTTP/1.1" 200 834 "http://unqocn-api.hopto.org/admin/login/?next=/admin/" "Mozilla/5.0 (Windows NT 10.0; Win64; x64) AppleWebKit/537.36 (KHTML, like Gecko) Chrome/83.0.4103.116 Safari/537.36"
175.193.7.139 - - [21/Jul/2020:19:25:17 +0900] "GET /static/admin/css/base.css HTTP/1.1" 200 4168 "http://unqocn-api.hopto.org/admin/login/?next=/admin/" "Mozilla/5.0 (Windows NT 10.0; Win64; x64) AppleWebKit/537.36 (KHTML, like Gecko) Chrome/83.0.4103.116 Safari/537.36"
175.193.7.139 - - [21/Jul/2020:19:25:17 +0900] "GET /static/admin/css/responsive.css HTTP/1.1" 200 3740 "http://unqocn-api.hopto.org/admin/login/?next=/admin/" "Mozilla/5.0 (Windows NT 10.0; Win64; x64) AppleWebKit/537.36 (KHTML, like Gecko) Chrome/83.0.4103.116 Safari/537.36"
175.193.7.139 - - [21/Jul/2020:19:25:17 +0900] "GET /static/admin/css/fonts.css HTTP/1.1" 200 486 "http://unqocn-api.hopto.org/admin/login/?next=/admin/" "Mozilla/5.0 (Windows NT 10.0; Win64; x64) AppleWebKit/537.36 (KHTML, like Gecko) Chrome/83.0.4103.116 Safari/537.36"
175.193.7.139 - - [21/Jul/2020:19:25:17 +0900] "GET /static/admin/fonts/Roboto-Regular-webfont.woff HTTP/1.1" 200 86164 "http://unqocn-api.hopto.org/static/admin/css/fonts.css" "Mozilla/5.0 (Windows NT 10.0; Win64; x64) AppleWebKit/537.36 (KHTML, like Gecko) Chrome/83.0.4103.116 Safari/537.36"
175.193.7.139 - - [21/Jul/2020:19:25:17 +0900] "GET /static/admin/fonts/Roboto-Light-webfont.woff HTTP/1.1" 200 85980 "http://unqocn-api.hopto.org/static/admin/css/fonts.css" "Mozilla/5.0 (Windows NT 10.0; Win64; x64) AppleWebKit/537.36 (KHTML, like Gecko) Chrome/83.0.4103.116 Safari/537.36"
175.193.7.139 - - [21/Jul/2020:19:26:16 +0900] "-" 408 0 "-" "-"
175.193.7.139 - - [21/Jul/2020:19:26:16 +0900] "-" 408 0 "-" "-"
175.193.7.139 - - [21/Jul/2020:19:27:26 +0900] "GET /news/today HTTP/1.1" 301 350 "http://unqocn.hopto.org/" "Mozilla/5.0 (Windows NT 10.0; Win64; x64) AppleWebKit/537.36 (KHTML, like Gecko) Chrome/83.0.4103.116 Safari/537.36"
175.193.7.139 - - [21/Jul/2020:19:27:26 +0900] "GET /news/today/ HTTP/1.1" 200 13917 "http://unqocn.hopto.org/" "Mozilla/5.0 (Windows NT 10.0; Win64; x64) AppleWebKit/537.36 (KHTML, like Gecko) Chrome/83.0.4103.116 Safari/537.36"
175.193.7.139 - - [21/Jul/2020:19:28:17 +0900] "-" 408 0 "-" "-"
175.193.7.139 - - [21/Jul/2020:19:30:37 +0900] "GET /news/today/ HTTP/1.1" 200 13918 "http://unqocn.hopto.org/" "Mozilla/5.0 (Windows NT 10.0; Win64; x64) AppleWebKit/537.36 (KHTML, like Gecko) Chrome/83.0.4103.116 Safari/537.36"
175.193.7.139 - - [21/Jul/2020:19:31:11 +0900] "GET /news/today/ HTTP/1.1" 200 13918 "http://unqocn.hopto.org/" "Mozilla/5.0 (Windows NT 10.0; Win64; x64) AppleWebKit/537.36 (KHTML, like Gecko) Chrome/83.0.4103.116 Safari/537.36"
175.193.7.139 - - [21/Jul/2020:19:31:15 +0900] "GET /news/today HTTP/1.1" 301 349 "http://unqocn.hopto.org/" "Mozilla/5.0 (Windows NT 10.0; Win64; x64) AppleWebKit/537.36 (KHTML, like Gecko) Chrome/83.0.4103.116 Safari/537.36"
175.193.7.139 - - [21/Jul/2020:19:31:15 +0900] "GET /news/today/ HTTP/1.1" 200 13917 "http://unqocn.hopto.org/" "Mozilla/5.0 (Windows NT 10.0; Win64; x64) AppleWebKit/537.36 (KHTML, like Gecko) Chrome/83.0.4103.116 Safari/537.36"
175.193.7.139 - - [21/Jul/2020:19:31:16 +0900] "GET /news/today/ HTTP/1.1" 200 13917 "http://unqocn.hopto.org/" "Mozilla/5.0 (Windows NT 10.0; Win64; x64) AppleWebKit/537.36 (KHTML, like Gecko) Chrome/83.0.4103.116 Safari/537.36"
175.193.7.139 - - [21/Jul/2020:19:41:51 +0900] "GET /news/today HTTP/1.1" 301 350 "http://unqocn.hopto.org/" "Mozilla/5.0 (Windows NT 10.0; Win64; x64) AppleWebKit/537.36 (KHTML, like Gecko) Chrome/83.0.4103.116 Safari/537.36"
175.193.7.139 - - [21/Jul/2020:19:41:51 +0900] "GET /news/today/ HTTP/1.1" 200 13917 "http://unqocn.hopto.org/" "Mozilla/5.0 (Windows NT 10.0; Win64; x64) AppleWebKit/537.36 (KHTML, like Gecko) Chrome/83.0.4103.116 Safari/537.36"
175.193.7.139 - - [21/Jul/2020:19:58:55 +0900] "GET / HTTP/1.1" 404 2412 "-" "Mozilla/5.0 (Windows NT 10.0; Win64; x64) AppleWebKit/537.36 (KHTML, like Gecko) Chrome/83.0.4103.116 Safari/537.36"
175.193.7.139 - - [21/Jul/2020:19:58:56 +0900] "GET /favicon.ico HTTP/1.1" 404 2462 "http://unqocn.hopto.org:8000/" "Mozilla/5.0 (Windows NT 10.0; Win64; x64) AppleWebKit/537.36 (KHTML, like Gecko) Chrome/83.0.4103.116 Safari/537.36"
::1 - - [21/Jul/2020:19:59:11 +0900] "OPTIONS * HTTP/1.0" 200 126 "-" "Apache/2.4.41 (Ubuntu) OpenSSL/1.1.1g mod_wsgi/4.6.8 Python/3.8 (internal dummy connection)"
::1 - - [21/Jul/2020:19:59:12 +0900] "OPTIONS * HTTP/1.0" 200 126 "-" "Apache/2.4.41 (Ubuntu) OpenSSL/1.1.1g mod_wsgi/4.6.8 Python/3.8 (internal dummy connection)"
::1 - - [21/Jul/2020:19:59:13 +0900] "OPTIONS * HTTP/1.0" 200 126 "-" "Apache/2.4.41 (Ubuntu) OpenSSL/1.1.1g mod_wsgi/4.6.8 Python/3.8 (internal dummy connection)"
175.193.7.139 - - [21/Jul/2020:19:59:47 +0900] "-" 408 0 "-" "-"
::1 - - [21/Jul/2020:20:01:48 +0900] "OPTIONS * HTTP/1.0" 200 126 "-" "Apache/2.4.41 (Ubuntu) OpenSSL/1.1.1g mod_wsgi/4.6.8 Python/3.8 (internal dummy connection)"
::1 - - [21/Jul/2020:20:01:49 +0900] "OPTIONS * HTTP/1.0" 200 126 "-" "Apache/2.4.41 (Ubuntu) OpenSSL/1.1.1g mod_wsgi/4.6.8 Python/3.8 (internal dummy connection)"
::1 - - [21/Jul/2020:20:04:27 +0900] "OPTIONS * HTTP/1.0" 200 126 "-" "Apache/2.4.41 (Ubuntu) OpenSSL/1.1.1g mod_wsgi/4.6.8 Python/3.8 (internal dummy connection)"
::1 - - [21/Jul/2020:20:04:28 +0900] "OPTIONS * HTTP/1.0" 200 126 "-" "Apache/2.4.41 (Ubuntu) OpenSSL/1.1.1g mod_wsgi/4.6.8 Python/3.8 (internal dummy connection)"
::1 - - [21/Jul/2020:20:04:29 +0900] "OPTIONS * HTTP/1.0" 200 126 "-" "Apache/2.4.41 (Ubuntu) OpenSSL/1.1.1g mod_wsgi/4.6.8 Python/3.8 (internal dummy connection)"
175.193.7.139 - - [21/Jul/2020:20:04:32 +0900] "GET / HTTP/1.1" 404 2416 "-" "Mozilla/5.0 (Windows NT 10.0; Win64; x64) AppleWebKit/537.36 (KHTML, like Gecko) Chrome/83.0.4103.116 Safari/537.36"
175.193.7.139 - - [21/Jul/2020:20:04:33 +0900] "GET /favicon.ico HTTP/1.1" 404 2466 "http://unqocn-api.hopto.org:8000/" "Mozilla/5.0 (Windows NT 10.0; Win64; x64) AppleWebKit/537.36 (KHTML, like Gecko) Chrome/83.0.4103.116 Safari/537.36"
175.193.7.139 - - [21/Jul/2020:20:05:24 +0900] "-" 408 0 "-" "-"
::1 - - [21/Jul/2020:20:05:44 +0900] "OPTIONS * HTTP/1.0" 200 126 "-" "Apache/2.4.41 (Ubuntu) OpenSSL/1.1.1g mod_wsgi/4.6.8 Python/3.8 (internal dummy connection)"
117.111.26.157 - - [21/Jul/2020:20:05:46 +0900] "GET /news/today/ HTTP/1.1" 200 13824 "-" "Mozilla/5.0 (Windows NT 10.0; Win64; x64) AppleWebKit/537.36 (KHTML, like Gecko) Chrome/79.0.3945.130 Safari/537.36"
::1 - - [21/Jul/2020:20:05:54 +0900] "OPTIONS * HTTP/1.0" 200 126 "-" "Apache/2.4.41 (Ubuntu) OpenSSL/1.1.1g mod_wsgi/4.6.8 Python/3.8 (internal dummy connection)"
175.193.7.139 - - [21/Jul/2020:20:12:47 +0900] "\x16\x03\x01\x02" 400 0 "-" "-"
175.193.7.139 - - [21/Jul/2020:20:12:47 +0900] "\x16\x03\x01\x02" 400 0 "-" "-"
175.193.7.139 - - [21/Jul/2020:20:12:47 +0900] "\x16\x03\x01\x02" 400 0 "-" "-"
175.193.7.139 - - [21/Jul/2020:20:12:47 +0900] "\x16\x03\x01\x02" 400 0 "-" "-"
175.193.7.139 - - [21/Jul/2020:20:12:50 +0900] "GET / HTTP/1.1" 404 2412 "-" "Mozilla/5.0 (Windows NT 10.0; Win64; x64) AppleWebKit/537.36 (KHTML, like Gecko) Chrome/83.0.4103.116 Safari/537.36"
175.193.7.139 - - [21/Jul/2020:20:12:50 +0900] "GET /favicon.ico HTTP/1.1" 404 2462 "http://unqocn.hopto.org:8000/" "Mozilla/5.0 (Windows NT 10.0; Win64; x64) AppleWebKit/537.36 (KHTML, like Gecko) Chrome/83.0.4103.116 Safari/537.36"
::1 - - [21/Jul/2020:20:13:03 +0900] "OPTIONS * HTTP/1.0" 200 126 "-" "Apache/2.4.41 (Ubuntu) OpenSSL/1.1.1g mod_wsgi/4.6.8 Python/3.8 (internal dummy connection)"
175.193.7.139 - - [21/Jul/2020:20:13:41 +0900] "-" 408 0 "-" "-"
::1 - - [21/Jul/2020:20:18:12 +0900] "OPTIONS * HTTP/1.0" 200 126 "-" "Apache/2.4.41 (Ubuntu) OpenSSL/1.1.1g mod_wsgi/4.6.8 Python/3.8 (internal dummy connection)"
175.193.7.139 - - [21/Jul/2020:20:18:12 +0900] "GET /index.php/login HTTP/1.1" 404 2474 "-" "Mozilla/5.0 (Windows NT 10.0; Win64; x64) AppleWebKit/537.36 (KHTML, like Gecko) Chrome/83.0.4103.116 Safari/537.36"
175.193.7.139 - - [21/Jul/2020:20:18:17 +0900] "GET /index.php HTTP/1.1" 404 2455 "http://unqocn-api.hopto.org/" "Mozilla/5.0 (Windows NT 10.0; Win64; x64) AppleWebKit/537.36 (KHTML, like Gecko) Chrome/83.0.4103.116 Safari/537.36"
::1 - - [21/Jul/2020:20:18:25 +0900] "OPTIONS * HTTP/1.0" 200 126 "-" "Apache/2.4.41 (Ubuntu) OpenSSL/1.1.1g mod_wsgi/4.6.8 Python/3.8 (internal dummy connection)"
175.193.7.139 - - [21/Jul/2020:20:21:13 +0900] "GET / HTTP/1.1" 500 808 "-" "Mozilla/5.0 (Windows NT 10.0; Win64; x64) AppleWebKit/537.36 (KHTML, like Gecko) Chrome/83.0.4103.116 Safari/537.36"
175.193.7.139 - - [21/Jul/2020:20:21:36 +0900] "GET / HTTP/1.1" 500 808 "-" "Mozilla/5.0 (Windows NT 10.0; Win64; x64) AppleWebKit/537.36 (KHTML, like Gecko) Chrome/83.0.4103.116 Safari/537.36"
175.193.7.139 - - [21/Jul/2020:20:22:23 +0900] "GET / HTTP/1.1" 500 808 "-" "Mozilla/5.0 (Windows NT 10.0; Win64; x64) AppleWebKit/537.36 (KHTML, like Gecko) Chrome/83.0.4103.116 Safari/537.36"
175.193.7.139 - - [21/Jul/2020:20:23:54 +0900] "GET / HTTP/1.1" 500 808 "-" "Mozilla/5.0 (Windows NT 10.0; Win64; x64) AppleWebKit/537.36 (KHTML, like Gecko) Chrome/83.0.4103.116 Safari/537.36"
175.193.7.139 - - [21/Jul/2020:20:24:33 +0900] "GET / HTTP/1.1" 500 808 "-" "Mozilla/5.0 (Windows NT 10.0; Win64; x64) AppleWebKit/537.36 (KHTML, like Gecko) Chrome/83.0.4103.116 Safari/537.36"
175.193.7.139 - - [21/Jul/2020:20:25:09 +0900] "GET / HTTP/1.1" 500 808 "-" "Mozilla/5.0 (Windows NT 10.0; Win64; x64) AppleWebKit/537.36 (KHTML, like Gecko) Chrome/83.0.4103.116 Safari/537.36"
175.193.7.139 - - [21/Jul/2020:20:27:21 +0900] "GET / HTTP/1.1" 404 2412 "-" "Mozilla/5.0 (Windows NT 10.0; Win64; x64) AppleWebKit/537.36 (KHTML, like Gecko) Chrome/83.0.4103.116 Safari/537.36"
175.193.7.139 - - [21/Jul/2020:20:27:28 +0900] "GET /index.php HTTP/1.1" 404 2456 "http://unqocn-api.hopto.org/" "Mozilla/5.0 (Windows NT 10.0; Win64; x64) AppleWebKit/537.36 (KHTML, like Gecko) Chrome/83.0.4103.116 Safari/537.36"
175.193.7.139 - - [21/Jul/2020:20:27:40 +0900] "GET /index.php HTTP/1.1" 404 2456 "-" "Mozilla/5.0 (Windows NT 10.0; Win64; x64) AppleWebKit/537.36 (KHTML, like Gecko) Chrome/83.0.4103.116 Safari/537.36"
175.193.7.139 - - [21/Jul/2020:20:27:46 +0900] "GET /index.php HTTP/1.1" 404 2456 "http://unqocn-api.hopto.org/" "Mozilla/5.0 (Windows NT 10.0; Win64; x64) AppleWebKit/537.36 (KHTML, like Gecko) Chrome/83.0.4103.116 Safari/537.36"
175.193.7.139 - - [21/Jul/2020:20:27:51 +0900] "GET /api HTTP/1.1" 301 248 "-" "Mozilla/5.0 (Windows NT 10.0; Win64; x64) AppleWebKit/537.36 (KHTML, like Gecko) Chrome/83.0.4103.116 Safari/537.36"
175.193.7.139 - - [21/Jul/2020:20:27:51 +0900] "GET /api/ HTTP/1.1" 200 2100 "-" "Mozilla/5.0 (Windows NT 10.0; Win64; x64) AppleWebKit/537.36 (KHTML, like Gecko) Chrome/83.0.4103.116 Safari/537.36"
175.193.7.139 - - [21/Jul/2020:20:27:51 +0900] "GET /static/rest_framework/css/bootstrap-tweaks.css HTTP/1.1" 200 1593 "http://unqocn-api.hopto.org/api/" "Mozilla/5.0 (Windows NT 10.0; Win64; x64) AppleWebKit/537.36 (KHTML, like Gecko) Chrome/83.0.4103.116 Safari/537.36"
175.193.7.139 - - [21/Jul/2020:20:27:51 +0900] "GET /static/rest_framework/css/bootstrap.min.css HTTP/1.1" 200 20080 "http://unqocn-api.hopto.org/api/" "Mozilla/5.0 (Windows NT 10.0; Win64; x64) AppleWebKit/537.36 (KHTML, like Gecko) Chrome/83.0.4103.116 Safari/537.36"
175.193.7.139 - - [21/Jul/2020:20:27:51 +0900] "GET /static/rest_framework/css/prettify.css HTTP/1.1" 200 726 "http://unqocn-api.hopto.org/api/" "Mozilla/5.0 (Windows NT 10.0; Win64; x64) AppleWebKit/537.36 (KHTML, like Gecko) Chrome/83.0.4103.116 Safari/537.36"
175.193.7.139 - - [21/Jul/2020:20:27:51 +0900] "GET /static/rest_framework/css/default.css HTTP/1.1" 200 932 "http://unqocn-api.hopto.org/api/" "Mozilla/5.0 (Windows NT 10.0; Win64; x64) AppleWebKit/537.36 (KHTML, like Gecko) Chrome/83.0.4103.116 Safari/537.36"
175.193.7.139 - - [21/Jul/2020:20:27:51 +0900] "GET /static/rest_framework/js/ajax-form.js HTTP/1.1" 200 1891 "http://unqocn-api.hopto.org/api/" "Mozilla/5.0 (Windows NT 10.0; Win64; x64) AppleWebKit/537.36 (KHTML, like Gecko) Chrome/83.0.4103.116 Safari/537.36"
175.193.7.139 - - [21/Jul/2020:20:27:51 +0900] "GET /static/rest_framework/js/csrf.js HTTP/1.1" 200 1137 "http://unqocn-api.hopto.org/api/" "Mozilla/5.0 (Windows NT 10.0; Win64; x64) AppleWebKit/537.36 (KHTML, like Gecko) Chrome/83.0.4103.116 Safari/537.36"
175.193.7.139 - - [21/Jul/2020:20:27:51 +0900] "GET /static/rest_framework/js/jquery-3.4.1.min.js HTTP/1.1" 200 31031 "http://unqocn-api.hopto.org/api/" "Mozilla/5.0 (Windows NT 10.0; Win64; x64) AppleWebKit/537.36 (KHTML, like Gecko) Chrome/83.0.4103.116 Safari/537.36"
175.193.7.139 - - [21/Jul/2020:20:27:51 +0900] "GET /static/rest_framework/js/prettify-min.js HTTP/1.1" 200 6376 "http://unqocn-api.hopto.org/api/" "Mozilla/5.0 (Windows NT 10.0; Win64; x64) AppleWebKit/537.36 (KHTML, like Gecko) Chrome/83.0.4103.116 Safari/537.36"
175.193.7.139 - - [21/Jul/2020:20:27:51 +0900] "GET /static/rest_framework/js/bootstrap.min.js HTTP/1.1" 200 11292 "http://unqocn-api.hopto.org/api/" "Mozilla/5.0 (Windows NT 10.0; Win64; x64) AppleWebKit/537.36 (KHTML, like Gecko) Chrome/83.0.4103.116 Safari/537.36"
175.193.7.139 - - [21/Jul/2020:20:27:51 +0900] "GET /static/rest_framework/js/default.js HTTP/1.1" 200 920 "http://unqocn-api.hopto.org/api/" "Mozilla/5.0 (Windows NT 10.0; Win64; x64) AppleWebKit/537.36 (KHTML, like Gecko) Chrome/83.0.4103.116 Safari/537.36"
175.193.7.139 - - [21/Jul/2020:20:27:51 +0900] "GET /static/rest_framework/img/grid.png HTTP/1.1" 200 1743 "http://unqocn-api.hopto.org/static/rest_framework/css/bootstrap-tweaks.css" "Mozilla/5.0 (Windows NT 10.0; Win64; x64) AppleWebKit/537.36 (KHTML, like Gecko) Chrome/83.0.4103.116 Safari/537.36"
175.193.7.139 - - [21/Jul/2020:20:27:51 +0900] "GET /static/rest_framework/css/bootstrap.min.css.map HTTP/1.1" 404 498 "-" "Mozilla/5.0 (Windows NT 10.0; Win64; x64) AppleWebKit/537.36 (KHTML, like Gecko) Chrome/83.0.4103.116 Safari/537.36"
175.193.7.139 - - [21/Jul/2020:20:27:55 +0900] "GET /news HTTP/1.1" 301 249 "-" "Mozilla/5.0 (Windows NT 10.0; Win64; x64) AppleWebKit/537.36 (KHTML, like Gecko) Chrome/83.0.4103.116 Safari/537.36"
175.193.7.139 - - [21/Jul/2020:20:27:55 +0900] "GET /news/ HTTP/1.1" 200 18842 "-" "Mozilla/5.0 (Windows NT 10.0; Win64; x64) AppleWebKit/537.36 (KHTML, like Gecko) Chrome/83.0.4103.116 Safari/537.36"
175.193.7.139 - - [21/Jul/2020:20:27:56 +0900] "GET /static/rest_framework/css/bootstrap.min.css.map HTTP/1.1" 404 498 "-" "Mozilla/5.0 (Windows NT 10.0; Win64; x64) AppleWebKit/537.36 (KHTML, like Gecko) Chrome/83.0.4103.116 Safari/537.36"
::1 - - [21/Jul/2020:20:27:59 +0900] "OPTIONS * HTTP/1.0" 200 126 "-" "Apache/2.4.41 (Ubuntu) OpenSSL/1.1.1g mod_wsgi/4.6.8 Python/3.8 (internal dummy connection)"
175.193.7.139 - - [21/Jul/2020:20:27:59 +0900] "GET /admin HTTP/1.1" 301 250 "-" "Mozilla/5.0 (Windows NT 10.0; Win64; x64) AppleWebKit/537.36 (KHTML, like Gecko) Chrome/83.0.4103.116 Safari/537.36"
175.193.7.139 - - [21/Jul/2020:20:27:59 +0900] "GET /admin/ HTTP/1.1" 302 432 "-" "Mozilla/5.0 (Windows NT 10.0; Win64; x64) AppleWebKit/537.36 (KHTML, like Gecko) Chrome/83.0.4103.116 Safari/537.36"
175.193.7.139 - - [21/Jul/2020:20:27:59 +0900] "GET /admin/login/?next=/admin/ HTTP/1.1" 200 1501 "-" "Mozilla/5.0 (Windows NT 10.0; Win64; x64) AppleWebKit/537.36 (KHTML, like Gecko) Chrome/83.0.4103.116 Safari/537.36"
175.193.7.139 - - [21/Jul/2020:20:27:59 +0900] "GET /static/admin/css/login.css HTTP/1.1" 200 834 "http://unqocn-api.hopto.org/admin/login/?next=/admin/" "Mozilla/5.0 (Windows NT 10.0; Win64; x64) AppleWebKit/537.36 (KHTML, like Gecko) Chrome/83.0.4103.116 Safari/537.36"
175.193.7.139 - - [21/Jul/2020:20:27:59 +0900] "GET /static/admin/css/base.css HTTP/1.1" 200 4168 "http://unqocn-api.hopto.org/admin/login/?next=/admin/" "Mozilla/5.0 (Windows NT 10.0; Win64; x64) AppleWebKit/537.36 (KHTML, like Gecko) Chrome/83.0.4103.116 Safari/537.36"
175.193.7.139 - - [21/Jul/2020:20:27:59 +0900] "GET /static/admin/css/responsive.css HTTP/1.1" 200 3740 "http://unqocn-api.hopto.org/admin/login/?next=/admin/" "Mozilla/5.0 (Windows NT 10.0; Win64; x64) AppleWebKit/537.36 (KHTML, like Gecko) Chrome/83.0.4103.116 Safari/537.36"
175.193.7.139 - - [21/Jul/2020:20:27:59 +0900] "GET /static/admin/css/fonts.css HTTP/1.1" 200 486 "http://unqocn-api.hopto.org/admin/login/?next=/admin/" "Mozilla/5.0 (Windows NT 10.0; Win64; x64) AppleWebKit/537.36 (KHTML, like Gecko) Chrome/83.0.4103.116 Safari/537.36"
175.193.7.139 - - [21/Jul/2020:20:27:59 +0900] "GET /static/admin/fonts/Roboto-Light-webfont.woff HTTP/1.1" 200 85980 "http://unqocn-api.hopto.org/static/admin/css/fonts.css" "Mozilla/5.0 (Windows NT 10.0; Win64; x64) AppleWebKit/537.36 (KHTML, like Gecko) Chrome/83.0.4103.116 Safari/537.36"
175.193.7.139 - - [21/Jul/2020:20:27:59 +0900] "GET /static/admin/fonts/Roboto-Regular-webfont.woff HTTP/1.1" 200 86164 "http://unqocn-api.hopto.org/static/admin/css/fonts.css" "Mozilla/5.0 (Windows NT 10.0; Win64; x64) AppleWebKit/537.36 (KHTML, like Gecko) Chrome/83.0.4103.116 Safari/537.36"
175.193.7.139 - - [21/Jul/2020:20:28:04 +0900] "POST /admin/login/?next=/admin/ HTTP/1.1" 200 1706 "http://unqocn-api.hopto.org/admin/login/?next=/admin/" "Mozilla/5.0 (Windows NT 10.0; Win64; x64) AppleWebKit/537.36 (KHTML, like Gecko) Chrome/83.0.4103.116 Safari/537.36"
175.193.7.139 - - [21/Jul/2020:20:28:04 +0900] "GET /static/admin/fonts/Roboto-Bold-webfont.woff HTTP/1.1" 200 86472 "http://unqocn-api.hopto.org/static/admin/css/fonts.css" "Mozilla/5.0 (Windows NT 10.0; Win64; x64) AppleWebKit/537.36 (KHTML, like Gecko) Chrome/83.0.4103.116 Safari/537.36"
175.193.7.139 - - [21/Jul/2020:20:28:11 +0900] "POST /admin/login/?next=/admin/ HTTP/1.1" 200 1713 "http://unqocn-api.hopto.org/admin/login/?next=/admin/" "Mozilla/5.0 (Windows NT 10.0; Win64; x64) AppleWebKit/537.36 (KHTML, like Gecko) Chrome/83.0.4103.116 Safari/537.36"
175.193.7.139 - - [21/Jul/2020:20:28:13 +0900] "-" 408 0 "-" "-"
::1 - - [21/Jul/2020:20:28:16 +0900] "OPTIONS * HTTP/1.0" 200 126 "-" "Apache/2.4.41 (Ubuntu) OpenSSL/1.1.1g mod_wsgi/4.6.8 Python/3.8 (internal dummy connection)"
175.193.7.139 - - [21/Jul/2020:20:28:18 +0900] "POST /admin/login/?next=/admin/ HTTP/1.1" 200 1708 "http://unqocn-api.hopto.org/admin/login/?next=/admin/" "Mozilla/5.0 (Windows NT 10.0; Win64; x64) AppleWebKit/537.36 (KHTML, like Gecko) Chrome/83.0.4103.116 Safari/537.36"
::1 - - [21/Jul/2020:20:28:26 +0900] "OPTIONS * HTTP/1.0" 200 126 "-" "Apache/2.4.41 (Ubuntu) OpenSSL/1.1.1g mod_wsgi/4.6.8 Python/3.8 (internal dummy connection)"
175.193.7.139 - - [21/Jul/2020:20:28:26 +0900] "POST /admin/login/?next=/admin/ HTTP/1.1" 200 1706 "http://unqocn-api.hopto.org/admin/login/?next=/admin/" "Mozilla/5.0 (Windows NT 10.0; Win64; x64) AppleWebKit/537.36 (KHTML, like Gecko) Chrome/83.0.4103.116 Safari/537.36"
175.193.7.139 - - [21/Jul/2020:20:28:35 +0900] "GET /admin/login/?next=/admin/ HTTP/1.1" 200 1508 "-" "Mozilla/5.0 (Windows NT 10.0; Win64; x64) AppleWebKit/537.36 (KHTML, like Gecko) Chrome/83.0.4103.116 Safari/537.36"
175.193.7.139 - - [21/Jul/2020:20:28:35 +0900] "GET /static/admin/css/base.css HTTP/1.1" 200 4168 "http://unqocn.hopto.org:8000/admin/login/?next=/admin/" "Mozilla/5.0 (Windows NT 10.0; Win64; x64) AppleWebKit/537.36 (KHTML, like Gecko) Chrome/83.0.4103.116 Safari/537.36"
175.193.7.139 - - [21/Jul/2020:20:28:35 +0900] "GET /static/admin/css/login.css HTTP/1.1" 200 834 "http://unqocn.hopto.org:8000/admin/login/?next=/admin/" "Mozilla/5.0 (Windows NT 10.0; Win64; x64) AppleWebKit/537.36 (KHTML, like Gecko) Chrome/83.0.4103.116 Safari/537.36"
175.193.7.139 - - [21/Jul/2020:20:28:35 +0900] "GET /static/admin/css/responsive.css HTTP/1.1" 200 3740 "http://unqocn.hopto.org:8000/admin/login/?next=/admin/" "Mozilla/5.0 (Windows NT 10.0; Win64; x64) AppleWebKit/537.36 (KHTML, like Gecko) Chrome/83.0.4103.116 Safari/537.36"
175.193.7.139 - - [21/Jul/2020:20:28:35 +0900] "GET /static/admin/css/fonts.css HTTP/1.1" 200 486 "http://unqocn.hopto.org:8000/admin/login/?next=/admin/" "Mozilla/5.0 (Windows NT 10.0; Win64; x64) AppleWebKit/537.36 (KHTML, like Gecko) Chrome/83.0.4103.116 Safari/537.36"
175.193.7.139 - - [21/Jul/2020:20:28:36 +0900] "GET /static/admin/fonts/Roboto-Light-webfont.woff HTTP/1.1" 200 85980 "http://unqocn.hopto.org:8000/static/admin/css/fonts.css" "Mozilla/5.0 (Windows NT 10.0; Win64; x64) AppleWebKit/537.36 (KHTML, like Gecko) Chrome/83.0.4103.116 Safari/537.36"
175.193.7.139 - - [21/Jul/2020:20:28:36 +0900] "GET /static/admin/fonts/Roboto-Regular-webfont.woff HTTP/1.1" 200 86164 "http://unqocn.hopto.org:8000/static/admin/css/fonts.css" "Mozilla/5.0 (Windows NT 10.0; Win64; x64) AppleWebKit/537.36 (KHTML, like Gecko) Chrome/83.0.4103.116 Safari/537.36"
175.193.7.139 - - [21/Jul/2020:20:28:39 +0900] "POST /admin/login/?next=/admin/ HTTP/1.1" 302 823 "http://unqocn.hopto.org:8000/admin/login/?next=/admin/" "Mozilla/5.0 (Windows NT 10.0; Win64; x64) AppleWebKit/537.36 (KHTML, like Gecko) Chrome/83.0.4103.116 Safari/537.36"
175.193.7.139 - - [21/Jul/2020:20:28:39 +0900] "GET /admin/ HTTP/1.1" 200 1701 "http://unqocn.hopto.org:8000/admin/login/?next=/admin/" "Mozilla/5.0 (Windows NT 10.0; Win64; x64) AppleWebKit/537.36 (KHTML, like Gecko) Chrome/83.0.4103.116 Safari/537.36"
175.193.7.139 - - [21/Jul/2020:20:28:39 +0900] "GET /static/admin/css/dashboard.css HTTP/1.1" 200 586 "http://unqocn.hopto.org:8000/admin/" "Mozilla/5.0 (Windows NT 10.0; Win64; x64) AppleWebKit/537.36 (KHTML, like Gecko) Chrome/83.0.4103.116 Safari/537.36"
175.193.7.139 - - [21/Jul/2020:20:28:39 +0900] "GET /static/admin/img/icon-addlink.svg HTTP/1.1" 200 619 "http://unqocn.hopto.org:8000/static/admin/css/base.css" "Mozilla/5.0 (Windows NT 10.0; Win64; x64) AppleWebKit/537.36 (KHTML, like Gecko) Chrome/83.0.4103.116 Safari/537.36"
175.193.7.139 - - [21/Jul/2020:20:28:39 +0900] "GET /static/admin/img/icon-changelink.svg HTTP/1.1" 200 668 "http://unqocn.hopto.org:8000/static/admin/css/base.css" "Mozilla/5.0 (Windows NT 10.0; Win64; x64) AppleWebKit/537.36 (KHTML, like Gecko) Chrome/83.0.4103.116 Safari/537.36"
175.193.7.139 - - [21/Jul/2020:20:28:39 +0900] "GET /static/admin/img/icon-deletelink.svg HTTP/1.1" 200 680 "http://unqocn.hopto.org:8000/static/admin/css/base.css" "Mozilla/5.0 (Windows NT 10.0; Win64; x64) AppleWebKit/537.36 (KHTML, like Gecko) Chrome/83.0.4103.116 Safari/537.36"
175.193.7.139 - - [21/Jul/2020:20:28:39 +0900] "GET /static/admin/fonts/Roboto-Bold-webfont.woff HTTP/1.1" 200 86472 "http://unqocn.hopto.org:8000/static/admin/css/fonts.css" "Mozilla/5.0 (Windows NT 10.0; Win64; x64) AppleWebKit/537.36 (KHTML, like Gecko) Chrome/83.0.4103.116 Safari/537.36"
175.193.7.139 - - [21/Jul/2020:20:28:44 +0900] "GET /admin/logout/ HTTP/1.1" 200 1158 "http://unqocn.hopto.org:8000/admin/" "Mozilla/5.0 (Windows NT 10.0; Win64; x64) AppleWebKit/537.36 (KHTML, like Gecko) Chrome/83.0.4103.116 Safari/537.36"
175.193.7.139 - - [21/Jul/2020:20:28:46 +0900] "GET /admin/ HTTP/1.1" 302 432 "http://unqocn.hopto.org:8000/admin/logout/" "Mozilla/5.0 (Windows NT 10.0; Win64; x64) AppleWebKit/537.36 (KHTML, like Gecko) Chrome/83.0.4103.116 Safari/537.36"
175.193.7.139 - - [21/Jul/2020:20:28:46 +0900] "GET /admin/login/?next=/admin/ HTTP/1.1" 200 1501 "http://unqocn.hopto.org:8000/admin/logout/" "Mozilla/5.0 (Windows NT 10.0; Win64; x64) AppleWebKit/537.36 (KHTML, like Gecko) Chrome/83.0.4103.116 Safari/537.36"
175.193.7.139 - - [21/Jul/2020:20:29:36 +0900] "-" 408 0 "-" "-"
175.193.7.139 - - [21/Jul/2020:20:39:47 +0900] "GET /index.php HTTP/1.1" 404 2456 "http://unqocn-api.hopto.org/" "Mozilla/5.0 (Windows NT 10.0; Win64; x64) AppleWebKit/537.36 (KHTML, like Gecko) Chrome/83.0.4103.116 Safari/537.36"
34.209.232.166 - - [21/Jul/2020:20:44:26 +0900] "GET /.well-known/acme-challenge/b9NIIZ3JhyMuK_2yLyBmVe0Zx_7MWZsjJ_QMomBliQc HTTP/1.1" 200 308 "-" "Mozilla/5.0 (compatible; Let's Encrypt validation server; +https://www.letsencrypt.org)"
52.15.254.228 - - [21/Jul/2020:20:44:26 +0900] "GET /.well-known/acme-challenge/b9NIIZ3JhyMuK_2yLyBmVe0Zx_7MWZsjJ_QMomBliQc HTTP/1.1" 200 308 "-" "Mozilla/5.0 (compatible; Let's Encrypt validation server; +https://www.letsencrypt.org)"
18.196.96.172 - - [21/Jul/2020:20:44:27 +0900] "GET /.well-known/acme-challenge/b9NIIZ3JhyMuK_2yLyBmVe0Zx_7MWZsjJ_QMomBliQc HTTP/1.1" 200 308 "-" "Mozilla/5.0 (compatible; Let's Encrypt validation server; +https://www.letsencrypt.org)"
64.78.149.164 - - [21/Jul/2020:20:44:27 +0900] "GET /.well-known/acme-challenge/b9NIIZ3JhyMuK_2yLyBmVe0Zx_7MWZsjJ_QMomBliQc HTTP/1.1" 200 308 "-" "Mozilla/5.0 (compatible; Let's Encrypt validation server; +https://www.letsencrypt.org)"
65.154.226.109 - - [21/Jul/2020:20:45:14 +0900] "GET / HTTP/1.1" 404 2411 "http://www.bing.com/search?q=amazon" "Mozilla/5.0 (Windows NT 10.0; Win64; x64) AppleWebKit/537.36 (KHTML, like Gecko) Chrome/76.0.3809.71 Safari/537.36"
65.154.226.109 - - [21/Jul/2020:20:46:22 +0900] "GET / HTTP/1.1" 404 2411 "http://www.bing.com/search?q=amazon" "Mozilla/5.0 (Windows NT 10.0; Win64; x64) AppleWebKit/537.36 (KHTML, like Gecko) Chrome/76.0.3809.71 Safari/537.36"
::1 - - [21/Jul/2020:20:47:00 +0900] "OPTIONS * HTTP/1.0" 200 126 "-" "Apache/2.4.41 (Ubuntu) OpenSSL/1.1.1g mod_wsgi/4.6.8 Python/3.8 (internal dummy connection)"
::1 - - [21/Jul/2020:20:47:29 +0900] "OPTIONS * HTTP/1.0" 200 126 "-" "Apache/2.4.41 (Ubuntu) OpenSSL/1.1.1g mod_wsgi/4.6.8 Python/3.8 (internal dummy connection)"
::1 - - [21/Jul/2020:20:47:59 +0900] "OPTIONS * HTTP/1.0" 200 126 "-" "Apache/2.4.41 (Ubuntu) OpenSSL/1.1.1g mod_wsgi/4.6.8 Python/3.8 (internal dummy connection)"
::1 - - [21/Jul/2020:20:48:29 +0900] "OPTIONS * HTTP/1.0" 200 126 "-" "Apache/2.4.41 (Ubuntu) OpenSSL/1.1.1g mod_wsgi/4.6.8 Python/3.8 (internal dummy connection)"
::1 - - [21/Jul/2020:20:48:30 +0900] "OPTIONS * HTTP/1.0" 200 126 "-" "Apache/2.4.41 (Ubuntu) OpenSSL/1.1.1g mod_wsgi/4.6.8 Python/3.8 (internal dummy connection)"
::1 - - [21/Jul/2020:20:48:31 +0900] "OPTIONS * HTTP/1.0" 200 126 "-" "Apache/2.4.41 (Ubuntu) OpenSSL/1.1.1g mod_wsgi/4.6.8 Python/3.8 (internal dummy connection)"
::1 - - [21/Jul/2020:20:50:57 +0900] "OPTIONS * HTTP/1.0" 200 126 "-" "Apache/2.4.41 (Ubuntu) OpenSSL/1.1.1g mod_wsgi/4.6.8 Python/3.8 (internal dummy connection)"
::1 - - [21/Jul/2020:20:50:58 +0900] "OPTIONS * HTTP/1.0" 200 126 "-" "Apache/2.4.41 (Ubuntu) OpenSSL/1.1.1g mod_wsgi/4.6.8 Python/3.8 (internal dummy connection)"
::1 - - [21/Jul/2020:20:50:59 +0900] "OPTIONS * HTTP/1.0" 200 126 "-" "Apache/2.4.41 (Ubuntu) OpenSSL/1.1.1g mod_wsgi/4.6.8 Python/3.8 (internal dummy connection)"
175.193.7.139 - - [21/Jul/2020:20:59:56 +0900] "-" 408 0 "-" "-"
175.193.7.139 - - [21/Jul/2020:20:59:56 +0900] "-" 408 0 "-" "-"
185.39.11.105 - - [21/Jul/2020:21:00:11 +0900] "GET / HTTP/1.1" 404 2369 "-" "Mozilla/5.0 (X11; Ubuntu; Linux x86_64; rv:76.0) Gecko/20100101 Firefox/76.0"
106.251.88.102 - - [21/Jul/2020:21:04:59 +0900] "GET / HTTP/1.0" 404 2403 "-" "Mozilla/5.0 (compatible; MSIE 9.0; Windows NT 6.1; WOW64; Trident/5.0)"
106.102.129.119 - - [21/Jul/2020:21:11:17 +0900] "GET / HTTP/1.1" 301 589 "-" "Mozilla/5.0 (Windows NT 10.0; Win64; x64) AppleWebKit/537.36 (KHTML, like Gecko) Chrome/83.0.4103.116 Safari/537.36"
106.102.129.119 - - [21/Jul/2020:21:13:41 +0900] "-" 408 0 "-" "-"
