218.146.18.167 - - [22/Aug/2020:15:47:16 +0900] "GET /portfolio/3 HTTP/1.1" 301 4105 "https://unqocn.hopto.org/resume/" "Mozilla/5.0 (Windows NT 10.0; Win64; x64) AppleWebKit/537.36 (KHTML, like Gecko) Chrome/84.0.4147.125 Safari/537.36 Edg/84.0.522.61"
218.146.18.167 - - [22/Aug/2020:15:47:16 +0900] "GET /portfolio/4 HTTP/1.1" 301 4105 "https://unqocn.hopto.org/resume/" "Mozilla/5.0 (Windows NT 10.0; Win64; x64) AppleWebKit/537.36 (KHTML, like Gecko) Chrome/84.0.4147.125 Safari/537.36 Edg/84.0.522.61"
218.146.18.167 - - [22/Aug/2020:15:47:16 +0900] "GET /portfolio/5 HTTP/1.1" 301 4105 "https://unqocn.hopto.org/resume/" "Mozilla/5.0 (Windows NT 10.0; Win64; x64) AppleWebKit/537.36 (KHTML, like Gecko) Chrome/84.0.4147.125 Safari/537.36 Edg/84.0.522.61"
218.146.18.167 - - [22/Aug/2020:15:47:16 +0900] "GET /portfolio/2 HTTP/1.1" 301 4105 "https://unqocn.hopto.org/resume/" "Mozilla/5.0 (Windows NT 10.0; Win64; x64) AppleWebKit/537.36 (KHTML, like Gecko) Chrome/84.0.4147.125 Safari/537.36 Edg/84.0.522.61"
218.146.18.167 - - [22/Aug/2020:15:47:16 +0900] "GET /portfolio/6 HTTP/1.1" 301 4105 "https://unqocn.hopto.org/resume/" "Mozilla/5.0 (Windows NT 10.0; Win64; x64) AppleWebKit/537.36 (KHTML, like Gecko) Chrome/84.0.4147.125 Safari/537.36 Edg/84.0.522.61"
218.146.18.167 - - [22/Aug/2020:15:47:16 +0900] "GET /portfolio/1 HTTP/1.1" 301 333 "https://unqocn.hopto.org/resume/" "Mozilla/5.0 (Windows NT 10.0; Win64; x64) AppleWebKit/537.36 (KHTML, like Gecko) Chrome/84.0.4147.125 Safari/537.36 Edg/84.0.522.61"
218.146.18.167 - - [22/Aug/2020:15:47:16 +0900] "GET /portfolio/3/ HTTP/1.1" 200 7878 "https://unqocn.hopto.org/resume/" "Mozilla/5.0 (Windows NT 10.0; Win64; x64) AppleWebKit/537.36 (KHTML, like Gecko) Chrome/84.0.4147.125 Safari/537.36 Edg/84.0.522.61"
218.146.18.167 - - [22/Aug/2020:15:47:16 +0900] "GET /portfolio/1/ HTTP/1.1" 200 5032 "https://unqocn.hopto.org/resume/" "Mozilla/5.0 (Windows NT 10.0; Win64; x64) AppleWebKit/537.36 (KHTML, like Gecko) Chrome/84.0.4147.125 Safari/537.36 Edg/84.0.522.61"
218.146.18.167 - - [22/Aug/2020:15:47:16 +0900] "GET /portfolio/4/ HTTP/1.1" 200 7430 "https://unqocn.hopto.org/resume/" "Mozilla/5.0 (Windows NT 10.0; Win64; x64) AppleWebKit/537.36 (KHTML, like Gecko) Chrome/84.0.4147.125 Safari/537.36 Edg/84.0.522.61"
218.146.18.167 - - [22/Aug/2020:15:47:16 +0900] "GET /portfolio/5/ HTTP/1.1" 200 5355 "https://unqocn.hopto.org/resume/" "Mozilla/5.0 (Windows NT 10.0; Win64; x64) AppleWebKit/537.36 (KHTML, like Gecko) Chrome/84.0.4147.125 Safari/537.36 Edg/84.0.522.61"
218.146.18.167 - - [22/Aug/2020:15:47:16 +0900] "GET /portfolio/6/ HTTP/1.1" 200 5490 "https://unqocn.hopto.org/resume/" "Mozilla/5.0 (Windows NT 10.0; Win64; x64) AppleWebKit/537.36 (KHTML, like Gecko) Chrome/84.0.4147.125 Safari/537.36 Edg/84.0.522.61"
218.146.18.167 - - [22/Aug/2020:15:47:16 +0900] "GET /portfolio/2/ HTTP/1.1" 200 7227 "https://unqocn.hopto.org/resume/" "Mozilla/5.0 (Windows NT 10.0; Win64; x64) AppleWebKit/537.36 (KHTML, like Gecko) Chrome/84.0.4147.125 Safari/537.36 Edg/84.0.522.61"
::1 - - [22/Aug/2020:15:47:21 +0900] "OPTIONS * HTTP/1.0" 200 126 "-" "Apache/2.4.41 (Ubuntu) OpenSSL/1.1.1g mod_wsgi/4.6.8 Python/3.8 (internal dummy connection)"
::1 - - [22/Aug/2020:15:47:22 +0900] "OPTIONS * HTTP/1.0" 200 126 "-" "Apache/2.4.41 (Ubuntu) OpenSSL/1.1.1g mod_wsgi/4.6.8 Python/3.8 (internal dummy connection)"
::1 - - [22/Aug/2020:15:47:23 +0900] "OPTIONS * HTTP/1.0" 200 126 "-" "Apache/2.4.41 (Ubuntu) OpenSSL/1.1.1g mod_wsgi/4.6.8 Python/3.8 (internal dummy connection)"
::1 - - [22/Aug/2020:15:47:24 +0900] "OPTIONS * HTTP/1.0" 200 126 "-" "Apache/2.4.41 (Ubuntu) OpenSSL/1.1.1g mod_wsgi/4.6.8 Python/3.8 (internal dummy connection)"
::1 - - [22/Aug/2020:15:47:25 +0900] "OPTIONS * HTTP/1.0" 200 126 "-" "Apache/2.4.41 (Ubuntu) OpenSSL/1.1.1g mod_wsgi/4.6.8 Python/3.8 (internal dummy connection)"
::1 - - [22/Aug/2020:15:47:26 +0900] "OPTIONS * HTTP/1.0" 200 126 "-" "Apache/2.4.41 (Ubuntu) OpenSSL/1.1.1g mod_wsgi/4.6.8 Python/3.8 (internal dummy connection)"
::1 - - [22/Aug/2020:15:47:27 +0900] "OPTIONS * HTTP/1.0" 200 126 "-" "Apache/2.4.41 (Ubuntu) OpenSSL/1.1.1g mod_wsgi/4.6.8 Python/3.8 (internal dummy connection)"
::1 - - [22/Aug/2020:15:47:28 +0900] "OPTIONS * HTTP/1.0" 200 126 "-" "Apache/2.4.41 (Ubuntu) OpenSSL/1.1.1g mod_wsgi/4.6.8 Python/3.8 (internal dummy connection)"
::1 - - [22/Aug/2020:15:47:29 +0900] "OPTIONS * HTTP/1.0" 200 126 "-" "Apache/2.4.41 (Ubuntu) OpenSSL/1.1.1g mod_wsgi/4.6.8 Python/3.8 (internal dummy connection)"
117.111.12.11 - - [22/Aug/2020:16:01:29 +0900] "GET /portfolio/6/ HTTP/1.1" 200 9262 "https://unqocn.hopto.org/resume/" "Mozilla/5.0 (Windows NT 10.0; Win64; x64) AppleWebKit/537.36 (KHTML, like Gecko) Chrome/84.0.4147.125 Safari/537.36"
117.111.12.11 - - [22/Aug/2020:16:01:29 +0900] "GET /portfolio/5/ HTTP/1.1" 200 9127 "https://unqocn.hopto.org/resume/" "Mozilla/5.0 (Windows NT 10.0; Win64; x64) AppleWebKit/537.36 (KHTML, like Gecko) Chrome/84.0.4147.125 Safari/537.36"
117.111.12.11 - - [22/Aug/2020:16:01:29 +0900] "GET /portfolio/4/ HTTP/1.1" 200 11202 "https://unqocn.hopto.org/resume/" "Mozilla/5.0 (Windows NT 10.0; Win64; x64) AppleWebKit/537.36 (KHTML, like Gecko) Chrome/84.0.4147.125 Safari/537.36"
117.111.12.11 - - [22/Aug/2020:16:01:29 +0900] "GET /portfolio/2/ HTTP/1.1" 200 10999 "https://unqocn.hopto.org/resume/" "Mozilla/5.0 (Windows NT 10.0; Win64; x64) AppleWebKit/537.36 (KHTML, like Gecko) Chrome/84.0.4147.125 Safari/537.36"
117.111.12.11 - - [22/Aug/2020:16:01:29 +0900] "GET /portfolio/3/ HTTP/1.1" 200 11650 "https://unqocn.hopto.org/resume/" "Mozilla/5.0 (Windows NT 10.0; Win64; x64) AppleWebKit/537.36 (KHTML, like Gecko) Chrome/84.0.4147.125 Safari/537.36"
117.111.12.11 - - [22/Aug/2020:16:01:29 +0900] "GET /portfolio/1/ HTTP/1.1" 200 8804 "https://unqocn.hopto.org/resume/" "Mozilla/5.0 (Windows NT 10.0; Win64; x64) AppleWebKit/537.36 (KHTML, like Gecko) Chrome/84.0.4147.125 Safari/537.36"
::1 - - [22/Aug/2020:16:01:37 +0900] "OPTIONS * HTTP/1.0" 200 126 "-" "Apache/2.4.41 (Ubuntu) OpenSSL/1.1.1g mod_wsgi/4.6.8 Python/3.8 (internal dummy connection)"
::1 - - [22/Aug/2020:16:01:38 +0900] "OPTIONS * HTTP/1.0" 200 126 "-" "Apache/2.4.41 (Ubuntu) OpenSSL/1.1.1g mod_wsgi/4.6.8 Python/3.8 (internal dummy connection)"
::1 - - [22/Aug/2020:16:01:39 +0900] "OPTIONS * HTTP/1.0" 200 126 "-" "Apache/2.4.41 (Ubuntu) OpenSSL/1.1.1g mod_wsgi/4.6.8 Python/3.8 (internal dummy connection)"
::1 - - [22/Aug/2020:16:01:40 +0900] "OPTIONS * HTTP/1.0" 200 126 "-" "Apache/2.4.41 (Ubuntu) OpenSSL/1.1.1g mod_wsgi/4.6.8 Python/3.8 (internal dummy connection)"
117.111.12.11 - - [22/Aug/2020:16:01:50 +0900] "-" 408 3733 "-" "-"
117.111.12.11 - - [22/Aug/2020:16:01:50 +0900] "-" 408 3733 "-" "-"
117.111.12.11 - - [22/Aug/2020:16:01:51 +0900] "-" 408 3733 "-" "-"
::1 - - [22/Aug/2020:16:01:53 +0900] "OPTIONS * HTTP/1.0" 200 126 "-" "Apache/2.4.41 (Ubuntu) OpenSSL/1.1.1g mod_wsgi/4.6.8 Python/3.8 (internal dummy connection)"
::1 - - [22/Aug/2020:16:01:54 +0900] "OPTIONS * HTTP/1.0" 200 126 "-" "Apache/2.4.41 (Ubuntu) OpenSSL/1.1.1g mod_wsgi/4.6.8 Python/3.8 (internal dummy connection)"
::1 - - [22/Aug/2020:16:01:55 +0900] "OPTIONS * HTTP/1.0" 200 126 "-" "Apache/2.4.41 (Ubuntu) OpenSSL/1.1.1g mod_wsgi/4.6.8 Python/3.8 (internal dummy connection)"
117.111.12.11 - - [22/Aug/2020:16:17:08 +0900] "GET /portfolio/4/ HTTP/1.1" 200 11202 "https://unqocn.hopto.org/resume/" "Mozilla/5.0 (Windows NT 10.0; Win64; x64) AppleWebKit/537.36 (KHTML, like Gecko) Chrome/84.0.4147.125 Safari/537.36"
117.111.12.11 - - [22/Aug/2020:16:17:08 +0900] "GET /portfolio/3/ HTTP/1.1" 200 11650 "https://unqocn.hopto.org/resume/" "Mozilla/5.0 (Windows NT 10.0; Win64; x64) AppleWebKit/537.36 (KHTML, like Gecko) Chrome/84.0.4147.125 Safari/537.36"
117.111.12.11 - - [22/Aug/2020:16:17:08 +0900] "GET /portfolio/5/ HTTP/1.1" 200 9127 "https://unqocn.hopto.org/resume/" "Mozilla/5.0 (Windows NT 10.0; Win64; x64) AppleWebKit/537.36 (KHTML, like Gecko) Chrome/84.0.4147.125 Safari/537.36"
117.111.12.11 - - [22/Aug/2020:16:17:08 +0900] "GET /portfolio/6/ HTTP/1.1" 200 9262 "https://unqocn.hopto.org/resume/" "Mozilla/5.0 (Windows NT 10.0; Win64; x64) AppleWebKit/537.36 (KHTML, like Gecko) Chrome/84.0.4147.125 Safari/537.36"
117.111.12.11 - - [22/Aug/2020:16:17:09 +0900] "GET /portfolio/1/ HTTP/1.1" 200 8804 "https://unqocn.hopto.org/resume/" "Mozilla/5.0 (Windows NT 10.0; Win64; x64) AppleWebKit/537.36 (KHTML, like Gecko) Chrome/84.0.4147.125 Safari/537.36"
117.111.12.11 - - [22/Aug/2020:16:17:09 +0900] "GET /portfolio/2/ HTTP/1.1" 200 10999 "https://unqocn.hopto.org/resume/" "Mozilla/5.0 (Windows NT 10.0; Win64; x64) AppleWebKit/537.36 (KHTML, like Gecko) Chrome/84.0.4147.125 Safari/537.36"
::1 - - [22/Aug/2020:16:17:17 +0900] "OPTIONS * HTTP/1.0" 200 126 "-" "Apache/2.4.41 (Ubuntu) OpenSSL/1.1.1g mod_wsgi/4.6.8 Python/3.8 (internal dummy connection)"
::1 - - [22/Aug/2020:16:17:18 +0900] "OPTIONS * HTTP/1.0" 200 126 "-" "Apache/2.4.41 (Ubuntu) OpenSSL/1.1.1g mod_wsgi/4.6.8 Python/3.8 (internal dummy connection)"
117.111.12.11 - - [22/Aug/2020:16:18:29 +0900] "GET /portfolio/3/ HTTP/1.1" 200 11650 "https://unqocn.hopto.org/resume/" "Mozilla/5.0 (Windows NT 10.0; Win64; x64) AppleWebKit/537.36 (KHTML, like Gecko) Chrome/84.0.4147.125 Safari/537.36"
117.111.12.11 - - [22/Aug/2020:16:18:29 +0900] "GET /portfolio/2/ HTTP/1.1" 200 10999 "https://unqocn.hopto.org/resume/" "Mozilla/5.0 (Windows NT 10.0; Win64; x64) AppleWebKit/537.36 (KHTML, like Gecko) Chrome/84.0.4147.125 Safari/537.36"
117.111.12.11 - - [22/Aug/2020:16:18:29 +0900] "GET /portfolio/4/ HTTP/1.1" 200 11202 "https://unqocn.hopto.org/resume/" "Mozilla/5.0 (Windows NT 10.0; Win64; x64) AppleWebKit/537.36 (KHTML, like Gecko) Chrome/84.0.4147.125 Safari/537.36"
117.111.12.11 - - [22/Aug/2020:16:18:29 +0900] "GET /portfolio/5/ HTTP/1.1" 200 9127 "https://unqocn.hopto.org/resume/" "Mozilla/5.0 (Windows NT 10.0; Win64; x64) AppleWebKit/537.36 (KHTML, like Gecko) Chrome/84.0.4147.125 Safari/537.36"
117.111.12.11 - - [22/Aug/2020:16:18:29 +0900] "GET /portfolio/1/ HTTP/1.1" 200 8804 "https://unqocn.hopto.org/resume/" "Mozilla/5.0 (Windows NT 10.0; Win64; x64) AppleWebKit/537.36 (KHTML, like Gecko) Chrome/84.0.4147.125 Safari/537.36"
117.111.12.11 - - [22/Aug/2020:16:18:29 +0900] "GET /portfolio/6/ HTTP/1.1" 200 9262 "https://unqocn.hopto.org/resume/" "Mozilla/5.0 (Windows NT 10.0; Win64; x64) AppleWebKit/537.36 (KHTML, like Gecko) Chrome/84.0.4147.125 Safari/537.36"
::1 - - [22/Aug/2020:16:18:32 +0900] "OPTIONS * HTTP/1.0" 200 126 "-" "Apache/2.4.41 (Ubuntu) OpenSSL/1.1.1g mod_wsgi/4.6.8 Python/3.8 (internal dummy connection)"
::1 - - [22/Aug/2020:16:18:33 +0900] "OPTIONS * HTTP/1.0" 200 126 "-" "Apache/2.4.41 (Ubuntu) OpenSSL/1.1.1g mod_wsgi/4.6.8 Python/3.8 (internal dummy connection)"
::1 - - [22/Aug/2020:16:18:34 +0900] "OPTIONS * HTTP/1.0" 200 126 "-" "Apache/2.4.41 (Ubuntu) OpenSSL/1.1.1g mod_wsgi/4.6.8 Python/3.8 (internal dummy connection)"
::1 - - [22/Aug/2020:16:18:37 +0900] "OPTIONS * HTTP/1.0" 200 126 "-" "Apache/2.4.41 (Ubuntu) OpenSSL/1.1.1g mod_wsgi/4.6.8 Python/3.8 (internal dummy connection)"
::1 - - [22/Aug/2020:16:18:38 +0900] "OPTIONS * HTTP/1.0" 200 126 "-" "Apache/2.4.41 (Ubuntu) OpenSSL/1.1.1g mod_wsgi/4.6.8 Python/3.8 (internal dummy connection)"
::1 - - [22/Aug/2020:16:18:39 +0900] "OPTIONS * HTTP/1.0" 200 126 "-" "Apache/2.4.41 (Ubuntu) OpenSSL/1.1.1g mod_wsgi/4.6.8 Python/3.8 (internal dummy connection)"
::1 - - [22/Aug/2020:16:18:40 +0900] "OPTIONS * HTTP/1.0" 200 126 "-" "Apache/2.4.41 (Ubuntu) OpenSSL/1.1.1g mod_wsgi/4.6.8 Python/3.8 (internal dummy connection)"
::1 - - [22/Aug/2020:16:18:41 +0900] "OPTIONS * HTTP/1.0" 200 126 "-" "Apache/2.4.41 (Ubuntu) OpenSSL/1.1.1g mod_wsgi/4.6.8 Python/3.8 (internal dummy connection)"
::1 - - [22/Aug/2020:16:18:42 +0900] "OPTIONS * HTTP/1.0" 200 126 "-" "Apache/2.4.41 (Ubuntu) OpenSSL/1.1.1g mod_wsgi/4.6.8 Python/3.8 (internal dummy connection)"
117.111.12.11 - - [22/Aug/2020:16:18:53 +0900] "-" 408 563 "-" "-"
::1 - - [22/Aug/2020:16:18:55 +0900] "OPTIONS * HTTP/1.0" 200 126 "-" "Apache/2.4.41 (Ubuntu) OpenSSL/1.1.1g mod_wsgi/4.6.8 Python/3.8 (internal dummy connection)"
117.111.12.11 - - [22/Aug/2020:16:31:12 +0900] "GET /portfolio/2/ HTTP/1.1" 200 10999 "https://unqocn.hopto.org/resume/" "Mozilla/5.0 (Windows NT 10.0; Win64; x64) AppleWebKit/537.36 (KHTML, like Gecko) Chrome/84.0.4147.125 Safari/537.36"
117.111.12.11 - - [22/Aug/2020:16:31:12 +0900] "GET /portfolio/5/ HTTP/1.1" 200 9127 "https://unqocn.hopto.org/resume/" "Mozilla/5.0 (Windows NT 10.0; Win64; x64) AppleWebKit/537.36 (KHTML, like Gecko) Chrome/84.0.4147.125 Safari/537.36"
117.111.12.11 - - [22/Aug/2020:16:31:12 +0900] "GET /portfolio/3/ HTTP/1.1" 200 11650 "https://unqocn.hopto.org/resume/" "Mozilla/5.0 (Windows NT 10.0; Win64; x64) AppleWebKit/537.36 (KHTML, like Gecko) Chrome/84.0.4147.125 Safari/537.36"
117.111.12.11 - - [22/Aug/2020:16:31:12 +0900] "GET /portfolio/4/ HTTP/1.1" 200 11202 "https://unqocn.hopto.org/resume/" "Mozilla/5.0 (Windows NT 10.0; Win64; x64) AppleWebKit/537.36 (KHTML, like Gecko) Chrome/84.0.4147.125 Safari/537.36"
117.111.12.11 - - [22/Aug/2020:16:31:12 +0900] "GET /portfolio/6/ HTTP/1.1" 200 9262 "https://unqocn.hopto.org/resume/" "Mozilla/5.0 (Windows NT 10.0; Win64; x64) AppleWebKit/537.36 (KHTML, like Gecko) Chrome/84.0.4147.125 Safari/537.36"
117.111.12.11 - - [22/Aug/2020:16:31:12 +0900] "GET /portfolio/1/ HTTP/1.1" 200 8804 "https://unqocn.hopto.org/resume/" "Mozilla/5.0 (Windows NT 10.0; Win64; x64) AppleWebKit/537.36 (KHTML, like Gecko) Chrome/84.0.4147.125 Safari/537.36"
::1 - - [22/Aug/2020:16:31:20 +0900] "OPTIONS * HTTP/1.0" 200 126 "-" "Apache/2.4.41 (Ubuntu) OpenSSL/1.1.1g mod_wsgi/4.6.8 Python/3.8 (internal dummy connection)"
::1 - - [22/Aug/2020:16:31:21 +0900] "OPTIONS * HTTP/1.0" 200 126 "-" "Apache/2.4.41 (Ubuntu) OpenSSL/1.1.1g mod_wsgi/4.6.8 Python/3.8 (internal dummy connection)"
::1 - - [22/Aug/2020:16:31:22 +0900] "OPTIONS * HTTP/1.0" 200 126 "-" "Apache/2.4.41 (Ubuntu) OpenSSL/1.1.1g mod_wsgi/4.6.8 Python/3.8 (internal dummy connection)"
117.111.12.11 - - [22/Aug/2020:16:36:24 +0900] "GET /portfolio/3/ HTTP/1.1" 200 11650 "https://unqocn.hopto.org/resume/" "Mozilla/5.0 (Windows NT 10.0; Win64; x64) AppleWebKit/537.36 (KHTML, like Gecko) Chrome/84.0.4147.125 Safari/537.36"
117.111.12.11 - - [22/Aug/2020:16:36:24 +0900] "GET /portfolio/2/ HTTP/1.1" 200 10999 "https://unqocn.hopto.org/resume/" "Mozilla/5.0 (Windows NT 10.0; Win64; x64) AppleWebKit/537.36 (KHTML, like Gecko) Chrome/84.0.4147.125 Safari/537.36"
117.111.12.11 - - [22/Aug/2020:16:36:24 +0900] "GET /portfolio/5/ HTTP/1.1" 200 9127 "https://unqocn.hopto.org/resume/" "Mozilla/5.0 (Windows NT 10.0; Win64; x64) AppleWebKit/537.36 (KHTML, like Gecko) Chrome/84.0.4147.125 Safari/537.36"
117.111.12.11 - - [22/Aug/2020:16:36:24 +0900] "GET /portfolio/4/ HTTP/1.1" 200 11202 "https://unqocn.hopto.org/resume/" "Mozilla/5.0 (Windows NT 10.0; Win64; x64) AppleWebKit/537.36 (KHTML, like Gecko) Chrome/84.0.4147.125 Safari/537.36"
117.111.12.11 - - [22/Aug/2020:16:36:24 +0900] "GET /portfolio/6/ HTTP/1.1" 200 9262 "https://unqocn.hopto.org/resume/" "Mozilla/5.0 (Windows NT 10.0; Win64; x64) AppleWebKit/537.36 (KHTML, like Gecko) Chrome/84.0.4147.125 Safari/537.36"
117.111.12.11 - - [22/Aug/2020:16:36:24 +0900] "GET /portfolio/1/ HTTP/1.1" 200 8804 "https://unqocn.hopto.org/resume/" "Mozilla/5.0 (Windows NT 10.0; Win64; x64) AppleWebKit/537.36 (KHTML, like Gecko) Chrome/84.0.4147.125 Safari/537.36"
::1 - - [22/Aug/2020:16:36:32 +0900] "OPTIONS * HTTP/1.0" 200 126 "-" "Apache/2.4.41 (Ubuntu) OpenSSL/1.1.1g mod_wsgi/4.6.8 Python/3.8 (internal dummy connection)"
::1 - - [22/Aug/2020:16:36:33 +0900] "OPTIONS * HTTP/1.0" 200 126 "-" "Apache/2.4.41 (Ubuntu) OpenSSL/1.1.1g mod_wsgi/4.6.8 Python/3.8 (internal dummy connection)"
::1 - - [22/Aug/2020:16:36:34 +0900] "OPTIONS * HTTP/1.0" 200 126 "-" "Apache/2.4.41 (Ubuntu) OpenSSL/1.1.1g mod_wsgi/4.6.8 Python/3.8 (internal dummy connection)"
117.111.12.11 - - [22/Aug/2020:16:38:13 +0900] "GET /portfolio/6/ HTTP/1.1" 200 6070 "https://unqocn.hopto.org/resume/" "Mozilla/5.0 (Windows NT 10.0; Win64; x64) AppleWebKit/537.36 (KHTML, like Gecko) Chrome/84.0.4147.125 Safari/537.36"
117.111.12.11 - - [22/Aug/2020:16:38:13 +0900] "GET /portfolio/5/ HTTP/1.1" 200 5935 "https://unqocn.hopto.org/resume/" "Mozilla/5.0 (Windows NT 10.0; Win64; x64) AppleWebKit/537.36 (KHTML, like Gecko) Chrome/84.0.4147.125 Safari/537.36"
117.111.12.11 - - [22/Aug/2020:16:38:14 +0900] "GET /portfolio/3/ HTTP/1.1" 200 11650 "https://unqocn.hopto.org/resume/" "Mozilla/5.0 (Windows NT 10.0; Win64; x64) AppleWebKit/537.36 (KHTML, like Gecko) Chrome/84.0.4147.125 Safari/537.36"
117.111.12.11 - - [22/Aug/2020:16:38:14 +0900] "GET /portfolio/4/ HTTP/1.1" 200 11202 "https://unqocn.hopto.org/resume/" "Mozilla/5.0 (Windows NT 10.0; Win64; x64) AppleWebKit/537.36 (KHTML, like Gecko) Chrome/84.0.4147.125 Safari/537.36"
117.111.12.11 - - [22/Aug/2020:16:38:14 +0900] "GET /portfolio/2/ HTTP/1.1" 200 10999 "https://unqocn.hopto.org/resume/" "Mozilla/5.0 (Windows NT 10.0; Win64; x64) AppleWebKit/537.36 (KHTML, like Gecko) Chrome/84.0.4147.125 Safari/537.36"
117.111.12.11 - - [22/Aug/2020:16:38:14 +0900] "GET /portfolio/1/ HTTP/1.1" 200 8804 "https://unqocn.hopto.org/resume/" "Mozilla/5.0 (Windows NT 10.0; Win64; x64) AppleWebKit/537.36 (KHTML, like Gecko) Chrome/84.0.4147.125 Safari/537.36"
::1 - - [22/Aug/2020:16:38:21 +0900] "OPTIONS * HTTP/1.0" 200 126 "-" "Apache/2.4.41 (Ubuntu) OpenSSL/1.1.1g mod_wsgi/4.6.8 Python/3.8 (internal dummy connection)"
::1 - - [22/Aug/2020:16:38:22 +0900] "OPTIONS * HTTP/1.0" 200 126 "-" "Apache/2.4.41 (Ubuntu) OpenSSL/1.1.1g mod_wsgi/4.6.8 Python/3.8 (internal dummy connection)"
117.111.12.11 - - [22/Aug/2020:16:38:32 +0900] "-" 408 563 "-" "-"
::1 - - [22/Aug/2020:16:38:35 +0900] "OPTIONS * HTTP/1.0" 200 126 "-" "Apache/2.4.41 (Ubuntu) OpenSSL/1.1.1g mod_wsgi/4.6.8 Python/3.8 (internal dummy connection)"
117.111.12.11 - - [22/Aug/2020:16:43:25 +0900] "GET /portfolio/6/ HTTP/1.1" 200 9262 "https://unqocn.hopto.org/resume/" "Mozilla/5.0 (Windows NT 10.0; Win64; x64) AppleWebKit/537.36 (KHTML, like Gecko) Chrome/84.0.4147.125 Safari/537.36"
117.111.12.11 - - [22/Aug/2020:16:43:25 +0900] "GET /portfolio/4/ HTTP/1.1" 200 11202 "https://unqocn.hopto.org/resume/" "Mozilla/5.0 (Windows NT 10.0; Win64; x64) AppleWebKit/537.36 (KHTML, like Gecko) Chrome/84.0.4147.125 Safari/537.36"
117.111.12.11 - - [22/Aug/2020:16:43:25 +0900] "GET /portfolio/5/ HTTP/1.1" 200 9127 "https://unqocn.hopto.org/resume/" "Mozilla/5.0 (Windows NT 10.0; Win64; x64) AppleWebKit/537.36 (KHTML, like Gecko) Chrome/84.0.4147.125 Safari/537.36"
117.111.12.11 - - [22/Aug/2020:16:43:25 +0900] "GET /portfolio/3/ HTTP/1.1" 200 11650 "https://unqocn.hopto.org/resume/" "Mozilla/5.0 (Windows NT 10.0; Win64; x64) AppleWebKit/537.36 (KHTML, like Gecko) Chrome/84.0.4147.125 Safari/537.36"
117.111.12.11 - - [22/Aug/2020:16:43:25 +0900] "GET /portfolio/2/ HTTP/1.1" 200 10999 "https://unqocn.hopto.org/resume/" "Mozilla/5.0 (Windows NT 10.0; Win64; x64) AppleWebKit/537.36 (KHTML, like Gecko) Chrome/84.0.4147.125 Safari/537.36"
117.111.12.11 - - [22/Aug/2020:16:43:25 +0900] "GET /portfolio/1/ HTTP/1.1" 200 8804 "https://unqocn.hopto.org/resume/" "Mozilla/5.0 (Windows NT 10.0; Win64; x64) AppleWebKit/537.36 (KHTML, like Gecko) Chrome/84.0.4147.125 Safari/537.36"
::1 - - [22/Aug/2020:16:43:32 +0900] "OPTIONS * HTTP/1.0" 200 126 "-" "Apache/2.4.41 (Ubuntu) OpenSSL/1.1.1g mod_wsgi/4.6.8 Python/3.8 (internal dummy connection)"
::1 - - [22/Aug/2020:16:43:33 +0900] "OPTIONS * HTTP/1.0" 200 126 "-" "Apache/2.4.41 (Ubuntu) OpenSSL/1.1.1g mod_wsgi/4.6.8 Python/3.8 (internal dummy connection)"
::1 - - [22/Aug/2020:16:43:34 +0900] "OPTIONS * HTTP/1.0" 200 126 "-" "Apache/2.4.41 (Ubuntu) OpenSSL/1.1.1g mod_wsgi/4.6.8 Python/3.8 (internal dummy connection)"
175.193.237.204 - - [22/Aug/2020:16:44:36 +0900] "GET /portfolio/4 HTTP/1.1" 301 4105 "https://unqocn.hopto.org/resume/" "Mozilla/5.0 (Macintosh; Intel Mac OS X 10_14_6) AppleWebKit/537.36 (KHTML, like Gecko) Chrome/84.0.4147.125 Safari/537.36"
175.193.237.204 - - [22/Aug/2020:16:44:36 +0900] "GET /portfolio/5 HTTP/1.1" 301 4105 "https://unqocn.hopto.org/resume/" "Mozilla/5.0 (Macintosh; Intel Mac OS X 10_14_6) AppleWebKit/537.36 (KHTML, like Gecko) Chrome/84.0.4147.125 Safari/537.36"
175.193.237.204 - - [22/Aug/2020:16:44:36 +0900] "GET /portfolio/6 HTTP/1.1" 301 4105 "https://unqocn.hopto.org/resume/" "Mozilla/5.0 (Macintosh; Intel Mac OS X 10_14_6) AppleWebKit/537.36 (KHTML, like Gecko) Chrome/84.0.4147.125 Safari/537.36"
175.193.237.204 - - [22/Aug/2020:16:44:36 +0900] "GET /portfolio/3 HTTP/1.1" 301 4105 "https://unqocn.hopto.org/resume/" "Mozilla/5.0 (Macintosh; Intel Mac OS X 10_14_6) AppleWebKit/537.36 (KHTML, like Gecko) Chrome/84.0.4147.125 Safari/537.36"
175.193.237.204 - - [22/Aug/2020:16:44:36 +0900] "GET /portfolio/2 HTTP/1.1" 301 333 "https://unqocn.hopto.org/resume/" "Mozilla/5.0 (Macintosh; Intel Mac OS X 10_14_6) AppleWebKit/537.36 (KHTML, like Gecko) Chrome/84.0.4147.125 Safari/537.36"
175.193.237.204 - - [22/Aug/2020:16:44:36 +0900] "GET /portfolio/1 HTTP/1.1" 301 333 "https://unqocn.hopto.org/resume/" "Mozilla/5.0 (Macintosh; Intel Mac OS X 10_14_6) AppleWebKit/537.36 (KHTML, like Gecko) Chrome/84.0.4147.125 Safari/537.36"
175.193.237.204 - - [22/Aug/2020:16:44:36 +0900] "GET /portfolio/4/ HTTP/1.1" 200 7430 "https://unqocn.hopto.org/resume/" "Mozilla/5.0 (Macintosh; Intel Mac OS X 10_14_6) AppleWebKit/537.36 (KHTML, like Gecko) Chrome/84.0.4147.125 Safari/537.36"
175.193.237.204 - - [22/Aug/2020:16:44:36 +0900] "GET /portfolio/3/ HTTP/1.1" 200 7878 "https://unqocn.hopto.org/resume/" "Mozilla/5.0 (Macintosh; Intel Mac OS X 10_14_6) AppleWebKit/537.36 (KHTML, like Gecko) Chrome/84.0.4147.125 Safari/537.36"
175.193.237.204 - - [22/Aug/2020:16:44:36 +0900] "GET /portfolio/5/ HTTP/1.1" 200 5355 "https://unqocn.hopto.org/resume/" "Mozilla/5.0 (Macintosh; Intel Mac OS X 10_14_6) AppleWebKit/537.36 (KHTML, like Gecko) Chrome/84.0.4147.125 Safari/537.36"
175.193.237.204 - - [22/Aug/2020:16:44:36 +0900] "GET /portfolio/6/ HTTP/1.1" 200 5490 "https://unqocn.hopto.org/resume/" "Mozilla/5.0 (Macintosh; Intel Mac OS X 10_14_6) AppleWebKit/537.36 (KHTML, like Gecko) Chrome/84.0.4147.125 Safari/537.36"
175.193.237.204 - - [22/Aug/2020:16:44:36 +0900] "GET /portfolio/1/ HTTP/1.1" 200 5032 "https://unqocn.hopto.org/resume/" "Mozilla/5.0 (Macintosh; Intel Mac OS X 10_14_6) AppleWebKit/537.36 (KHTML, like Gecko) Chrome/84.0.4147.125 Safari/537.36"
175.193.237.204 - - [22/Aug/2020:16:44:36 +0900] "GET /portfolio/2/ HTTP/1.1" 200 7227 "https://unqocn.hopto.org/resume/" "Mozilla/5.0 (Macintosh; Intel Mac OS X 10_14_6) AppleWebKit/537.36 (KHTML, like Gecko) Chrome/84.0.4147.125 Safari/537.36"
::1 - - [22/Aug/2020:16:44:43 +0900] "OPTIONS * HTTP/1.0" 200 126 "-" "Apache/2.4.41 (Ubuntu) OpenSSL/1.1.1g mod_wsgi/4.6.8 Python/3.8 (internal dummy connection)"
::1 - - [22/Aug/2020:16:44:44 +0900] "OPTIONS * HTTP/1.0" 200 126 "-" "Apache/2.4.41 (Ubuntu) OpenSSL/1.1.1g mod_wsgi/4.6.8 Python/3.8 (internal dummy connection)"
::1 - - [22/Aug/2020:16:44:45 +0900] "OPTIONS * HTTP/1.0" 200 126 "-" "Apache/2.4.41 (Ubuntu) OpenSSL/1.1.1g mod_wsgi/4.6.8 Python/3.8 (internal dummy connection)"
::1 - - [22/Aug/2020:16:44:46 +0900] "OPTIONS * HTTP/1.0" 200 126 "-" "Apache/2.4.41 (Ubuntu) OpenSSL/1.1.1g mod_wsgi/4.6.8 Python/3.8 (internal dummy connection)"
::1 - - [22/Aug/2020:16:44:47 +0900] "OPTIONS * HTTP/1.0" 200 126 "-" "Apache/2.4.41 (Ubuntu) OpenSSL/1.1.1g mod_wsgi/4.6.8 Python/3.8 (internal dummy connection)"
175.193.237.204 - - [22/Aug/2020:16:44:56 +0900] "-" 408 3771 "-" "-"
175.193.237.204 - - [22/Aug/2020:16:44:57 +0900] "-" 408 3771 "-" "-"
::1 - - [22/Aug/2020:16:44:58 +0900] "OPTIONS * HTTP/1.0" 200 126 "-" "Apache/2.4.41 (Ubuntu) OpenSSL/1.1.1g mod_wsgi/4.6.8 Python/3.8 (internal dummy connection)"
175.193.237.204 - - [22/Aug/2020:16:46:22 +0900] "-" 408 563 "-" "-"
::1 - - [22/Aug/2020:16:46:24 +0900] "OPTIONS * HTTP/1.0" 200 126 "-" "Apache/2.4.41 (Ubuntu) OpenSSL/1.1.1g mod_wsgi/4.6.8 Python/3.8 (internal dummy connection)"
185.202.2.42 - - [22/Aug/2020:17:12:50 +0900] "\x03" 400 0 "-" "-"
211.202.66.229 - - [22/Aug/2020:17:20:20 +0900] "GET /portfolio/6 HTTP/1.1" 301 4105 "https://unqocn.hopto.org/resume/" "Mozilla/5.0 (Windows NT 10.0; Win64; x64) AppleWebKit/537.36 (KHTML, like Gecko) Chrome/84.0.4147.135 Safari/537.36"
211.202.66.229 - - [22/Aug/2020:17:20:20 +0900] "GET /portfolio/5 HTTP/1.1" 301 4105 "https://unqocn.hopto.org/resume/" "Mozilla/5.0 (Windows NT 10.0; Win64; x64) AppleWebKit/537.36 (KHTML, like Gecko) Chrome/84.0.4147.135 Safari/537.36"
211.202.66.229 - - [22/Aug/2020:17:20:20 +0900] "GET /portfolio/3 HTTP/1.1" 301 4105 "https://unqocn.hopto.org/resume/" "Mozilla/5.0 (Windows NT 10.0; Win64; x64) AppleWebKit/537.36 (KHTML, like Gecko) Chrome/84.0.4147.135 Safari/537.36"
211.202.66.229 - - [22/Aug/2020:17:20:20 +0900] "GET /portfolio/1 HTTP/1.1" 301 4105 "https://unqocn.hopto.org/resume/" "Mozilla/5.0 (Windows NT 10.0; Win64; x64) AppleWebKit/537.36 (KHTML, like Gecko) Chrome/84.0.4147.135 Safari/537.36"
211.202.66.229 - - [22/Aug/2020:17:20:20 +0900] "GET /portfolio/4 HTTP/1.1" 301 4105 "https://unqocn.hopto.org/resume/" "Mozilla/5.0 (Windows NT 10.0; Win64; x64) AppleWebKit/537.36 (KHTML, like Gecko) Chrome/84.0.4147.135 Safari/537.36"
211.202.66.229 - - [22/Aug/2020:17:20:20 +0900] "GET /portfolio/2 HTTP/1.1" 301 4105 "https://unqocn.hopto.org/resume/" "Mozilla/5.0 (Windows NT 10.0; Win64; x64) AppleWebKit/537.36 (KHTML, like Gecko) Chrome/84.0.4147.135 Safari/537.36"
211.202.66.229 - - [22/Aug/2020:17:20:20 +0900] "GET /portfolio/2/ HTTP/1.1" 200 7227 "https://unqocn.hopto.org/resume/" "Mozilla/5.0 (Windows NT 10.0; Win64; x64) AppleWebKit/537.36 (KHTML, like Gecko) Chrome/84.0.4147.135 Safari/537.36"
211.202.66.229 - - [22/Aug/2020:17:20:20 +0900] "GET /portfolio/5/ HTTP/1.1" 200 5355 "https://unqocn.hopto.org/resume/" "Mozilla/5.0 (Windows NT 10.0; Win64; x64) AppleWebKit/537.36 (KHTML, like Gecko) Chrome/84.0.4147.135 Safari/537.36"
211.202.66.229 - - [22/Aug/2020:17:20:20 +0900] "GET /portfolio/4/ HTTP/1.1" 200 7430 "https://unqocn.hopto.org/resume/" "Mozilla/5.0 (Windows NT 10.0; Win64; x64) AppleWebKit/537.36 (KHTML, like Gecko) Chrome/84.0.4147.135 Safari/537.36"
211.202.66.229 - - [22/Aug/2020:17:20:20 +0900] "GET /portfolio/6/ HTTP/1.1" 200 5490 "https://unqocn.hopto.org/resume/" "Mozilla/5.0 (Windows NT 10.0; Win64; x64) AppleWebKit/537.36 (KHTML, like Gecko) Chrome/84.0.4147.135 Safari/537.36"
211.202.66.229 - - [22/Aug/2020:17:20:20 +0900] "GET /portfolio/3/ HTTP/1.1" 200 7878 "https://unqocn.hopto.org/resume/" "Mozilla/5.0 (Windows NT 10.0; Win64; x64) AppleWebKit/537.36 (KHTML, like Gecko) Chrome/84.0.4147.135 Safari/537.36"
211.202.66.229 - - [22/Aug/2020:17:20:20 +0900] "GET /portfolio/1/ HTTP/1.1" 200 5032 "https://unqocn.hopto.org/resume/" "Mozilla/5.0 (Windows NT 10.0; Win64; x64) AppleWebKit/537.36 (KHTML, like Gecko) Chrome/84.0.4147.135 Safari/537.36"
::1 - - [22/Aug/2020:17:20:27 +0900] "OPTIONS * HTTP/1.0" 200 126 "-" "Apache/2.4.41 (Ubuntu) OpenSSL/1.1.1g mod_wsgi/4.6.8 Python/3.8 (internal dummy connection)"
::1 - - [22/Aug/2020:17:20:28 +0900] "OPTIONS * HTTP/1.0" 200 126 "-" "Apache/2.4.41 (Ubuntu) OpenSSL/1.1.1g mod_wsgi/4.6.8 Python/3.8 (internal dummy connection)"
::1 - - [22/Aug/2020:17:20:29 +0900] "OPTIONS * HTTP/1.0" 200 126 "-" "Apache/2.4.41 (Ubuntu) OpenSSL/1.1.1g mod_wsgi/4.6.8 Python/3.8 (internal dummy connection)"
::1 - - [22/Aug/2020:17:20:30 +0900] "OPTIONS * HTTP/1.0" 200 126 "-" "Apache/2.4.41 (Ubuntu) OpenSSL/1.1.1g mod_wsgi/4.6.8 Python/3.8 (internal dummy connection)"
::1 - - [22/Aug/2020:17:20:31 +0900] "OPTIONS * HTTP/1.0" 200 126 "-" "Apache/2.4.41 (Ubuntu) OpenSSL/1.1.1g mod_wsgi/4.6.8 Python/3.8 (internal dummy connection)"
::1 - - [22/Aug/2020:17:20:32 +0900] "OPTIONS * HTTP/1.0" 200 126 "-" "Apache/2.4.41 (Ubuntu) OpenSSL/1.1.1g mod_wsgi/4.6.8 Python/3.8 (internal dummy connection)"
::1 - - [22/Aug/2020:17:20:33 +0900] "OPTIONS * HTTP/1.0" 200 126 "-" "Apache/2.4.41 (Ubuntu) OpenSSL/1.1.1g mod_wsgi/4.6.8 Python/3.8 (internal dummy connection)"
95.216.20.96 - - [22/Aug/2020:17:23:34 +0900] "GET /news/today HTTP/1.1" 301 4104 "https://unqocn.hopto.org/" "Mozilla/5.0 (Windows NT 10.0; Win64; x64) AppleWebKit/537.36 (KHTML, like Gecko) Chrome/80.0.3987.116 Safari/537.36"
95.216.20.96 - - [22/Aug/2020:17:23:34 +0900] "GET /news/today/ HTTP/1.1" 200 12163 "https://unqocn.hopto.org/" "Mozilla/5.0 (Windows NT 10.0; Win64; x64) AppleWebKit/537.36 (KHTML, like Gecko) Chrome/80.0.3987.116 Safari/537.36"
::1 - - [22/Aug/2020:17:23:39 +0900] "OPTIONS * HTTP/1.0" 200 126 "-" "Apache/2.4.41 (Ubuntu) OpenSSL/1.1.1g mod_wsgi/4.6.8 Python/3.8 (internal dummy connection)"
211.36.149.232 - - [22/Aug/2020:18:12:53 +0900] "GET /portfolio/6 HTTP/1.1" 301 4105 "https://unqocn.hopto.org/" "Mozilla/5.0 (iPhone; CPU iPhone OS 13_6 like Mac OS X) AppleWebKit/605.1.15 (KHTML, like Gecko) WorksMobile/2.8.6"
211.36.149.232 - - [22/Aug/2020:18:12:53 +0900] "GET /portfolio/2 HTTP/1.1" 301 333 "https://unqocn.hopto.org/" "Mozilla/5.0 (iPhone; CPU iPhone OS 13_6 like Mac OS X) AppleWebKit/605.1.15 (KHTML, like Gecko) WorksMobile/2.8.6"
211.36.149.232 - - [22/Aug/2020:18:12:53 +0900] "GET /portfolio/5 HTTP/1.1" 301 913 "https://unqocn.hopto.org/" "Mozilla/5.0 (iPhone; CPU iPhone OS 13_6 like Mac OS X) AppleWebKit/605.1.15 (KHTML, like Gecko) WorksMobile/2.8.6"
211.36.149.232 - - [22/Aug/2020:18:12:53 +0900] "GET /portfolio/3 HTTP/1.1" 301 4105 "https://unqocn.hopto.org/" "Mozilla/5.0 (iPhone; CPU iPhone OS 13_6 like Mac OS X) AppleWebKit/605.1.15 (KHTML, like Gecko) WorksMobile/2.8.6"
211.36.149.232 - - [22/Aug/2020:18:12:53 +0900] "GET /portfolio/4 HTTP/1.1" 301 4105 "https://unqocn.hopto.org/" "Mozilla/5.0 (iPhone; CPU iPhone OS 13_6 like Mac OS X) AppleWebKit/605.1.15 (KHTML, like Gecko) WorksMobile/2.8.6"
211.36.149.232 - - [22/Aug/2020:18:12:53 +0900] "GET /portfolio/1 HTTP/1.1" 301 333 "https://unqocn.hopto.org/" "Mozilla/5.0 (iPhone; CPU iPhone OS 13_6 like Mac OS X) AppleWebKit/605.1.15 (KHTML, like Gecko) WorksMobile/2.8.6"
211.36.149.232 - - [22/Aug/2020:18:12:53 +0900] "GET /portfolio/2/ HTTP/1.1" 200 7227 "https://unqocn.hopto.org/" "Mozilla/5.0 (iPhone; CPU iPhone OS 13_6 like Mac OS X) AppleWebKit/605.1.15 (KHTML, like Gecko) WorksMobile/2.8.6"
211.36.149.232 - - [22/Aug/2020:18:12:53 +0900] "GET /portfolio/6/ HTTP/1.1" 200 5490 "https://unqocn.hopto.org/" "Mozilla/5.0 (iPhone; CPU iPhone OS 13_6 like Mac OS X) AppleWebKit/605.1.15 (KHTML, like Gecko) WorksMobile/2.8.6"
211.36.149.232 - - [22/Aug/2020:18:12:53 +0900] "GET /portfolio/3/ HTTP/1.1" 200 7878 "https://unqocn.hopto.org/" "Mozilla/5.0 (iPhone; CPU iPhone OS 13_6 like Mac OS X) AppleWebKit/605.1.15 (KHTML, like Gecko) WorksMobile/2.8.6"
211.36.149.232 - - [22/Aug/2020:18:12:53 +0900] "GET /portfolio/5/ HTTP/1.1" 200 5355 "https://unqocn.hopto.org/" "Mozilla/5.0 (iPhone; CPU iPhone OS 13_6 like Mac OS X) AppleWebKit/605.1.15 (KHTML, like Gecko) WorksMobile/2.8.6"
211.36.149.232 - - [22/Aug/2020:18:12:53 +0900] "GET /portfolio/4/ HTTP/1.1" 200 7430 "https://unqocn.hopto.org/" "Mozilla/5.0 (iPhone; CPU iPhone OS 13_6 like Mac OS X) AppleWebKit/605.1.15 (KHTML, like Gecko) WorksMobile/2.8.6"
211.36.149.232 - - [22/Aug/2020:18:12:53 +0900] "GET /portfolio/1/ HTTP/1.1" 200 5032 "https://unqocn.hopto.org/" "Mozilla/5.0 (iPhone; CPU iPhone OS 13_6 like Mac OS X) AppleWebKit/605.1.15 (KHTML, like Gecko) WorksMobile/2.8.6"
::1 - - [22/Aug/2020:18:12:59 +0900] "OPTIONS * HTTP/1.0" 200 126 "-" "Apache/2.4.41 (Ubuntu) OpenSSL/1.1.1g mod_wsgi/4.6.8 Python/3.8 (internal dummy connection)"
128.14.209.234 - - [22/Aug/2020:18:37:16 +0900] "GET / HTTP/1.1" 404 5579 "-" "Mozilla/5.0 (Windows NT 10.0; Win64; x64) AppleWebKit/537.36 (KHTML, like Gecko) Chrome/60.0.3112.113 Safari/537.36"
211.36.149.232 - - [22/Aug/2020:18:46:07 +0900] "GET /portfolio/6 HTTP/1.1" 301 4105 "https://unqocn.hopto.org/" "Mozilla/5.0 (iPhone; CPU iPhone OS 13_6 like Mac OS X) AppleWebKit/605.1.15 (KHTML, like Gecko) Version/13.1.2 Mobile/15E148 Safari/604.1"
211.36.149.232 - - [22/Aug/2020:18:46:07 +0900] "GET /portfolio/5 HTTP/1.1" 301 4105 "https://unqocn.hopto.org/" "Mozilla/5.0 (iPhone; CPU iPhone OS 13_6 like Mac OS X) AppleWebKit/605.1.15 (KHTML, like Gecko) Version/13.1.2 Mobile/15E148 Safari/604.1"
211.36.149.232 - - [22/Aug/2020:18:46:07 +0900] "GET /portfolio/2 HTTP/1.1" 301 333 "https://unqocn.hopto.org/" "Mozilla/5.0 (iPhone; CPU iPhone OS 13_6 like Mac OS X) AppleWebKit/605.1.15 (KHTML, like Gecko) Version/13.1.2 Mobile/15E148 Safari/604.1"
211.36.149.232 - - [22/Aug/2020:18:46:07 +0900] "GET /portfolio/3 HTTP/1.1" 301 4105 "https://unqocn.hopto.org/" "Mozilla/5.0 (iPhone; CPU iPhone OS 13_6 like Mac OS X) AppleWebKit/605.1.15 (KHTML, like Gecko) Version/13.1.2 Mobile/15E148 Safari/604.1"
211.36.149.232 - - [22/Aug/2020:18:46:07 +0900] "GET /portfolio/4 HTTP/1.1" 301 4105 "https://unqocn.hopto.org/" "Mozilla/5.0 (iPhone; CPU iPhone OS 13_6 like Mac OS X) AppleWebKit/605.1.15 (KHTML, like Gecko) Version/13.1.2 Mobile/15E148 Safari/604.1"
211.36.149.232 - - [22/Aug/2020:18:46:07 +0900] "GET /portfolio/6/ HTTP/1.1" 200 5490 "https://unqocn.hopto.org/" "Mozilla/5.0 (iPhone; CPU iPhone OS 13_6 like Mac OS X) AppleWebKit/605.1.15 (KHTML, like Gecko) Version/13.1.2 Mobile/15E148 Safari/604.1"
211.36.149.232 - - [22/Aug/2020:18:46:07 +0900] "GET /portfolio/1 HTTP/1.1" 301 333 "https://unqocn.hopto.org/" "Mozilla/5.0 (iPhone; CPU iPhone OS 13_6 like Mac OS X) AppleWebKit/605.1.15 (KHTML, like Gecko) Version/13.1.2 Mobile/15E148 Safari/604.1"
211.36.149.232 - - [22/Aug/2020:18:46:07 +0900] "GET /portfolio/2/ HTTP/1.1" 200 7227 "https://unqocn.hopto.org/" "Mozilla/5.0 (iPhone; CPU iPhone OS 13_6 like Mac OS X) AppleWebKit/605.1.15 (KHTML, like Gecko) Version/13.1.2 Mobile/15E148 Safari/604.1"
211.36.149.232 - - [22/Aug/2020:18:46:07 +0900] "GET /portfolio/5/ HTTP/1.1" 200 5355 "https://unqocn.hopto.org/" "Mozilla/5.0 (iPhone; CPU iPhone OS 13_6 like Mac OS X) AppleWebKit/605.1.15 (KHTML, like Gecko) Version/13.1.2 Mobile/15E148 Safari/604.1"
211.36.149.232 - - [22/Aug/2020:18:46:07 +0900] "GET /portfolio/3/ HTTP/1.1" 200 7878 "https://unqocn.hopto.org/" "Mozilla/5.0 (iPhone; CPU iPhone OS 13_6 like Mac OS X) AppleWebKit/605.1.15 (KHTML, like Gecko) Version/13.1.2 Mobile/15E148 Safari/604.1"
211.36.149.232 - - [22/Aug/2020:18:46:07 +0900] "GET /portfolio/4/ HTTP/1.1" 200 7430 "https://unqocn.hopto.org/" "Mozilla/5.0 (iPhone; CPU iPhone OS 13_6 like Mac OS X) AppleWebKit/605.1.15 (KHTML, like Gecko) Version/13.1.2 Mobile/15E148 Safari/604.1"
211.36.149.232 - - [22/Aug/2020:18:46:07 +0900] "GET /portfolio/1/ HTTP/1.1" 200 5032 "https://unqocn.hopto.org/" "Mozilla/5.0 (iPhone; CPU iPhone OS 13_6 like Mac OS X) AppleWebKit/605.1.15 (KHTML, like Gecko) Version/13.1.2 Mobile/15E148 Safari/604.1"
::1 - - [22/Aug/2020:18:46:17 +0900] "OPTIONS * HTTP/1.0" 200 126 "-" "Apache/2.4.41 (Ubuntu) OpenSSL/1.1.1g mod_wsgi/4.6.8 Python/3.8 (internal dummy connection)"
::1 - - [22/Aug/2020:18:46:19 +0900] "OPTIONS * HTTP/1.0" 200 126 "-" "Apache/2.4.41 (Ubuntu) OpenSSL/1.1.1g mod_wsgi/4.6.8 Python/3.8 (internal dummy connection)"
::1 - - [22/Aug/2020:18:46:20 +0900] "OPTIONS * HTTP/1.0" 200 126 "-" "Apache/2.4.41 (Ubuntu) OpenSSL/1.1.1g mod_wsgi/4.6.8 Python/3.8 (internal dummy connection)"
196.52.43.117 - - [22/Aug/2020:20:33:22 +0900] "GET / HTTP/1.1" 404 5583 "-" "Mozilla/5.0 (X11; Linux x86_64) AppleWebKit/537.36 (KHTML, like Gecko) Chrome/72.0.3602.2 Safari/537.36"
193.118.53.210 - - [22/Aug/2020:21:32:18 +0900] "GET / HTTP/1.1" 404 5579 "-" "Mozilla/5.0 (Windows NT 10.0; Win64; x64) AppleWebKit/537.36 (KHTML, like Gecko) Chrome/60.0.3112.113 Safari/537.36"
65.154.226.109 - - [22/Aug/2020:21:35:52 +0900] "GET /news/today HTTP/1.1" 301 4104 "https://unqocn.hopto.org/" "Mozilla/5.0 (Windows NT 10.0; Win64; x64) AppleWebKit/537.36 (KHTML, like Gecko) Chrome/76.0.3809.71 Safari/537.36"
65.154.226.109 - - [22/Aug/2020:21:35:53 +0900] "GET /news/today/ HTTP/1.1" 200 12163 "https://unqocn.hopto.org/" "Mozilla/5.0 (Windows NT 10.0; Win64; x64) AppleWebKit/537.36 (KHTML, like Gecko) Chrome/76.0.3809.71 Safari/537.36"
65.154.226.109 - - [22/Aug/2020:21:36:06 +0900] "-" 408 563 "-" "-"
80.82.70.187 - - [22/Aug/2020:21:53:37 +0900] "GET http://www.baidu.com/cache/global/img/gs.gif HTTP/1.1" 404 2545 "-" "Mozilla"
173.212.225.214 - - [22/Aug/2020:23:12:39 +0900] "GET / HTTP/1.1" 404 5781 "-" "libwww-perl/6.46"
192.241.237.31 - - [23/Aug/2020:01:40:02 +0900] "GET / HTTP/1.1" 404 5579 "-" "Mozilla/5.0 zgrab/0.x"
185.39.11.105 - - [23/Aug/2020:01:54:32 +0900] "GET / HTTP/1.1" 404 5545 "-" "Mozilla/5.0 (X11; Ubuntu; Linux x86_64; rv:76.0) Gecko/20100101 Firefox/76.0"
106.75.24.162 - - [23/Aug/2020:02:57:33 +0900] "GET / HTTP/1.0" 404 2490 "-" "-"
162.142.125.24 - - [23/Aug/2020:03:16:30 +0900] "GET / HTTP/1.1" 404 5583 "-" "-"
162.142.125.24 - - [23/Aug/2020:03:16:31 +0900] "GET / HTTP/1.1" 404 5758 "-" "Mozilla/5.0 (compatible; CensysInspect/1.1; +https://about.censys.io/)"
185.39.11.105 - - [23/Aug/2020:04:19:19 +0900] "GET / HTTP/1.1" 404 5545 "-" "Mozilla/5.0 (X11; Ubuntu; Linux x86_64; rv:76.0) Gecko/20100101 Firefox/76.0"
80.82.70.187 - - [23/Aug/2020:07:32:44 +0900] "GET http://www.baidu.com/cache/global/img/gs.gif HTTP/1.1" 404 2545 "-" "Mozilla"
185.39.11.105 - - [23/Aug/2020:07:49:58 +0900] "GET / HTTP/1.1" 404 5545 "-" "Mozilla/5.0 (X11; Ubuntu; Linux x86_64; rv:76.0) Gecko/20100101 Firefox/76.0"
193.118.53.202 - - [23/Aug/2020:09:18:20 +0900] "GET /cgi-bin/config.exp HTTP/1.1" 404 5651 "-" "Mozilla/5.0 (Windows NT 10.0; Win64; x64) AppleWebKit/537.36 (KHTML, like Gecko) Chrome/60.0.3112.113 Safari/537.36"
::1 - - [23/Aug/2020:12:01:16 +0900] "OPTIONS * HTTP/1.0" 200 126 "-" "Apache/2.4.41 (Ubuntu) OpenSSL/1.1.1g mod_wsgi/4.6.8 Python/3.8 (internal dummy connection)"
::1 - - [23/Aug/2020:12:28:11 +0900] "OPTIONS * HTTP/1.0" 200 126 "-" "Apache/2.4.41 (Ubuntu) OpenSSL/1.1.1g mod_wsgi/4.6.8 Python/3.8 (internal dummy connection)"
74.82.47.5 - - [23/Aug/2020:13:15:52 +0900] "GET / HTTP/1.1" 404 5579 "-" "-"
114.206.137.29 - - [23/Aug/2020:14:50:24 +0900] "-" 408 563 "-" "-"
114.206.137.29 - - [23/Aug/2020:14:51:04 +0900] "-" 408 563 "-" "-"
114.206.137.29 - - [23/Aug/2020:14:51:04 +0900] "-" 408 563 "-" "-"
192.241.239.219 - - [23/Aug/2020:15:04:53 +0900] "GET /owa/auth/logon.aspx?url=https%3a%2f%2f1%2fecp%2f HTTP/1.1" 404 5683 "-" "Mozilla/5.0 zgrab/0.x"
180.64.27.80 - - [23/Aug/2020:15:07:45 +0900] "GET /portfolio/6 HTTP/1.1" 301 4105 "https://unqocn.hopto.org/resume/" "Mozilla/5.0 (Linux; Android 9; LGM-G600L) AppleWebKit/537.36 (KHTML, like Gecko) Chrome/84.0.4147.125 Mobile Safari/537.36"
180.64.27.80 - - [23/Aug/2020:15:07:45 +0900] "GET /portfolio/4 HTTP/1.1" 301 4105 "https://unqocn.hopto.org/resume/" "Mozilla/5.0 (Linux; Android 9; LGM-G600L) AppleWebKit/537.36 (KHTML, like Gecko) Chrome/84.0.4147.125 Mobile Safari/537.36"
180.64.27.80 - - [23/Aug/2020:15:07:45 +0900] "GET /portfolio/5 HTTP/1.1" 301 4105 "https://unqocn.hopto.org/resume/" "Mozilla/5.0 (Linux; Android 9; LGM-G600L) AppleWebKit/537.36 (KHTML, like Gecko) Chrome/84.0.4147.125 Mobile Safari/537.36"
180.64.27.80 - - [23/Aug/2020:15:07:45 +0900] "GET /portfolio/2 HTTP/1.1" 301 4105 "https://unqocn.hopto.org/resume/" "Mozilla/5.0 (Linux; Android 9; LGM-G600L) AppleWebKit/537.36 (KHTML, like Gecko) Chrome/84.0.4147.125 Mobile Safari/537.36"
180.64.27.80 - - [23/Aug/2020:15:07:45 +0900] "GET /portfolio/3 HTTP/1.1" 301 4105 "https://unqocn.hopto.org/resume/" "Mozilla/5.0 (Linux; Android 9; LGM-G600L) AppleWebKit/537.36 (KHTML, like Gecko) Chrome/84.0.4147.125 Mobile Safari/537.36"
180.64.27.80 - - [23/Aug/2020:15:07:45 +0900] "GET /portfolio/1 HTTP/1.1" 301 4105 "https://unqocn.hopto.org/resume/" "Mozilla/5.0 (Linux; Android 9; LGM-G600L) AppleWebKit/537.36 (KHTML, like Gecko) Chrome/84.0.4147.125 Mobile Safari/537.36"
180.64.27.80 - - [23/Aug/2020:15:07:46 +0900] "GET /portfolio/4/ HTTP/1.1" 200 7430 "https://unqocn.hopto.org/resume/" "Mozilla/5.0 (Linux; Android 9; LGM-G600L) AppleWebKit/537.36 (KHTML, like Gecko) Chrome/84.0.4147.125 Mobile Safari/537.36"
180.64.27.80 - - [23/Aug/2020:15:07:46 +0900] "GET /portfolio/6/ HTTP/1.1" 200 5490 "https://unqocn.hopto.org/resume/" "Mozilla/5.0 (Linux; Android 9; LGM-G600L) AppleWebKit/537.36 (KHTML, like Gecko) Chrome/84.0.4147.125 Mobile Safari/537.36"
180.64.27.80 - - [23/Aug/2020:15:07:46 +0900] "GET /portfolio/5/ HTTP/1.1" 200 5355 "https://unqocn.hopto.org/resume/" "Mozilla/5.0 (Linux; Android 9; LGM-G600L) AppleWebKit/537.36 (KHTML, like Gecko) Chrome/84.0.4147.125 Mobile Safari/537.36"
180.64.27.80 - - [23/Aug/2020:15:07:46 +0900] "GET /portfolio/2/ HTTP/1.1" 200 7227 "https://unqocn.hopto.org/resume/" "Mozilla/5.0 (Linux; Android 9; LGM-G600L) AppleWebKit/537.36 (KHTML, like Gecko) Chrome/84.0.4147.125 Mobile Safari/537.36"
180.64.27.80 - - [23/Aug/2020:15:07:46 +0900] "GET /portfolio/3/ HTTP/1.1" 200 7878 "https://unqocn.hopto.org/resume/" "Mozilla/5.0 (Linux; Android 9; LGM-G600L) AppleWebKit/537.36 (KHTML, like Gecko) Chrome/84.0.4147.125 Mobile Safari/537.36"
180.64.27.80 - - [23/Aug/2020:15:07:46 +0900] "GET /portfolio/1/ HTTP/1.1" 200 5032 "https://unqocn.hopto.org/resume/" "Mozilla/5.0 (Linux; Android 9; LGM-G600L) AppleWebKit/537.36 (KHTML, like Gecko) Chrome/84.0.4147.125 Mobile Safari/537.36"
::1 - - [23/Aug/2020:15:07:51 +0900] "OPTIONS * HTTP/1.0" 200 126 "-" "Apache/2.4.41 (Ubuntu) OpenSSL/1.1.1g mod_wsgi/4.6.8 Python/3.8 (internal dummy connection)"
::1 - - [23/Aug/2020:15:07:52 +0900] "OPTIONS * HTTP/1.0" 200 126 "-" "Apache/2.4.41 (Ubuntu) OpenSSL/1.1.1g mod_wsgi/4.6.8 Python/3.8 (internal dummy connection)"
::1 - - [23/Aug/2020:15:07:53 +0900] "OPTIONS * HTTP/1.0" 200 126 "-" "Apache/2.4.41 (Ubuntu) OpenSSL/1.1.1g mod_wsgi/4.6.8 Python/3.8 (internal dummy connection)"
::1 - - [23/Aug/2020:15:07:54 +0900] "OPTIONS * HTTP/1.0" 200 126 "-" "Apache/2.4.41 (Ubuntu) OpenSSL/1.1.1g mod_wsgi/4.6.8 Python/3.8 (internal dummy connection)"
::1 - - [23/Aug/2020:15:07:55 +0900] "OPTIONS * HTTP/1.0" 200 126 "-" "Apache/2.4.41 (Ubuntu) OpenSSL/1.1.1g mod_wsgi/4.6.8 Python/3.8 (internal dummy connection)"
::1 - - [23/Aug/2020:15:07:56 +0900] "OPTIONS * HTTP/1.0" 200 126 "-" "Apache/2.4.41 (Ubuntu) OpenSSL/1.1.1g mod_wsgi/4.6.8 Python/3.8 (internal dummy connection)"
::1 - - [23/Aug/2020:15:07:57 +0900] "OPTIONS * HTTP/1.0" 200 126 "-" "Apache/2.4.41 (Ubuntu) OpenSSL/1.1.1g mod_wsgi/4.6.8 Python/3.8 (internal dummy connection)"
::1 - - [23/Aug/2020:15:07:58 +0900] "OPTIONS * HTTP/1.0" 200 126 "-" "Apache/2.4.41 (Ubuntu) OpenSSL/1.1.1g mod_wsgi/4.6.8 Python/3.8 (internal dummy connection)"
::1 - - [23/Aug/2020:15:07:59 +0900] "OPTIONS * HTTP/1.0" 200 126 "-" "Apache/2.4.41 (Ubuntu) OpenSSL/1.1.1g mod_wsgi/4.6.8 Python/3.8 (internal dummy connection)"
::1 - - [23/Aug/2020:15:08:02 +0900] "OPTIONS * HTTP/1.0" 200 126 "-" "Apache/2.4.41 (Ubuntu) OpenSSL/1.1.1g mod_wsgi/4.6.8 Python/3.8 (internal dummy connection)"
180.64.27.80 - - [23/Aug/2020:15:08:23 +0900] "-" 408 563 "-" "-"
114.206.137.29 - - [23/Aug/2020:15:19:15 +0900] "GET /portfolio/6 HTTP/1.1" 301 4105 "https://unqocn.hopto.org/resume/" "Mozilla/5.0 (Windows NT 10.0; Win64; x64) AppleWebKit/537.36 (KHTML, like Gecko) Chrome/84.0.4147.135 Safari/537.36"
114.206.137.29 - - [23/Aug/2020:15:19:15 +0900] "GET /portfolio/5 HTTP/1.1" 301 4105 "https://unqocn.hopto.org/resume/" "Mozilla/5.0 (Windows NT 10.0; Win64; x64) AppleWebKit/537.36 (KHTML, like Gecko) Chrome/84.0.4147.135 Safari/537.36"
114.206.137.29 - - [23/Aug/2020:15:19:15 +0900] "GET /portfolio/4 HTTP/1.1" 301 4105 "https://unqocn.hopto.org/resume/" "Mozilla/5.0 (Windows NT 10.0; Win64; x64) AppleWebKit/537.36 (KHTML, like Gecko) Chrome/84.0.4147.135 Safari/537.36"
114.206.137.29 - - [23/Aug/2020:15:19:15 +0900] "GET /portfolio/3 HTTP/1.1" 301 4105 "https://unqocn.hopto.org/resume/" "Mozilla/5.0 (Windows NT 10.0; Win64; x64) AppleWebKit/537.36 (KHTML, like Gecko) Chrome/84.0.4147.135 Safari/537.36"
114.206.137.29 - - [23/Aug/2020:15:19:15 +0900] "GET /portfolio/2 HTTP/1.1" 301 4105 "https://unqocn.hopto.org/resume/" "Mozilla/5.0 (Windows NT 10.0; Win64; x64) AppleWebKit/537.36 (KHTML, like Gecko) Chrome/84.0.4147.135 Safari/537.36"
114.206.137.29 - - [23/Aug/2020:15:19:15 +0900] "GET /portfolio/1 HTTP/1.1" 301 333 "https://unqocn.hopto.org/resume/" "Mozilla/5.0 (Windows NT 10.0; Win64; x64) AppleWebKit/537.36 (KHTML, like Gecko) Chrome/84.0.4147.135 Safari/537.36"
114.206.137.29 - - [23/Aug/2020:15:19:15 +0900] "GET /portfolio/3/ HTTP/1.1" 200 7878 "https://unqocn.hopto.org/resume/" "Mozilla/5.0 (Windows NT 10.0; Win64; x64) AppleWebKit/537.36 (KHTML, like Gecko) Chrome/84.0.4147.135 Safari/537.36"
114.206.137.29 - - [23/Aug/2020:15:19:15 +0900] "GET /portfolio/2/ HTTP/1.1" 200 7227 "https://unqocn.hopto.org/resume/" "Mozilla/5.0 (Windows NT 10.0; Win64; x64) AppleWebKit/537.36 (KHTML, like Gecko) Chrome/84.0.4147.135 Safari/537.36"
114.206.137.29 - - [23/Aug/2020:15:19:15 +0900] "GET /portfolio/6/ HTTP/1.1" 200 5490 "https://unqocn.hopto.org/resume/" "Mozilla/5.0 (Windows NT 10.0; Win64; x64) AppleWebKit/537.36 (KHTML, like Gecko) Chrome/84.0.4147.135 Safari/537.36"
114.206.137.29 - - [23/Aug/2020:15:19:15 +0900] "GET /portfolio/1/ HTTP/1.1" 200 8804 "https://unqocn.hopto.org/resume/" "Mozilla/5.0 (Windows NT 10.0; Win64; x64) AppleWebKit/537.36 (KHTML, like Gecko) Chrome/84.0.4147.135 Safari/537.36"
114.206.137.29 - - [23/Aug/2020:15:19:15 +0900] "GET /portfolio/4/ HTTP/1.1" 200 7430 "https://unqocn.hopto.org/resume/" "Mozilla/5.0 (Windows NT 10.0; Win64; x64) AppleWebKit/537.36 (KHTML, like Gecko) Chrome/84.0.4147.135 Safari/537.36"
114.206.137.29 - - [23/Aug/2020:15:19:15 +0900] "GET /portfolio/5/ HTTP/1.1" 200 5355 "https://unqocn.hopto.org/resume/" "Mozilla/5.0 (Windows NT 10.0; Win64; x64) AppleWebKit/537.36 (KHTML, like Gecko) Chrome/84.0.4147.135 Safari/537.36"
::1 - - [23/Aug/2020:15:19:21 +0900] "OPTIONS * HTTP/1.0" 200 126 "-" "Apache/2.4.41 (Ubuntu) OpenSSL/1.1.1g mod_wsgi/4.6.8 Python/3.8 (internal dummy connection)"
114.206.137.29 - - [23/Aug/2020:15:19:21 +0900] "GET /portfolio/1/ HTTP/1.1" 200 8804 "https://unqocn.hopto.org/portfolio/" "Mozilla/5.0 (Windows NT 10.0; Win64; x64) AppleWebKit/537.36 (KHTML, like Gecko) Chrome/84.0.4147.135 Safari/537.36"
114.206.137.29 - - [23/Aug/2020:15:19:21 +0900] "GET /portfolio/3/ HTTP/1.1" 200 11650 "https://unqocn.hopto.org/portfolio/" "Mozilla/5.0 (Windows NT 10.0; Win64; x64) AppleWebKit/537.36 (KHTML, like Gecko) Chrome/84.0.4147.135 Safari/537.36"
114.206.137.29 - - [23/Aug/2020:15:19:21 +0900] "GET /portfolio/6/ HTTP/1.1" 200 6070 "https://unqocn.hopto.org/portfolio/" "Mozilla/5.0 (Windows NT 10.0; Win64; x64) AppleWebKit/537.36 (KHTML, like Gecko) Chrome/84.0.4147.135 Safari/537.36"
114.206.137.29 - - [23/Aug/2020:15:19:21 +0900] "GET /portfolio/4/ HTTP/1.1" 200 11202 "https://unqocn.hopto.org/portfolio/" "Mozilla/5.0 (Windows NT 10.0; Win64; x64) AppleWebKit/537.36 (KHTML, like Gecko) Chrome/84.0.4147.135 Safari/537.36"
114.206.137.29 - - [23/Aug/2020:15:19:21 +0900] "GET /portfolio/5/ HTTP/1.1" 200 5935 "https://unqocn.hopto.org/portfolio/" "Mozilla/5.0 (Windows NT 10.0; Win64; x64) AppleWebKit/537.36 (KHTML, like Gecko) Chrome/84.0.4147.135 Safari/537.36"
114.206.137.29 - - [23/Aug/2020:15:19:21 +0900] "GET /portfolio/2/ HTTP/1.1" 200 10999 "https://unqocn.hopto.org/portfolio/" "Mozilla/5.0 (Windows NT 10.0; Win64; x64) AppleWebKit/537.36 (KHTML, like Gecko) Chrome/84.0.4147.135 Safari/537.36"
::1 - - [23/Aug/2020:15:19:25 +0900] "OPTIONS * HTTP/1.0" 200 126 "-" "Apache/2.4.41 (Ubuntu) OpenSSL/1.1.1g mod_wsgi/4.6.8 Python/3.8 (internal dummy connection)"
::1 - - [23/Aug/2020:15:19:29 +0900] "OPTIONS * HTTP/1.0" 200 126 "-" "Apache/2.4.41 (Ubuntu) OpenSSL/1.1.1g mod_wsgi/4.6.8 Python/3.8 (internal dummy connection)"
::1 - - [23/Aug/2020:15:19:30 +0900] "OPTIONS * HTTP/1.0" 200 126 "-" "Apache/2.4.41 (Ubuntu) OpenSSL/1.1.1g mod_wsgi/4.6.8 Python/3.8 (internal dummy connection)"
::1 - - [23/Aug/2020:15:19:31 +0900] "OPTIONS * HTTP/1.0" 200 126 "-" "Apache/2.4.41 (Ubuntu) OpenSSL/1.1.1g mod_wsgi/4.6.8 Python/3.8 (internal dummy connection)"
::1 - - [23/Aug/2020:15:19:32 +0900] "OPTIONS * HTTP/1.0" 200 126 "-" "Apache/2.4.41 (Ubuntu) OpenSSL/1.1.1g mod_wsgi/4.6.8 Python/3.8 (internal dummy connection)"
::1 - - [23/Aug/2020:15:19:33 +0900] "OPTIONS * HTTP/1.0" 200 126 "-" "Apache/2.4.41 (Ubuntu) OpenSSL/1.1.1g mod_wsgi/4.6.8 Python/3.8 (internal dummy connection)"
::1 - - [23/Aug/2020:15:19:34 +0900] "OPTIONS * HTTP/1.0" 200 126 "-" "Apache/2.4.41 (Ubuntu) OpenSSL/1.1.1g mod_wsgi/4.6.8 Python/3.8 (internal dummy connection)"
::1 - - [23/Aug/2020:15:19:35 +0900] "OPTIONS * HTTP/1.0" 200 126 "-" "Apache/2.4.41 (Ubuntu) OpenSSL/1.1.1g mod_wsgi/4.6.8 Python/3.8 (internal dummy connection)"
58.236.168.69 - - [23/Aug/2020:15:22:09 +0900] "GET /portfolio/5 HTTP/1.1" 301 4105 "https://unqocn.hopto.org/portfolio/" "Mozilla/5.0 (Macintosh; Intel Mac OS X 10_15_6) AppleWebKit/537.36 (KHTML, like Gecko) Chrome/84.0.4147.105 Safari/537.36"
58.236.168.69 - - [23/Aug/2020:15:22:09 +0900] "GET /portfolio/6 HTTP/1.1" 301 4105 "https://unqocn.hopto.org/portfolio/" "Mozilla/5.0 (Macintosh; Intel Mac OS X 10_15_6) AppleWebKit/537.36 (KHTML, like Gecko) Chrome/84.0.4147.105 Safari/537.36"
58.236.168.69 - - [23/Aug/2020:15:22:09 +0900] "GET /portfolio/3 HTTP/1.1" 301 4105 "https://unqocn.hopto.org/portfolio/" "Mozilla/5.0 (Macintosh; Intel Mac OS X 10_15_6) AppleWebKit/537.36 (KHTML, like Gecko) Chrome/84.0.4147.105 Safari/537.36"
