  File "/home/django/unqocn_venv/lib/python3.8/site-packages/asgiref/local.py", line 96, in __del__
NameError: name 'TypeError' is not defined
Exception ignored in: <function Local.__del__ at 0x7f111c307700>
Traceback (most recent call last):
  File "/home/django/unqocn_venv/lib/python3.8/site-packages/asgiref/local.py", line 96, in __del__
NameError: name 'TypeError' is not defined
Exception ignored in: <function BaseEventLoop.__del__ at 0x7f11176bf670>
Traceback (most recent call last):
  File "/usr/lib/python3.8/asyncio/base_events.py", line 654, in __del__
NameError: name 'ResourceWarning' is not defined
Exception ignored in: <function Local.__del__ at 0x7f111c307700>
Traceback (most recent call last):
  File "/home/django/unqocn_venv/lib/python3.8/site-packages/asgiref/local.py", line 96, in __del__
NameError: name 'TypeError' is not defined
Exception ignored in: <function Local.__del__ at 0x7f111c307700>
Traceback (most recent call last):
  File "/home/django/unqocn_venv/lib/python3.8/site-packages/asgiref/local.py", line 96, in __del__
NameError: name 'TypeError' is not defined
[Fri Jul 24 01:33:46.417458 2020] [wsgi:error] [pid 851] [remote 80.82.70.187:36623] Not Found: /cache/global/img/gs.gif
[Fri Jul 24 02:11:10.947581 2020] [wsgi:error] [pid 849] [remote 128.14.209.234:37440] Not Found: /
[Fri Jul 24 04:59:34.643081 2020] [wsgi:error] [pid 849] [remote 185.39.11.105:39052] Not Found: /
[Fri Jul 24 05:19:26.814338 2020] [wsgi:error] [pid 849] [remote 193.118.53.202:38902] Not Found: /
[Fri Jul 24 05:42:41.436097 2020] [wsgi:error] [pid 849] [remote 83.97.20.29:39817] Not Found: /
[Fri Jul 24 06:10:17.790364 2020] [wsgi:error] [pid 851] [remote 139.162.79.87:45894] Not Found: /
[Fri Jul 24 06:31:39.983473 2020] [wsgi:error] [pid 849] [remote 185.39.11.105:56212] Not Found: /
[Fri Jul 24 08:42:06.740808 2020] [wsgi:error] [pid 849] [remote 195.54.160.21:52022] Not Found: /vendor/phpunit/phpunit/src/Util/PHP/eval-stdin.php
[Fri Jul 24 08:42:06.743526 2020] [wsgi:error] [pid 849] [remote 195.54.160.21:52024] Not Found: /api/jsonws/invoke
[Fri Jul 24 08:42:08.407384 2020] [wsgi:error] [pid 849] [remote 195.54.160.21:49984] Not Found: /vendor/phpunit/phpunit/src/Util/PHP/eval-stdin.php
[Fri Jul 24 08:42:08.408294 2020] [wsgi:error] [pid 849] [remote 195.54.160.21:50398] Not Found: /index.php
[Fri Jul 24 08:42:09.476433 2020] [wsgi:error] [pid 849] [remote 195.54.160.21:48788] Not Found: /
[Fri Jul 24 10:17:35.704451 2020] [wsgi:error] [pid 849] [remote 184.105.247.252:10456] Not Found: /
[Fri Jul 24 11:15:25.165389 2020] [wsgi:error] [pid 851] [remote 80.82.70.187:57126] Not Found: /cache/global/img/gs.gif
[Fri Jul 24 12:30:51.971122 2020] [wsgi:error] [pid 849] [remote 185.39.11.105:45138] Not Found: /
[Fri Jul 24 15:24:03.778946 2020] [wsgi:error] [pid 849] [remote 128.14.209.154:46466] Not Found: /
[Fri Jul 24 16:07:50.415702 2020] [wsgi:error] [pid 849] [remote 128.14.134.134:60496] Not Found: /
[Fri Jul 24 16:26:05.945011 2020] [wsgi:error] [pid 851] [remote 211.36.139.133:10757] Not Found: /favicon.ico
[Fri Jul 24 16:29:01.695194 2020] [wsgi:error] [pid 849] [remote 211.36.139.133:42830] Not Found: /favicon.ico
[Fri Jul 24 19:16:06.990031 2020] [wsgi:error] [pid 849] [remote 185.39.11.105:45204] Not Found: /
[Fri Jul 24 19:55:48.964489 2020] [wsgi:error] [pid 851] [remote 196.52.43.53:52262] Not Found: /
[Fri Jul 24 20:41:14.310629 2020] [wsgi:error] [pid 849] [remote 192.241.239.84:59254] Not Found: /owa/auth/logon.aspx
[Fri Jul 24 20:54:26.237648 2020] [wsgi:error] [pid 851] [remote 80.82.70.187:42333] Not Found: /cache/global/img/gs.gif
[Fri Jul 24 22:22:17.498584 2020] [wsgi:error] [pid 849] [remote 193.118.53.194:36370] Not Found: /
Exception ignored in: <function Local.__del__ at 0x7f9286eed700>
Traceback (most recent call last):
  File "/home/django/unqocn_venv/lib/python3.8/site-packages/asgiref/local.py", line 96, in __del__
NameError: name 'TypeError' is not defined
Exception ignored in: <function Local.__del__ at 0x7f9286eed700>
Traceback (most recent call last):
  File "/home/django/unqocn_venv/lib/python3.8/site-packages/asgiref/local.py", line 96, in __del__
NameError: name 'TypeError' is not defined
Exception ignored in: <function Local.__del__ at 0x7f9286eed700>
Traceback (most recent call last):
  File "/home/django/unqocn_venv/lib/python3.8/site-packages/asgiref/local.py", line 96, in __del__
NameError: name 'TypeError' is not defined
Exception ignored in: <function Local.__del__ at 0x7f9286eed700>
Traceback (most recent call last):
  File "/home/django/unqocn_venv/lib/python3.8/site-packages/asgiref/local.py", line 96, in __del__
NameError: name 'TypeError' is not defined
Exception ignored in: <function Local.__del__ at 0x7f9286eed700>
Traceback (most recent call last):
  File "/home/django/unqocn_venv/lib/python3.8/site-packages/asgiref/local.py", line 96, in __del__
NameError: name 'TypeError' is not defined
Exception ignored in: <function Local.__del__ at 0x7f92857ec3a0>
Traceback (most recent call last):
  File "/home/django/unqocn_venv/lib/python3.8/site-packages/asgiref/local.py", line 96, in __del__
NameError: name 'TypeError' is not defined
Exception ignored in: <function Local.__del__ at 0x7f92857ec3a0>
Traceback (most recent call last):
  File "/home/django/unqocn_venv/lib/python3.8/site-packages/asgiref/local.py", line 96, in __del__
NameError: name 'TypeError' is not defined
[Sat Jul 25 00:03:52.386246 2020] [wsgi:error] [pid 41690] [remote 5.8.10.202:37121] Not Found: /
[Sat Jul 25 00:05:47.801844 2020] [wsgi:error] [pid 41692] [remote 183.136.225.44:48580] Not Found: /
[Sat Jul 25 01:22:10.531977 2020] [wsgi:error] [pid 41692] [remote 167.172.39.126:53284] Not Found: /
[Sat Jul 25 01:22:11.448129 2020] [wsgi:error] [pid 41692] [remote 167.172.39.126:53284] Not Found: /favicon.ico
[Sat Jul 25 01:53:00.813841 2020] [wsgi:error] [pid 41692] [remote 167.172.39.126:39946] Not Found: /
[Sat Jul 25 01:53:01.642201 2020] [wsgi:error] [pid 41692] [remote 167.172.39.126:39946] Not Found: /favicon.ico
[Sat Jul 25 02:05:37.432355 2020] [wsgi:error] [pid 41692] [remote 157.245.139.234:39586] Not Found: /
[Sat Jul 25 02:05:37.887767 2020] [wsgi:error] [pid 41692] [remote 157.245.139.234:39586] Not Found: /favicon.ico
[Sat Jul 25 02:17:41.295786 2020] [wsgi:error] [pid 41690] [remote 185.39.11.105:33336] Not Found: /
[Sat Jul 25 03:08:46.159986 2020] [wsgi:error] [pid 41690] [remote 185.39.11.105:53450] Not Found: /
[Sat Jul 25 03:21:53.655349 2020] [wsgi:error] [pid 41690] [remote 185.39.11.105:59778] Not Found: /
[Sat Jul 25 03:25:00.997503 2020] [wsgi:error] [pid 41692] [remote 45.33.50.106:45642] Not Found: /
[Sat Jul 25 03:25:05.617645 2020] [wsgi:error] [pid 41692] [remote 45.33.50.106:45642] Not Found: /favicon.ico
[Sat Jul 25 03:30:08.225610 2020] [wsgi:error] [pid 41692] [remote 167.71.69.246:54946] Not Found: /
[Sat Jul 25 03:30:08.805749 2020] [wsgi:error] [pid 41692] [remote 167.71.69.246:54946] Not Found: /favicon.ico
[Sat Jul 25 05:39:52.243515 2020] [wsgi:error] [pid 41690] [remote 185.39.11.105:60926] Not Found: /
[Sat Jul 25 06:33:02.576012 2020] [wsgi:error] [pid 41692] [remote 80.82.70.187:50714] Not Found: /cache/global/img/gs.gif
[Sat Jul 25 06:48:29.008757 2020] [wsgi:error] [pid 41690] [remote 185.39.11.105:41710] Not Found: /
[Sat Jul 25 08:55:04.553781 2020] [wsgi:error] [pid 41692] [remote 83.97.20.34:20039] Not Found: /
[Sat Jul 25 09:36:24.278139 2020] [wsgi:error] [pid 41692] [remote 195.144.21.56:46148] Not Found: /
[Sat Jul 25 09:36:30.992708 2020] [wsgi:error] [pid 41692] [remote 195.144.21.56:47470] Not Found: /favicon.ico
[Sat Jul 25 12:53:02.274478 2020] [wsgi:error] [pid 41690] [remote 93.174.93.139:38706] Not Found: /
[Sat Jul 25 13:53:09.737528 2020] [wsgi:error] [pid 41692] [remote 54.177.217.122:53568] Not Found: /
[Sat Jul 25 14:21:10.195807 2020] [wsgi:error] [pid 41690] [remote 74.82.47.2:53994] Not Found: /
[Sat Jul 25 16:14:18.830754 2020] [wsgi:error] [pid 41692] [remote 80.82.70.187:40114] Not Found: /cache/global/img/gs.gif
[Sat Jul 25 17:22:57.393008 2020] [wsgi:error] [pid 41690] [remote 83.97.20.29:32004] Not Found: /
[Sat Jul 25 17:52:47.581808 2020] [wsgi:error] [pid 41690] [remote 18.197.188.8:45162] Not Found: /
[Sat Jul 25 18:11:16.513437 2020] [ssl:error] [pid 41802] [client 64.41.200.108:34808] AH02042: rejecting client initiated renegotiation
[Sat Jul 25 18:11:17.589665 2020] [ssl:error] [pid 41693] [client 64.41.200.108:35378] AH02042: rejecting client initiated renegotiation
[Sat Jul 25 20:18:50.996973 2020] [wsgi:error] [pid 41690] [remote 173.212.225.214:55456] Not Found: /
[Sat Jul 25 21:03:22.565838 2020] [wsgi:error] [pid 41690] [remote 185.39.11.105:52460] Not Found: /
[Sat Jul 25 21:12:41.281423 2020] [wsgi:error] [pid 41690] [remote 185.39.11.105:32906] Not Found: /
[Sat Jul 25 21:24:57.015005 2020] [wsgi:error] [pid 41690] [remote 193.118.53.202:52246] Not Found: /
[Sat Jul 25 23:23:30.535119 2020] [wsgi:error] [pid 41690] [remote 45.148.10.158:34646] Not Found: /
Exception ignored in: <function BaseEventLoop.__del__ at 0x7f9286425670>
Traceback (most recent call last):
  File "/usr/lib/python3.8/asyncio/base_events.py", line 654, in __del__
NameError: name 'ResourceWarning' is not defined
Exception ignored in: <function Local.__del__ at 0x7f9286ffd700>
Traceback (most recent call last):
  File "/home/django/unqocn_venv/lib/python3.8/site-packages/asgiref/local.py", line 96, in __del__
NameError: name 'TypeError' is not defined
Exception ignored in: <function Local.__del__ at 0x7f9286ffd700>
Traceback (most recent call last):
  File "/home/django/unqocn_venv/lib/python3.8/site-packages/asgiref/local.py", line 96, in __del__
NameError: name 'TypeError' is not defined
Exception ignored in: <function Local.__del__ at 0x7f9286ffd700>
Traceback (most recent call last):
  File "/home/django/unqocn_venv/lib/python3.8/site-packages/asgiref/local.py", line 96, in __del__
NameError: name 'TypeError' is not defined
Exception ignored in: <function Local.__del__ at 0x7f9286ffd700>
Traceback (most recent call last):
  File "/home/django/unqocn_venv/lib/python3.8/site-packages/asgiref/local.py", line 96, in __del__
NameError: name 'TypeError' is not defined
Exception ignored in: <function Local.__del__ at 0x7f92858e64c0>
Traceback (most recent call last):
  File "/home/django/unqocn_venv/lib/python3.8/site-packages/asgiref/local.py", line 96, in __del__
NameError: name 'TypeError' is not defined
Exception ignored in: <function Local.__del__ at 0x7f92858e64c0>
Traceback (most recent call last):
  File "/home/django/unqocn_venv/lib/python3.8/site-packages/asgiref/local.py", line 96, in __del__
NameError: name 'TypeError' is not defined
[Sun Jul 26 00:51:50.998635 2020] [wsgi:error] [pid 62180] [remote 92.118.160.29:57019] Not Found: /
[Sun Jul 26 01:55:20.695132 2020] [wsgi:error] [pid 62182] [remote 80.82.70.187:59763] Not Found: /cache/global/img/gs.gif
[Sun Jul 26 03:28:28.127612 2020] [wsgi:error] [pid 62182] [remote 92.118.161.1:47707] Not Found: /
[Sun Jul 26 03:32:49.534847 2020] [wsgi:error] [pid 62182] [remote 80.82.65.213:47634] Not Found: /
[Sun Jul 26 03:50:00.122936 2020] [wsgi:error] [pid 62180] [remote 185.39.11.105:58498] Not Found: /
[Sun Jul 26 04:33:55.896609 2020] [wsgi:error] [pid 62180] [remote 185.39.11.105:50324] Not Found: /
[Sun Jul 26 04:50:07.977046 2020] [wsgi:error] [pid 62180] [remote 185.39.11.105:54110] Not Found: /
[Sun Jul 26 06:05:44.376951 2020] [wsgi:error] [pid 62180] [remote 185.39.11.105:51114] Not Found: /
[Sun Jul 26 06:37:45.576550 2020] [wsgi:error] [pid 62180] [remote 185.39.11.105:36870] Not Found: /
[Sun Jul 26 07:53:49.810758 2020] [wsgi:error] [pid 62180] [remote 185.39.11.105:34542] Not Found: /
[Sun Jul 26 08:24:40.753102 2020] [wsgi:error] [pid 62180] [remote 192.35.168.249:36276] Not Found: /
[Sun Jul 26 08:24:41.545947 2020] [wsgi:error] [pid 62180] [remote 192.35.168.249:52936] Not Found: /
[Sun Jul 26 08:54:14.038844 2020] [wsgi:error] [pid 62180] [remote 185.39.11.105:48608] Not Found: /
[Sun Jul 26 09:13:54.620853 2020] [wsgi:error] [pid 62180] [remote 195.54.160.21:38496] Not Found: /api/jsonws/invoke
[Sun Jul 26 09:13:54.640362 2020] [wsgi:error] [pid 62180] [remote 195.54.160.21:38458] Not Found: /
[Sun Jul 26 09:13:55.620891 2020] [wsgi:error] [pid 62180] [remote 195.54.160.21:56630] Not Found: /vendor/phpunit/phpunit/src/Util/PHP/eval-stdin.php
[Sun Jul 26 09:13:55.641589 2020] [wsgi:error] [pid 62180] [remote 195.54.160.21:59660] Not Found: /vendor/phpunit/phpunit/src/Util/PHP/eval-stdin.php
[Sun Jul 26 09:13:56.634007 2020] [wsgi:error] [pid 62180] [remote 195.54.160.21:44956] Not Found: /index.php
[Sun Jul 26 10:09:11.744124 2020] [wsgi:error] [pid 62180] [remote 185.39.11.105:41834] Not Found: /
[Sun Jul 26 10:22:53.312358 2020] [wsgi:error] [pid 62180] [remote 93.174.93.139:60734] Not Found: /
[Sun Jul 26 10:26:04.366402 2020] [wsgi:error] [pid 62180] [remote 184.105.139.67:31038] Not Found: /
[Sun Jul 26 10:54:28.742569 2020] [wsgi:error] [pid 62180] [remote 93.174.93.139:60876] Not Found: /
[Sun Jul 26 11:38:24.952884 2020] [wsgi:error] [pid 62182] [remote 80.82.70.187:48482] Not Found: /cache/global/img/gs.gif
[Sun Jul 26 13:21:02.088031 2020] [wsgi:error] [pid 62180] [remote 128.14.133.58:43406] Not Found: /cgi-bin/config.exp
[Sun Jul 26 15:47:01.977046 2020] [wsgi:error] [pid 62180] [remote 195.54.160.21:35470] Not Found: /
[Sun Jul 26 15:47:01.983879 2020] [wsgi:error] [pid 62180] [remote 195.54.160.21:35482] Not Found: /api/jsonws/invoke
[Sun Jul 26 15:47:03.530419 2020] [wsgi:error] [pid 62180] [remote 195.54.160.21:54676] Not Found: /vendor/phpunit/phpunit/src/Util/PHP/eval-stdin.php
[Sun Jul 26 15:47:03.573993 2020] [wsgi:error] [pid 62180] [remote 195.54.160.21:54948] Not Found: /vendor/phpunit/phpunit/src/Util/PHP/eval-stdin.php
[Sun Jul 26 15:47:05.146185 2020] [wsgi:error] [pid 62180] [remote 195.54.160.21:50228] Not Found: /index.php
[Sun Jul 26 16:45:53.608512 2020] [ssl:error] [pid 62183] [client 64.41.200.105:45198] AH02042: rejecting client initiated renegotiation
[Sun Jul 26 16:45:54.688194 2020] [ssl:error] [pid 65159] [client 64.41.200.105:45782] AH02042: rejecting client initiated renegotiation
[Sun Jul 26 18:52:16.958664 2020] [wsgi:error] [pid 62180] [remote 194.225.50.38:58230] Not Found: /
[Sun Jul 26 20:38:00.638362 2020] [wsgi:error] [pid 62180] [remote 192.35.168.198:59490] Not Found: /
[Sun Jul 26 20:38:01.448146 2020] [wsgi:error] [pid 62180] [remote 192.35.168.198:47402] Not Found: /
[Sun Jul 26 21:19:26.044687 2020] [wsgi:error] [pid 62182] [remote 80.82.70.187:56459] Not Found: /cache/global/img/gs.gif
[Sun Jul 26 23:00:39.773749 2020] [wsgi:error] [pid 62180] [remote 185.39.11.105:57852] Not Found: /
[Sun Jul 26 23:22:56.270754 2020] [wsgi:error] [pid 62180] [remote 93.174.93.139:60676] Not Found: /
[Sun Jul 26 23:44:42.923074 2020] [wsgi:error] [pid 62180] [remote 185.39.11.105:55104] Not Found: /
Exception ignored in: <function Local.__del__ at 0x7f9286ffd700>
Traceback (most recent call last):
  File "/home/django/unqocn_venv/lib/python3.8/site-packages/asgiref/local.py", line 96, in __del__
NameError: name 'TypeError' is not defined
Exception ignored in: <function Local.__del__ at 0x7f9286ffd700>
Traceback (most recent call last):
  File "/home/django/unqocn_venv/lib/python3.8/site-packages/asgiref/local.py", line 96, in __del__
NameError: name 'TypeError' is not defined
Exception ignored in: <function Local.__del__ at 0x7f9286ffd700>
Traceback (most recent call last):
  File "/home/django/unqocn_venv/lib/python3.8/site-packages/asgiref/local.py", line 96, in __del__
NameError: name 'TypeError' is not defined
Exception ignored in: <function Local.__del__ at 0x7f9286ffd700>
Traceback (most recent call last):
  File "/home/django/unqocn_venv/lib/python3.8/site-packages/asgiref/local.py", line 96, in __del__
NameError: name 'TypeError' is not defined
Exception ignored in: <function Local.__del__ at 0x7f92858e73a0>
Traceback (most recent call last):
  File "/home/django/unqocn_venv/lib/python3.8/site-packages/asgiref/local.py", line 96, in __del__
NameError: name 'TypeError' is not defined
Exception ignored in: <function Local.__del__ at 0x7f92858e73a0>
Traceback (most recent call last):
  File "/home/django/unqocn_venv/lib/python3.8/site-packages/asgiref/local.py", line 96, in __del__
NameError: name 'TypeError' is not defined
[Mon Jul 27 00:05:11.997555 2020] [wsgi:error] [pid 82771] [remote 192.241.216.129:59090] Not Found: /
[Mon Jul 27 00:18:06.960457 2020] [wsgi:error] [pid 82771] [remote 185.39.11.105:38282] Not Found: /
[Mon Jul 27 00:49:13.613685 2020] [wsgi:error] [pid 82771] [remote 185.39.11.105:51354] Not Found: /
[Mon Jul 27 02:00:25.222555 2020] [wsgi:error] [pid 82773] [remote 125.212.217.214:47218] Not Found: /
[Mon Jul 27 02:00:25.862860 2020] [wsgi:error] [pid 82773] [remote 125.212.217.214:47414] Not Found: /favicon.ico
[Mon Jul 27 03:45:01.163152 2020] [wsgi:error] [pid 82771] [remote 80.82.77.227:51964] Not Found: /
[Mon Jul 27 03:57:10.073787 2020] [wsgi:error] [pid 82771] [remote 125.64.94.132:51838] Not Found: /
[Mon Jul 27 04:07:42.206312 2020] [wsgi:error] [pid 82771] [remote 213.32.122.82:4697] Not Found: /
[Mon Jul 27 04:27:43.855287 2020] [wsgi:error] [pid 82771] [remote 185.39.11.105:43088] Not Found: /
[Mon Jul 27 05:13:28.864071 2020] [wsgi:error] [pid 82771] [remote 93.174.93.139:46422] Not Found: /
[Mon Jul 27 05:29:01.764070 2020] [wsgi:error] [pid 82771] [remote 87.27.101.20:59788] Not Found: /
[Mon Jul 27 06:37:48.529251 2020] [wsgi:error] [pid 82771] [remote 185.39.11.105:46116] Not Found: /
[Mon Jul 27 06:54:36.713349 2020] [wsgi:error] [pid 82771] [remote 45.56.78.64:36112] Not Found: /x
[Mon Jul 27 07:01:27.523349 2020] [wsgi:error] [pid 82773] [remote 80.82.70.187:51666] Not Found: /cache/global/img/gs.gif
[Mon Jul 27 07:16:27.025758 2020] [wsgi:error] [pid 82771] [remote 185.39.11.105:40036] Not Found: /
[Mon Jul 27 08:07:52.786443 2020] [wsgi:error] [pid 82771] [remote 139.162.113.204:55042] Not Found: /
[Mon Jul 27 09:17:44.031244 2020] [wsgi:error] [pid 82771] [remote 193.118.53.202:43486] Not Found: /
[Mon Jul 27 11:45:41.001273 2020] [wsgi:error] [pid 82773] [remote 185.39.11.105:42710] Not Found: /
[Mon Jul 27 15:20:43.250694 2020] [wsgi:error] [pid 82771] [remote 185.39.11.105:60260] Not Found: /
[Mon Jul 27 16:46:11.625771 2020] [wsgi:error] [pid 82773] [remote 80.82.70.187:45373] Not Found: /cache/global/img/gs.gif
[Mon Jul 27 18:06:39.297960 2020] [wsgi:error] [pid 82771] [remote 183.136.225.44:32740] Not Found: /
[Mon Jul 27 21:38:50.941635 2020] [wsgi:error] [pid 82771] [remote 185.39.11.105:40784] Not Found: /
[Mon Jul 27 22:38:56.720196 2020] [wsgi:error] [pid 82771] [remote 185.39.11.105:42416] Not Found: /
[Mon Jul 27 23:51:42.720472 2020] [wsgi:error] [pid 82771] [remote 185.39.11.105:53878] Not Found: /
Exception ignored in: <function Local.__del__ at 0x7f9286ffd700>
Traceback (most recent call last):
  File "/home/django/unqocn_venv/lib/python3.8/site-packages/asgiref/local.py", line 96, in __del__
NameError: name 'TypeError' is not defined
Exception ignored in: <function Local.__del__ at 0x7f9286ffd700>
Traceback (most recent call last):
  File "/home/django/unqocn_venv/lib/python3.8/site-packages/asgiref/local.py", line 96, in __del__
NameError: name 'TypeError' is not defined
Exception ignored in: <function Local.__del__ at 0x7f9286ffd700>
Traceback (most recent call last):
  File "/home/django/unqocn_venv/lib/python3.8/site-packages/asgiref/local.py", line 96, in __del__
NameError: name 'TypeError' is not defined
Exception ignored in: <function Local.__del__ at 0x7f9286ffd700>
Traceback (most recent call last):
  File "/home/django/unqocn_venv/lib/python3.8/site-packages/asgiref/local.py", line 96, in __del__
NameError: name 'TypeError' is not defined
Exception ignored in: <function Local.__del__ at 0x7f92858e73a0>
Traceback (most recent call last):
  File "/home/django/unqocn_venv/lib/python3.8/site-packages/asgiref/local.py", line 96, in __del__
NameError: name 'TypeError' is not defined
Exception ignored in: <function Local.__del__ at 0x7f92858e73a0>
Traceback (most recent call last):
  File "/home/django/unqocn_venv/lib/python3.8/site-packages/asgiref/local.py", line 96, in __del__
NameError: name 'TypeError' is not defined
[Tue Jul 28 00:47:55.591327 2020] [wsgi:error] [pid 110794] [remote 185.216.140.186:39302] Not Found: /cache/global/img/gs.gif
[Tue Jul 28 02:05:19.253467 2020] [wsgi:error] [pid 110792] [remote 183.91.82.27:47046] Not Found: /
[Tue Jul 28 02:28:26.233037 2020] [wsgi:error] [pid 110794] [remote 80.82.70.187:47089] Not Found: /cache/global/img/gs.gif
[Tue Jul 28 02:40:37.771600 2020] [wsgi:error] [pid 110792] [remote 185.39.11.105:36390] Not Found: /
[Tue Jul 28 03:02:36.642041 2020] [wsgi:error] [pid 110792] [remote 185.39.11.105:43110] Not Found: /
[Tue Jul 28 03:12:53.246109 2020] [wsgi:error] [pid 110794] [remote 222.186.61.115:52300] Not Found: /
[Tue Jul 28 03:29:20.395423 2020] [wsgi:error] [pid 110792] [remote 185.39.11.105:38494] Not Found: /
[Tue Jul 28 03:30:09.311828 2020] [wsgi:error] [pid 110794] [remote 113.200.71.99:44546] Not Found: /
[Tue Jul 28 03:37:06.954612 2020] [wsgi:error] [pid 110792] [remote 185.39.11.105:38338] Not Found: /
[Tue Jul 28 05:03:24.440477 2020] [wsgi:error] [pid 110792] [remote 129.213.40.42:28975] Not Found: /
[Tue Jul 28 06:44:31.865871 2020] [wsgi:error] [pid 110792] [remote 129.158.114.213:43234] Not Found: /
[Tue Jul 28 07:36:09.471347 2020] [wsgi:error] [pid 110792] [remote 83.97.20.29:48464] Not Found: /
[Tue Jul 28 09:17:41.524921 2020] [wsgi:error] [pid 110792] [remote 129.191.18.17:16740] Not Found: /
[Tue Jul 28 09:26:30.922055 2020] [wsgi:error] [pid 110792] [remote 185.39.11.105:48020] Not Found: /
[Tue Jul 28 12:05:32.119200 2020] [wsgi:error] [pid 110792] [remote 54.183.251.224:55988] Not Found: /
[Tue Jul 28 12:13:37.689528 2020] [wsgi:error] [pid 110794] [remote 80.82.70.187:44350] Not Found: /cache/global/img/gs.gif
[Tue Jul 28 13:15:56.365152 2020] [wsgi:error] [pid 110792] [remote 184.105.139.69:34102] Not Found: /
[Tue Jul 28 14:03:38.920097 2020] [wsgi:error] [pid 110792] [remote 93.174.93.139:52158] Not Found: /
[Tue Jul 28 14:06:10.859735 2020] [wsgi:error] [pid 110792] [remote 185.39.11.105:38462] Not Found: /config/getuser
[Tue Jul 28 14:26:10.858753 2020] [wsgi:error] [pid 110792] [remote 128.14.133.58:59748] Not Found: /Telerik.Web.UI.WebResource.axd
[Tue Jul 28 14:51:46.680684 2020] [wsgi:error] [pid 110792] [remote 195.54.160.21:47422] Not Found: /vendor/phpunit/phpunit/src/Util/PHP/eval-stdin.php
[Tue Jul 28 14:51:46.905502 2020] [wsgi:error] [pid 110792] [remote 195.54.160.21:47416] Not Found: /api/jsonws/invoke
[Tue Jul 28 14:51:47.681395 2020] [wsgi:error] [pid 110792] [remote 195.54.160.21:36568] Not Found: /vendor/phpunit/phpunit/src/Util/PHP/eval-stdin.php
[Tue Jul 28 14:51:47.696918 2020] [wsgi:error] [pid 110792] [remote 195.54.160.21:38160] Not Found: /index.php
[Tue Jul 28 14:51:48.634456 2020] [wsgi:error] [pid 110792] [remote 195.54.160.21:50462] Not Found: /
[Tue Jul 28 14:59:19.584850 2020] [wsgi:error] [pid 110792] [remote 80.82.77.33:60336] Not Found: /
[Tue Jul 28 14:59:31.027222 2020] [wsgi:error] [pid 110792] [remote 80.82.77.33:40552] Not Found: /robots.txt
[Tue Jul 28 14:59:32.022422 2020] [wsgi:error] [pid 110792] [remote 80.82.77.33:41330] Not Found: /sitemap.xml
[Tue Jul 28 14:59:32.985314 2020] [wsgi:error] [pid 110792] [remote 80.82.77.33:41858] Not Found: /.well-known/security.txt
[Tue Jul 28 14:59:34.508404 2020] [wsgi:error] [pid 110792] [remote 80.82.77.33:42542] Not Found: /favicon.ico
[Tue Jul 28 15:52:54.535229 2020] [wsgi:error] [pid 110792] [remote 160.34.8.10:53799] Not Found: /
[Tue Jul 28 16:03:48.729311 2020] [wsgi:error] [pid 110794] [remote 89.248.174.166:58396] Not Found: /
[Tue Jul 28 16:05:40.563148 2020] [wsgi:error] [pid 110792] [remote 71.6.232.7:38270] Not Found: /
[Tue Jul 28 17:01:58.524697 2020] [wsgi:error] [pid 110792] [remote 80.82.68.16:60270] Not Found: /
[Tue Jul 28 17:01:58.775576 2020] [wsgi:error] [pid 110792] [remote 80.82.68.16:60270] Not Found: /robots.txt
[Tue Jul 28 17:01:59.023002 2020] [wsgi:error] [pid 110792] [remote 80.82.68.16:60270] Not Found: /favicon.ico
[Tue Jul 28 17:45:16.378360 2020] [wsgi:error] [pid 110792] [remote 50.234.3.226:35902] Not Found: /
[Tue Jul 28 17:47:24.696522 2020] [wsgi:error] [pid 110792] [remote 34.65.15.85:20120] Not Found: /
[Tue Jul 28 17:49:19.182233 2020] [wsgi:error] [pid 110792] [remote 209.126.3.185:49404] Not Found: /
[Tue Jul 28 18:20:52.779812 2020] [wsgi:error] [pid 110794] [remote 45.148.10.180:43576] Not Found: /
[Tue Jul 28 18:48:30.482873 2020] [wsgi:error] [pid 110792] [remote 117.54.131.52:56436] Not Found: /
[Tue Jul 28 18:55:46.539835 2020] [wsgi:error] [pid 110792] [remote 128.14.134.170:36998] Not Found: /remote/login
[Tue Jul 28 18:59:51.011370 2020] [wsgi:error] [pid 110792] [remote 162.243.128.57:52504] Not Found: /owa/auth/logon.aspx
[Tue Jul 28 19:05:28.875955 2020] [wsgi:error] [pid 110794] [remote 176.126.175.10:52006] Not Found: /
[Tue Jul 28 19:17:42.463137 2020] [wsgi:error] [pid 110794] [remote 223.105.4.250:42872] Not Found: /index.php
[Tue Jul 28 19:51:26.729176 2020] [wsgi:error] [pid 110792] [remote 103.196.36.41:46090] Not Found: /
[Tue Jul 28 20:03:14.989216 2020] [wsgi:error] [pid 110792] [remote 212.247.216.66:40345] Not Found: /
[Tue Jul 28 20:03:15.301077 2020] [wsgi:error] [pid 110792] [remote 212.247.216.66:40345] Not Found: /
[Tue Jul 28 21:05:41.514304 2020] [wsgi:error] [pid 110794] [remote 115.144.69.4:52520] Not Found: /cityjson
[Tue Jul 28 21:10:38.709391 2020] [wsgi:error] [pid 110792] [remote 212.83.146.233:51727] Not Found: /
[Tue Jul 28 21:56:42.833968 2020] [wsgi:error] [pid 110794] [remote 80.82.70.187:42402] Not Found: /cache/global/img/gs.gif
[Tue Jul 28 22:21:46.339860 2020] [wsgi:error] [pid 110792] [remote 192.35.168.16:16364] Not Found: /
[Tue Jul 28 23:19:57.863424 2020] [wsgi:error] [pid 110792] [remote 185.39.11.105:46398] Not Found: /
Exception ignored in: <function Local.__del__ at 0x7f9286ffd700>
Traceback (most recent call last):
  File "/home/django/unqocn_venv/lib/python3.8/site-packages/asgiref/local.py", line 96, in __del__
NameError: name 'TypeError' is not defined
Exception ignored in: <function Local.__del__ at 0x7f9286ffd700>
Traceback (most recent call last):
  File "/home/django/unqocn_venv/lib/python3.8/site-packages/asgiref/local.py", line 96, in __del__
NameError: name 'TypeError' is not defined
Exception ignored in: <function Local.__del__ at 0x7f9286ffd700>
Traceback (most recent call last):
  File "/home/django/unqocn_venv/lib/python3.8/site-packages/asgiref/local.py", line 96, in __del__
NameError: name 'TypeError' is not defined
Exception ignored in: <function Local.__del__ at 0x7f9286ffd700>
Traceback (most recent call last):
  File "/home/django/unqocn_venv/lib/python3.8/site-packages/asgiref/local.py", line 96, in __del__
NameError: name 'TypeError' is not defined
Exception ignored in: <function Local.__del__ at 0x7f92858e7430>
Traceback (most recent call last):
  File "/home/django/unqocn_venv/lib/python3.8/site-packages/asgiref/local.py", line 96, in __del__
NameError: name 'TypeError' is not defined
Exception ignored in: <function Local.__del__ at 0x7f92858e7430>
Traceback (most recent call last):
  File "/home/django/unqocn_venv/lib/python3.8/site-packages/asgiref/local.py", line 96, in __del__
NameError: name 'TypeError' is not defined
Exception ignored in: <function Local.__del__ at 0x7f928455d790>
Traceback (most recent call last):
  File "/home/django/unqocn_venv/lib/python3.8/site-packages/asgiref/local.py", line 96, in __del__
NameError: name 'TypeError' is not defined
Exception ignored in: <function Local.__del__ at 0x7f928455d790>
Traceback (most recent call last):
  File "/home/django/unqocn_venv/lib/python3.8/site-packages/asgiref/local.py", line 96, in __del__
NameError: name 'TypeError' is not defined
[Wed Jul 29 00:17:21.879827 2020] [wsgi:error] [pid 133429] [remote 128.90.161.85:64580] Not Found: /
[Wed Jul 29 00:17:23.080487 2020] [wsgi:error] [pid 133429] [remote 128.90.161.85:64612] Not Found: /
[Wed Jul 29 00:17:23.385743 2020] [wsgi:error] [pid 133429] [remote 128.90.161.85:64612] Not Found: /
[Wed Jul 29 00:17:24.581500 2020] [wsgi:error] [pid 133429] [remote 128.90.161.85:64642] Not Found: /Autodiscover/Autodiscover.xml
[Wed Jul 29 00:17:24.882496 2020] [wsgi:error] [pid 133429] [remote 128.90.161.85:64642] Not Found: /Autodiscover/Autodiscover.xml
[Wed Jul 29 00:17:26.082118 2020] [wsgi:error] [pid 133429] [remote 128.90.161.85:64674] Not Found: /
[Wed Jul 29 00:17:27.286204 2020] [wsgi:error] [pid 133429] [remote 128.90.161.85:64711] Not Found: /jmx-console/
[Wed Jul 29 00:17:28.453385 2020] [wsgi:error] [pid 133429] [remote 128.90.161.85:64735] Not Found: /jmx-console/
[Wed Jul 29 00:17:29.625264 2020] [wsgi:error] [pid 133429] [remote 128.90.161.85:64768] Not Found: /
[Wed Jul 29 00:17:30.846557 2020] [wsgi:error] [pid 133429] [remote 128.90.161.85:64812] Not Found: /web-console/ServerInfo.jsp
[Wed Jul 29 00:17:32.066555 2020] [wsgi:error] [pid 133429] [remote 128.90.161.85:64833] Not Found: /web-console/ServerInfo.jsp
[Wed Jul 29 00:17:33.220413 2020] [wsgi:error] [pid 133429] [remote 128.90.161.85:64866] Not Found: /manager/html
[Wed Jul 29 00:17:34.409338 2020] [wsgi:error] [pid 133429] [remote 128.90.161.85:64896] Not Found: /
[Wed Jul 29 00:17:35.563339 2020] [wsgi:error] [pid 133429] [remote 128.90.161.85:64930] Not Found: /pma/
[Wed Jul 29 00:17:36.731639 2020] [wsgi:error] [pid 133429] [remote 128.90.161.85:64972] Not Found: /phpmyadmin/
[Wed Jul 29 00:17:37.920565 2020] [wsgi:error] [pid 133429] [remote 128.90.161.85:65012] Not Found: /phpMyAdmin/
[Wed Jul 29 00:17:38.803554 2020] [wsgi:error] [pid 133429] [remote 128.90.161.85:65041] Not Found: /
[Wed Jul 29 00:53:01.574532 2020] [wsgi:error] [pid 133429] [remote 129.152.43.76:26452] Not Found: /
[Wed Jul 29 00:58:52.750967 2020] [wsgi:error] [pid 133429] [remote 185.39.11.105:44752] Not Found: /
[Wed Jul 29 01:52:53.573179 2020] [wsgi:error] [pid 133429] [remote 185.39.11.105:45512] Not Found: /
[Wed Jul 29 02:07:22.477545 2020] [wsgi:error] [pid 133429] [remote 185.39.11.105:59028] Not Found: /
[Wed Jul 29 02:11:35.957678 2020] [wsgi:error] [pid 133431] [remote 89.248.174.166:34094] Not Found: /
[Wed Jul 29 02:34:34.230736 2020] [wsgi:error] [pid 133429] [remote 185.39.11.105:45364] Not Found: /
[Wed Jul 29 02:34:57.403906 2020] [wsgi:error] [pid 133429] [remote 94.159.38.174:38287] Not Found: /
[Wed Jul 29 02:59:56.134798 2020] [wsgi:error] [pid 133429] [remote 185.39.11.105:38860] Not Found: /
[Wed Jul 29 03:15:46.197348 2020] [wsgi:error] [pid 133429] [remote 129.145.2.238:42317] Not Found: /
[Wed Jul 29 03:50:30.110045 2020] [wsgi:error] [pid 133429] [remote 185.39.11.105:43748] Not Found: /
[Wed Jul 29 04:07:08.509651 2020] [wsgi:error] [pid 133429] [remote 223.71.167.163:12320] Not Found: /
[Wed Jul 29 04:51:50.605090 2020] [wsgi:error] [pid 133429] [remote 185.39.11.105:41586] Not Found: /
[Wed Jul 29 05:08:55.686343 2020] [wsgi:error] [pid 133429] [remote 185.39.11.105:40008] Not Found: /
[Wed Jul 29 05:21:52.309301 2020] [wsgi:error] [pid 133429] [remote 139.162.113.204:52654] Not Found: /
[Wed Jul 29 05:47:16.425373 2020] [wsgi:error] [pid 133429] [remote 185.39.11.105:47628] Not Found: /
[Wed Jul 29 05:56:45.352281 2020] [wsgi:error] [pid 133429] [remote 185.39.11.105:41510] Not Found: /
[Wed Jul 29 06:04:35.116639 2020] [wsgi:error] [pid 133429] [remote 185.39.11.105:57518] Not Found: /
[Wed Jul 29 06:12:51.088533 2020] [wsgi:error] [pid 133429] [remote 185.39.11.105:60582] Not Found: /
[Wed Jul 29 06:32:54.636005 2020] [wsgi:error] [pid 133429] [remote 128.14.134.134:45552] Not Found: /
[Wed Jul 29 06:42:32.444263 2020] [wsgi:error] [pid 133429] [remote 192.241.239.43:41720] Not Found: /login
[Wed Jul 29 06:43:55.158648 2020] [wsgi:error] [pid 133429] [remote 185.39.11.105:34574] Not Found: /
[Wed Jul 29 07:27:59.954733 2020] [wsgi:error] [pid 133429] [remote 185.39.11.105:52750] Not Found: /
[Wed Jul 29 07:38:57.626030 2020] [wsgi:error] [pid 133431] [remote 80.82.70.187:47688] Not Found: /cache/global/img/gs.gif
[Wed Jul 29 07:50:33.450544 2020] [wsgi:error] [pid 133429] [remote 185.39.11.105:44434] Not Found: /
[Wed Jul 29 07:58:32.605460 2020] [wsgi:error] [pid 133429] [remote 101.0.7.114:43682] Not Found: /
[Wed Jul 29 08:04:41.300068 2020] [wsgi:error] [pid 133429] [remote 185.39.11.105:38100] Not Found: /
[Wed Jul 29 08:21:39.276510 2020] [wsgi:error] [pid 133429] [remote 185.39.11.105:48394] Not Found: /
[Wed Jul 29 08:26:02.670440 2020] [wsgi:error] [pid 133429] [remote 52.220.106.145:41838] Not Found: /
[Wed Jul 29 09:24:59.877228 2020] [wsgi:error] [pid 133429] [remote 216.218.206.69:40040] Not Found: /
[Wed Jul 29 09:25:57.117901 2020] [wsgi:error] [pid 133429] [remote 130.162.69.143:58106] Not Found: /
[Wed Jul 29 10:09:46.648760 2020] [wsgi:error] [pid 133429] [remote 185.39.11.105:33206] Not Found: /
[Wed Jul 29 10:50:13.783829 2020] [wsgi:error] [pid 133429] [remote 185.39.11.105:37334] Not Found: /
[Wed Jul 29 11:42:21.986780 2020] [wsgi:error] [pid 133429] [remote 45.148.10.62:58358] Not Found: /
[Wed Jul 29 12:33:00.349117 2020] [wsgi:error] [pid 133429] [remote 129.150.96.203:50341] Not Found: /
[Wed Jul 29 12:50:46.853792 2020] [wsgi:error] [pid 133429] [remote 117.102.122.189:57422] Not Found: /
[Wed Jul 29 13:44:33.665893 2020] [wsgi:error] [pid 133429] [remote 92.118.161.33:50372] Not Found: /
[Wed Jul 29 13:46:13.559685 2020] [wsgi:error] [pid 133429] [remote 46.101.234.146:55460] Not Found: /
[Wed Jul 29 14:37:48.524271 2020] [wsgi:error] [pid 133429] [remote 193.118.53.210:59640] Not Found: /
[Wed Jul 29 15:57:07.164784 2020] [wsgi:error] [pid 133431] [remote 223.71.167.163:13345] Not Found: /
[Wed Jul 29 16:01:01.273260 2020] [wsgi:error] [pid 133429] [remote 41.139.244.66:50679] Not Found: /
[Wed Jul 29 17:24:08.058987 2020] [wsgi:error] [pid 133431] [remote 80.82.70.187:40931] Not Found: /cache/global/img/gs.gif
[Wed Jul 29 18:09:14.967430 2020] [wsgi:error] [pid 133431] [remote 196.52.43.115:32970] Not Found: /
[Wed Jul 29 19:52:31.900306 2020] [wsgi:error] [pid 133429] [remote 129.144.50.168:38198] Not Found: /
[Wed Jul 29 20:10:20.136911 2020] [wsgi:error] [pid 133429] [remote 101.99.74.6:52790] Not Found: /
[Wed Jul 29 20:33:42.907131 2020] [wsgi:error] [pid 133429] [remote 185.39.11.105:53856] Not Found: /
[Wed Jul 29 20:36:12.712136 2020] [wsgi:error] [pid 133429] [remote 185.39.11.105:40216] Not Found: /
[Wed Jul 29 21:21:41.667052 2020] [wsgi:error] [pid 133429] [remote 185.39.11.105:40100] Not Found: /
[Wed Jul 29 21:54:12.533094 2020] [wsgi:error] [pid 133429] [remote 141.144.115.107:24630] Not Found: /
[Wed Jul 29 22:22:59.860088 2020] [wsgi:error] [pid 133429] [remote 161.35.89.11:59972] Not Found: /
[Wed Jul 29 22:23:07.184683 2020] [wsgi:error] [pid 133431] [remote 161.35.89.11:49448] Not Found: /
[Wed Jul 29 22:37:36.100696 2020] [wsgi:error] [pid 133429] [remote 93.174.93.139:53040] Not Found: /
[Wed Jul 29 23:48:51.731224 2020] [wsgi:error] [pid 133429] [remote 185.39.11.105:48208] Not Found: /
Exception ignored in: <function BaseEventLoop.__del__ at 0x7f9286425670>
Traceback (most recent call last):
  File "/usr/lib/python3.8/asyncio/base_events.py", line 654, in __del__
NameError: name 'ResourceWarning' is not defined
Exception ignored in: <function Local.__del__ at 0x7f9286ffd700>
Traceback (most recent call last):
  File "/home/django/unqocn_venv/lib/python3.8/site-packages/asgiref/local.py", line 96, in __del__
NameError: name 'TypeError' is not defined
Exception ignored in: <function Local.__del__ at 0x7f9286ffd700>
Traceback (most recent call last):
  File "/home/django/unqocn_venv/lib/python3.8/site-packages/asgiref/local.py", line 96, in __del__
NameError: name 'TypeError' is not defined
Exception ignored in: <function Local.__del__ at 0x7f9286ffd700>
Traceback (most recent call last):
  File "/home/django/unqocn_venv/lib/python3.8/site-packages/asgiref/local.py", line 96, in __del__
NameError: name 'TypeError' is not defined
Exception ignored in: <function Local.__del__ at 0x7f9286ffd700>
Traceback (most recent call last):
  File "/home/django/unqocn_venv/lib/python3.8/site-packages/asgiref/local.py", line 96, in __del__
NameError: name 'TypeError' is not defined
Exception ignored in: <function Local.__del__ at 0x7f92858e73a0>
Traceback (most recent call last):
  File "/home/django/unqocn_venv/lib/python3.8/site-packages/asgiref/local.py", line 96, in __del__
NameError: name 'TypeError' is not defined
Exception ignored in: <function Local.__del__ at 0x7f92858e73a0>
Traceback (most recent call last):
  File "/home/django/unqocn_venv/lib/python3.8/site-packages/asgiref/local.py", line 96, in __del__
NameError: name 'TypeError' is not defined
[Thu Jul 30 00:04:43.675814 2020] [wsgi:error] [pid 155683] [remote 193.118.53.194:55088] Not Found: /
[Thu Jul 30 00:20:01.179973 2020] [wsgi:error] [pid 155683] [remote 185.39.11.105:38928] Not Found: /
[Thu Jul 30 02:13:20.447532 2020] [wsgi:error] [pid 155683] [remote 185.39.11.105:38124] Not Found: /
[Thu Jul 30 02:45:53.063505 2020] [wsgi:error] [pid 155683] [remote 185.39.11.105:35722] Not Found: /
[Thu Jul 30 03:03:27.717886 2020] [wsgi:error] [pid 155685] [remote 80.82.70.187:44761] Not Found: /cache/global/img/gs.gif
[Thu Jul 30 03:52:50.886010 2020] [wsgi:error] [pid 155683] [remote 185.39.11.105:49254] Not Found: /
[Thu Jul 30 03:57:14.085305 2020] [wsgi:error] [pid 155683] [remote 141.145.116.229:50628] Not Found: /
[Thu Jul 30 04:36:54.166677 2020] [wsgi:error] [pid 155683] [remote 185.39.11.105:41638] Not Found: /
[Thu Jul 30 06:31:06.476411 2020] [wsgi:error] [pid 155683] [remote 128.14.134.170:35840] Not Found: /solr/
[Thu Jul 30 08:06:49.996344 2020] [wsgi:error] [pid 155683] [remote 185.39.11.105:47638] Not Found: /
[Thu Jul 30 08:55:56.151992 2020] [wsgi:error] [pid 155683] [remote 27.123.0.133:33005] Not Found: /
[Thu Jul 30 09:12:42.998859 2020] [wsgi:error] [pid 155685] [remote 162.243.129.158:34592] Not Found: /
[Thu Jul 30 10:01:36.187925 2020] [wsgi:error] [pid 155683] [remote 203.148.85.54:45400] Not Found: /
[Thu Jul 30 10:25:08.507940 2020] [wsgi:error] [pid 155683] [remote 54.246.82.226:57893] Not Found: /
[Thu Jul 30 12:15:25.281741 2020] [wsgi:error] [pid 155683] [remote 176.31.53.147:40968] Not Found: /
[Thu Jul 30 12:51:28.990496 2020] [wsgi:error] [pid 155685] [remote 80.82.70.187:57917] Not Found: /cache/global/img/gs.gif
[Thu Jul 30 13:59:27.193894 2020] [wsgi:error] [pid 155683] [remote 216.218.206.69:11648] Not Found: /
[Thu Jul 30 14:19:57.387804 2020] [wsgi:error] [pid 155685] [remote 172.93.99.2:54772] Not Found: /
[Thu Jul 30 14:31:26.798440 2020] [wsgi:error] [pid 155683] [remote 212.200.234.118:47733] Not Found: /
[Thu Jul 30 15:08:37.720703 2020] [wsgi:error] [pid 155683] [remote 103.149.192.5:60921] Not Found: /
[Thu Jul 30 16:20:10.523645 2020] [wsgi:error] [pid 155685] [remote 176.126.175.10:51178] Not Found: /
[Thu Jul 30 17:11:15.064902 2020] [wsgi:error] [pid 155683] [remote 95.154.192.121:39640] Not Found: /
[Thu Jul 30 19:14:28.204293 2020] [wsgi:error] [pid 155685] [remote 83.97.20.34:18230] Not Found: /
[Thu Jul 30 19:42:12.098024 2020] [wsgi:error] [pid 155683] [remote 185.39.11.105:51808] Not Found: /
[Thu Jul 30 20:30:15.164594 2020] [wsgi:error] [pid 155683] [remote 185.39.11.105:35470] Not Found: /
[Thu Jul 30 21:25:00.746845 2020] [wsgi:error] [pid 155683] [remote 128.14.209.178:44832] Not Found: /
[Thu Jul 30 22:07:10.337303 2020] [wsgi:error] [pid 155683] [remote 200.27.167.66:61755] Not Found: /
[Thu Jul 30 22:18:36.396307 2020] [wsgi:error] [pid 155683] [remote 190.216.150.163:62530] Not Found: /
[Thu Jul 30 22:36:30.658966 2020] [wsgi:error] [pid 155685] [remote 80.82.70.187:51689] Not Found: /cache/global/img/gs.gif
[Thu Jul 30 23:38:02.284775 2020] [wsgi:error] [pid 155683] [remote 192.241.237.30:56584] Not Found: /
Exception ignored in: <function BaseEventLoop.__del__ at 0x7f9286425670>
Traceback (most recent call last):
  File "/usr/lib/python3.8/asyncio/base_events.py", line 654, in __del__
NameError: name 'ResourceWarning' is not defined
Exception ignored in: <function Local.__del__ at 0x7f9286ffd700>
Traceback (most recent call last):
  File "/home/django/unqocn_venv/lib/python3.8/site-packages/asgiref/local.py", line 96, in __del__
NameError: name 'TypeError' is not defined
Exception ignored in: <function Local.__del__ at 0x7f9286ffd700>
Traceback (most recent call last):
  File "/home/django/unqocn_venv/lib/python3.8/site-packages/asgiref/local.py", line 96, in __del__
NameError: name 'TypeError' is not defined
Exception ignored in: <function Local.__del__ at 0x7f9286ffd700>
Traceback (most recent call last):
  File "/home/django/unqocn_venv/lib/python3.8/site-packages/asgiref/local.py", line 96, in __del__
NameError: name 'TypeError' is not defined
Exception ignored in: <function Local.__del__ at 0x7f9286ffd700>
Traceback (most recent call last):
  File "/home/django/unqocn_venv/lib/python3.8/site-packages/asgiref/local.py", line 96, in __del__
NameError: name 'TypeError' is not defined
Exception ignored in: <function Local.__del__ at 0x7f92858e73a0>
Traceback (most recent call last):
  File "/home/django/unqocn_venv/lib/python3.8/site-packages/asgiref/local.py", line 96, in __del__
NameError: name 'TypeError' is not defined
Exception ignored in: <function Local.__del__ at 0x7f92858e73a0>
Traceback (most recent call last):
  File "/home/django/unqocn_venv/lib/python3.8/site-packages/asgiref/local.py", line 96, in __del__
NameError: name 'TypeError' is not defined
[Fri Jul 31 00:40:21.816450 2020] [wsgi:error] [pid 184761] [remote 132.145.108.16:35478] Not Found: /
[Fri Jul 31 01:10:02.294495 2020] [wsgi:error] [pid 184764] [remote 139.162.79.87:49194] Not Found: /
[Fri Jul 31 02:23:25.145847 2020] [wsgi:error] [pid 184761] [remote 185.39.11.105:38208] Not Found: /
[Fri Jul 31 03:19:06.786479 2020] [wsgi:error] [pid 184761] [remote 83.110.88.192:9674] Not Found: /
[Fri Jul 31 04:05:19.738657 2020] [wsgi:error] [pid 184761] [remote 185.39.11.105:47484] Not Found: /
[Fri Jul 31 05:44:10.696880 2020] [wsgi:error] [pid 184761] [remote 129.213.152.224:50866] Not Found: /
[Fri Jul 31 06:42:22.865840 2020] [wsgi:error] [pid 184761] [remote 129.144.8.77:12115] Not Found: /
[Fri Jul 31 06:56:48.288339 2020] [wsgi:error] [pid 184761] [remote 185.39.11.105:38622] Not Found: /
[Fri Jul 31 06:58:50.034605 2020] [wsgi:error] [pid 184761] [remote 219.129.166.181:42093] Not Found: /
[Fri Jul 31 07:28:19.464481 2020] [wsgi:error] [pid 184761] [remote 185.39.11.105:33074] Not Found: /
[Fri Jul 31 07:32:58.809339 2020] [wsgi:error] [pid 184761] [remote 185.39.11.105:47234] Not Found: /
[Fri Jul 31 07:54:58.728983 2020] [wsgi:error] [pid 184761] [remote 185.39.11.105:41970] Not Found: /
[Fri Jul 31 08:19:09.640032 2020] [wsgi:error] [pid 184764] [remote 80.82.70.187:41437] Not Found: /cache/global/img/gs.gif
[Fri Jul 31 09:31:59.300533 2020] [wsgi:error] [pid 184761] [remote 185.39.11.105:57396] Not Found: /
[Fri Jul 31 10:22:10.218792 2020] [wsgi:error] [pid 184761] [remote 103.149.192.34:58967] Not Found: /
[Fri Jul 31 10:59:46.686169 2020] [wsgi:error] [pid 184764] [remote 185.39.11.105:40334] Not Found: /
[Fri Jul 31 11:23:40.814610 2020] [wsgi:error] [pid 184761] [remote 77.76.205.132:47958] Not Found: /
[Fri Jul 31 13:20:47.597828 2020] [wsgi:error] [pid 184761] [remote 184.105.247.194:37972] Not Found: /
[Fri Jul 31 14:04:15.301445 2020] [wsgi:error] [pid 184761] [remote 192.35.168.195:45836] Not Found: /
[Fri Jul 31 14:04:16.111602 2020] [wsgi:error] [pid 184761] [remote 192.35.168.195:40990] Not Found: /
Exception ignored in: <function BaseEventLoop.__del__ at 0x7f9286425670>
Traceback (most recent call last):
  File "/usr/lib/python3.8/asyncio/base_events.py", line 654, in __del__
NameError: name 'ResourceWarning' is not defined
Exception ignored in: <function Local.__del__ at 0x7f9286ffd700>
Traceback (most recent call last):
  File "/home/django/unqocn_venv/lib/python3.8/site-packages/asgiref/local.py", line 96, in __del__
NameError: name 'TypeError' is not defined
Exception ignored in: <function Local.__del__ at 0x7f9286ffd700>
Traceback (most recent call last):
  File "/home/django/unqocn_venv/lib/python3.8/site-packages/asgiref/local.py", line 96, in __del__
NameError: name 'TypeError' is not defined
Exception ignored in: <function Local.__del__ at 0x7f9286ffd700>
Traceback (most recent call last):
  File "/home/django/unqocn_venv/lib/python3.8/site-packages/asgiref/local.py", line 96, in __del__
NameError: name 'TypeError' is not defined
Exception ignored in: <function Local.__del__ at 0x7f9286ffd700>
Traceback (most recent call last):
  File "/home/django/unqocn_venv/lib/python3.8/site-packages/asgiref/local.py", line 96, in __del__
NameError: name 'TypeError' is not defined
Exception ignored in: <function Local.__del__ at 0x7f92858e73a0>
Traceback (most recent call last):
  File "/home/django/unqocn_venv/lib/python3.8/site-packages/asgiref/local.py", line 96, in __del__
NameError: name 'TypeError' is not defined
Exception ignored in: <function Local.__del__ at 0x7f92858e73a0>
Traceback (most recent call last):
  File "/home/django/unqocn_venv/lib/python3.8/site-packages/asgiref/local.py", line 96, in __del__
NameError: name 'TypeError' is not defined
Exception ignored in: <function Local.__del__ at 0x7f50ce720700>
Traceback (most recent call last):
  File "/home/django/unqocn_venv/lib/python3.8/site-packages/asgiref/local.py", line 96, in __del__
NameError: name 'TypeError' is not defined
Exception ignored in: <function Local.__del__ at 0x7f50ce720700>
Traceback (most recent call last):
  File "/home/django/unqocn_venv/lib/python3.8/site-packages/asgiref/local.py", line 96, in __del__
NameError: name 'TypeError' is not defined
[Fri Jul 31 15:24:08.325305 2020] [wsgi:error] [pid 199724] [remote 176.126.175.10:39648] Not Found: /
[Fri Jul 31 16:07:21.242427 2020] [wsgi:error] [pid 199722] [remote 182.162.21.41:40117] Not Found: /
[Fri Jul 31 16:50:35.755004 2020] [wsgi:error] [pid 199724] [remote 196.52.43.101:55939] Not Found: /
[Fri Jul 31 17:21:30.281289 2020] [wsgi:error] [pid 199724] [remote 161.97.81.64:57618] Not Found: /
[Fri Jul 31 18:00:38.736946 2020] [wsgi:error] [pid 199724] [remote 80.82.70.187:59627] Not Found: /cache/global/img/gs.gif
[Fri Jul 31 19:00:00.023155 2020] [wsgi:error] [pid 199722] [remote 144.21.64.72:35517] Not Found: /
[Fri Jul 31 19:54:48.986548 2020] [wsgi:error] [pid 199722] [remote 128.14.209.250:50400] Not Found: /
[Fri Jul 31 20:12:23.009534 2020] [wsgi:error] [pid 199722] [remote 194.15.36.255:51298] Not Found: /GponForm/diag_Form
[Fri Jul 31 20:16:26.980290 2020] [wsgi:error] [pid 199724] [remote 183.136.225.44:62648] Not Found: /
[Fri Jul 31 20:39:20.790456 2020] [wsgi:error] [pid 199722] [remote 194.15.36.255:42488] Not Found: /GponForm/diag_Form
[Fri Jul 31 21:02:20.765143 2020] [wsgi:error] [pid 199722] [remote 194.15.36.255:52990] Not Found: /GponForm/diag_Form
[Fri Jul 31 21:39:10.956382 2020] [wsgi:error] [pid 199722] [remote 194.15.36.255:53114] Not Found: /GponForm/diag_Form
[Fri Jul 31 22:36:08.718705 2020] [wsgi:error] [pid 199722] [remote 194.15.36.255:42924] Not Found: /GponForm/diag_Form
[Fri Jul 31 22:56:57.277673 2020] [wsgi:error] [pid 199722] [remote 194.15.36.255:56026] Not Found: /GponForm/diag_Form
Exception ignored in: <function BaseEventLoop.__del__ at 0x7f777fad1670>
Traceback (most recent call last):
  File "/usr/lib/python3.8/asyncio/base_events.py", line 654, in __del__
NameError: name 'ResourceWarning' is not defined
Exception ignored in: <function Local.__del__ at 0x7f7784708700>
Traceback (most recent call last):
  File "/home/django/unqocn_venv/lib/python3.8/site-packages/asgiref/local.py", line 96, in __del__
NameError: name 'TypeError' is not defined
Exception ignored in: <function Local.__del__ at 0x7f7784708700>
Traceback (most recent call last):
  File "/home/django/unqocn_venv/lib/python3.8/site-packages/asgiref/local.py", line 96, in __del__
NameError: name 'TypeError' is not defined
Exception ignored in: <function Local.__del__ at 0x7f7784708700>
Traceback (most recent call last):
  File "/home/django/unqocn_venv/lib/python3.8/site-packages/asgiref/local.py", line 96, in __del__
NameError: name 'TypeError' is not defined
Exception ignored in: <function Local.__del__ at 0x7f7784708700>
Traceback (most recent call last):
  File "/home/django/unqocn_venv/lib/python3.8/site-packages/asgiref/local.py", line 96, in __del__
NameError: name 'TypeError' is not defined
Exception ignored in: <function Local.__del__ at 0x7f777eff9430>
Traceback (most recent call last):
  File "/home/django/unqocn_venv/lib/python3.8/site-packages/asgiref/local.py", line 96, in __del__
NameError: name 'TypeError' is not defined
Exception ignored in: <function Local.__del__ at 0x7f777eff9430>
Traceback (most recent call last):
  File "/home/django/unqocn_venv/lib/python3.8/site-packages/asgiref/local.py", line 96, in __del__
NameError: name 'TypeError' is not defined
[Sat Aug 01 01:14:07.233258 2020] [wsgi:error] [pid 210270] [remote 160.34.9.48:42789] Not Found: /
[Sat Aug 01 01:31:18.828997 2020] [wsgi:error] [pid 210272] [remote 128.14.209.154:55066] Not Found: /
[Sat Aug 01 03:42:04.702946 2020] [wsgi:error] [pid 210272] [remote 80.82.70.187:44842] Not Found: /cache/global/img/gs.gif
[Sat Aug 01 03:47:53.170303 2020] [wsgi:error] [pid 210272] [remote 185.39.11.105:34280] Not Found: /
[Sat Aug 01 04:12:33.218207 2020] [wsgi:error] [pid 210270] [remote 144.21.95.231:48063] Not Found: /
